*** Using Compiler 'V5.06 update 7 (build 960)', folder: 'D:\Program Files\Keil5\ARM\ARMCC\Bin'
Rebuild target 'CubeMX'
assembling startup_stm32f407xx.s...
compiling stm32f4xx_hal_i2c_ex.c...
compiling gpio.c...
compiling stm32f4xx_it.c...
compiling main.c...
compiling stm32f4xx_hal_msp.c...
compiling stm32f4xx_hal_rcc.c...
compiling stm32f4xx_hal_rcc_ex.c...
compiling i2c.c...
compiling usart.c...
compiling tim.c...
compiling stm32f4xx_hal_i2c.c...
compiling stm32f4xx_hal_dma.c...
compiling stm32f4xx_hal_dma_ex.c...
compiling stm32f4xx_hal_flash_ramfunc.c...
compiling stm32f4xx_hal.c...
compiling stm32f4xx_hal_pwr.c...
compiling stm32f4xx_hal_cortex.c...
compiling stm32f4xx_hal_pwr_ex.c...
compiling stm32f4xx_hal_gpio.c...
compiling stm32f4xx_hal_exti.c...
compiling stm32f4xx_hal_flash_ex.c...
compiling stm32f4xx_hal_flash.c...
compiling system_stm32f4xx.c...
compiling CurrentSense.c...
compiling BLDCMotor.c...
compiling timer.c...
compiling FOCMotor.c...
compiling delay.c...
compiling foc_utils.c...
compiling stm32f4xx_hal_tim_ex.c...
compiling stm32f4xx_hal_uart.c...
compiling stm32f4xx_hal_tim.c...
linking...
Program Size: Code=15812 RO-data=1312 RW-data=92 ZI-data=1820  
FromELF: creating hex file...
"CubeMX\CubeMX.axf" - 0 Error(s), 0 Warning(s).
Build Time Elapsed:  00:00:16
