Component: ARM Compiler 5.06 update 7 (build 960) Tool: armlink [4d3601]

==============================================================================

Section Cross References

    startup_stm32f407xx.o(RESET) refers to startup_stm32f407xx.o(STACK) for __initial_sp
    startup_stm32f407xx.o(RESET) refers to startup_stm32f407xx.o(.text) for Reset_Handler
    startup_stm32f407xx.o(RESET) refers to stm32f4xx_it.o(i.NMI_Handler) for NMI_Handler
    startup_stm32f407xx.o(RESET) refers to stm32f4xx_it.o(i.HardFault_Handler) for HardFault_Handler
    startup_stm32f407xx.o(RESET) refers to stm32f4xx_it.o(i.MemManage_Handler) for MemManage_Handler
    startup_stm32f407xx.o(RESET) refers to stm32f4xx_it.o(i.BusFault_Handler) for BusFault_Handler
    startup_stm32f407xx.o(RESET) refers to stm32f4xx_it.o(i.UsageFault_Handler) for UsageFault_Handler
    startup_stm32f407xx.o(RESET) refers to stm32f4xx_it.o(i.SVC_Handler) for SVC_Handler
    startup_stm32f407xx.o(RESET) refers to stm32f4xx_it.o(i.DebugMon_Handler) for DebugMon_Handler
    startup_stm32f407xx.o(RESET) refers to stm32f4xx_it.o(i.PendSV_Handler) for PendSV_Handler
    startup_stm32f407xx.o(RESET) refers to stm32f4xx_it.o(i.SysTick_Handler) for SysTick_Handler
    startup_stm32f407xx.o(RESET) refers to stm32f4xx_it.o(i.USART2_IRQHandler) for USART2_IRQHandler
    startup_stm32f407xx.o(RESET) refers to stm32f4xx_it.o(i.TIM6_DAC_IRQHandler) for TIM6_DAC_IRQHandler
    startup_stm32f407xx.o(.text) refers to system_stm32f4xx.o(i.SystemInit) for SystemInit
    startup_stm32f407xx.o(.text) refers to entry.o(.ARM.Collect$$$$00000000) for __main
    main.o(i.SystemClock_Config) refers to memseta.o(.text) for __aeabi_memclr4
    main.o(i.SystemClock_Config) refers to stm32f4xx_hal_rcc.o(i.HAL_RCC_OscConfig) for HAL_RCC_OscConfig
    main.o(i.SystemClock_Config) refers to stm32f4xx_hal_rcc.o(i.HAL_RCC_ClockConfig) for HAL_RCC_ClockConfig
    main.o(i.commander_run) refers to f2d.o(.text) for __aeabi_f2d
    main.o(i.commander_run) refers to printfa.o(i.__0printf) for __2printf
    main.o(i.commander_run) refers to atof.o(i.__hardfp_atof) for __hardfp_atof
    main.o(i.commander_run) refers to d2f.o(.text) for __aeabi_d2f
    main.o(i.commander_run) refers to usart.o(.data) for USART_RX_STA
    main.o(i.commander_run) refers to usart.o(.bss) for USART_RX_BUF
    main.o(i.commander_run) refers to main.o(.data) for .data
    main.o(i.commander_run) refers to bldcmotor.o(.data) for voltage_limit
    main.o(i.commander_run) refers to main.o(.conststring) for .conststring
    main.o(i.main) refers to stm32f4xx_hal.o(i.HAL_Init) for HAL_Init
    main.o(i.main) refers to main.o(i.SystemClock_Config) for SystemClock_Config
    main.o(i.main) refers to gpio.o(i.MX_GPIO_Init) for MX_GPIO_Init
    main.o(i.main) refers to usart.o(i.MX_USART2_UART_Init) for MX_USART2_UART_Init
    main.o(i.main) refers to i2c.o(i.MX_I2C2_Init) for MX_I2C2_Init
    main.o(i.main) refers to i2c.o(i.MX_I2C1_Init) for MX_I2C1_Init
    main.o(i.main) refers to i2c.o(i.MX_I2C3_Init) for MX_I2C3_Init
    main.o(i.main) refers to tim.o(i.MX_TIM3_Init) for MX_TIM3_Init
    main.o(i.main) refers to tim.o(i.MX_TIM4_Init) for MX_TIM4_Init
    main.o(i.main) refers to tim.o(i.MX_TIM1_Init) for MX_TIM1_Init
    main.o(i.main) refers to stm32f4xx_hal_rcc.o(i.HAL_RCC_GetHCLKFreq) for HAL_RCC_GetHCLKFreq
    main.o(i.main) refers to printfa.o(i.__0printf) for __2printf
    main.o(i.main) refers to stm32f4xx_hal_rcc.o(i.HAL_RCC_GetPCLK1Freq) for HAL_RCC_GetPCLK1Freq
    main.o(i.main) refers to stm32f4xx_hal_rcc.o(i.HAL_RCC_GetPCLK2Freq) for HAL_RCC_GetPCLK2Freq
    main.o(i.main) refers to timer.o(i.TIM6_1ms_Init) for TIM6_1ms_Init
    main.o(i.main) refers to delay.o(i.delay_ms) for delay_ms
    main.o(i.main) refers to stm32f4xx_hal_gpio.o(i.HAL_GPIO_WritePin) for HAL_GPIO_WritePin
    main.o(i.main) refers to delay.o(i.systick_CountMode) for systick_CountMode
    main.o(i.main) refers to stm32f4xx_hal_tim.o(i.HAL_TIM_PWM_Start) for HAL_TIM_PWM_Start
    main.o(i.main) refers to stm32f4xx_hal_gpio.o(i.HAL_GPIO_TogglePin) for HAL_GPIO_TogglePin
    main.o(i.main) refers to f2d.o(.text) for __aeabi_f2d
    main.o(i.main) refers to bldcmotor.o(i.move) for move
    main.o(i.main) refers to main.o(i.commander_run) for commander_run
    main.o(i.main) refers to bldcmotor.o(.data) for voltage_power_supply
    main.o(i.main) refers to focmotor.o(.data) for controller
    main.o(i.main) refers to main.o(.data) for .data
    main.o(i.main) refers to tim.o(.bss) for htim3
    main.o(i.main) refers to stm32f4xx_it.o(.data) for time1_cntr
    main.o(i.main) refers to focmotor.o(.bss) for shaft_angle
    main.o(i.main) refers to main.o(.conststring) for .conststring
    gpio.o(i.MX_GPIO_Init) refers to memseta.o(.text) for __aeabi_memclr4
    gpio.o(i.MX_GPIO_Init) refers to stm32f4xx_hal_gpio.o(i.HAL_GPIO_WritePin) for HAL_GPIO_WritePin
[...]
    Removing stm32f4xx_hal_uart.o(i.HAL_UART_AbortTransmit), (98 bytes).
    Removing stm32f4xx_hal_uart.o(i.HAL_UART_AbortTransmitCpltCallback), (2 bytes).
    Removing stm32f4xx_hal_uart.o(i.HAL_UART_AbortTransmit_IT), (104 bytes).
    Removing stm32f4xx_hal_uart.o(i.HAL_UART_Abort_IT), (244 bytes).
    Removing stm32f4xx_hal_uart.o(i.HAL_UART_DMAPause), (120 bytes).
    Removing stm32f4xx_hal_uart.o(i.HAL_UART_DMAResume), (114 bytes).
    Removing stm32f4xx_hal_uart.o(i.HAL_UART_DMAStop), (112 bytes).
    Removing stm32f4xx_hal_uart.o(i.HAL_UART_DeInit), (54 bytes).
    Removing stm32f4xx_hal_uart.o(i.HAL_UART_GetError), (4 bytes).
    Removing stm32f4xx_hal_uart.o(i.HAL_UART_GetState), (10 bytes).
    Removing stm32f4xx_hal_uart.o(i.HAL_UART_MspDeInit), (2 bytes).
    Removing stm32f4xx_hal_uart.o(i.HAL_UART_MspInit), (2 bytes).
    Removing stm32f4xx_hal_uart.o(i.HAL_UART_Receive), (176 bytes).
    Removing stm32f4xx_hal_uart.o(i.HAL_UART_Receive_DMA), (28 bytes).
    Removing stm32f4xx_hal_uart.o(i.HAL_UART_Receive_IT), (28 bytes).
    Removing stm32f4xx_hal_uart.o(i.HAL_UART_RxHalfCpltCallback), (2 bytes).
    Removing stm32f4xx_hal_uart.o(i.HAL_UART_Transmit), (160 bytes).
    Removing stm32f4xx_hal_uart.o(i.HAL_UART_Transmit_DMA), (132 bytes).
    Removing stm32f4xx_hal_uart.o(i.HAL_UART_Transmit_IT), (50 bytes).
    Removing stm32f4xx_hal_uart.o(i.HAL_UART_TxHalfCpltCallback), (2 bytes).
    Removing stm32f4xx_hal_uart.o(i.UART_DMAError), (74 bytes).
    Removing stm32f4xx_hal_uart.o(i.UART_DMAReceiveCplt), (134 bytes).
    Removing stm32f4xx_hal_uart.o(i.UART_DMARxAbortCallback), (44 bytes).
    Removing stm32f4xx_hal_uart.o(i.UART_DMARxHalfCplt), (30 bytes).
    Removing stm32f4xx_hal_uart.o(i.UART_DMARxOnlyAbortCallback), (22 bytes).
    Removing stm32f4xx_hal_uart.o(i.UART_DMATransmitCplt), (66 bytes).
    Removing stm32f4xx_hal_uart.o(i.UART_DMATxAbortCallback), (44 bytes).
    Removing stm32f4xx_hal_uart.o(i.UART_DMATxHalfCplt), (10 bytes).
    Removing stm32f4xx_hal_uart.o(i.UART_DMATxOnlyAbortCallback), (20 bytes).
    Removing stm32f4xx_hal_uart.o(i.UART_EndTxTransfer), (28 bytes).
    Removing stm32f4xx_hal_uart.o(i.UART_Start_Receive_DMA), (160 bytes).
    Removing stm32f4xx_hal_uart.o(i.UART_Start_Receive_IT), (54 bytes).
    Removing stm32f4xx_hal_uart.o(i.UART_WaitOnFlagUntilTimeout), (114 bytes).
    Removing system_stm32f4xx.o(.rev16_text), (4 bytes).
    Removing system_stm32f4xx.o(.revsh_text), (4 bytes).
    Removing system_stm32f4xx.o(.rrx_text), (6 bytes).
    Removing system_stm32f4xx.o(i.SystemCoreClockUpdate), (124 bytes).
    Removing foc_utils.o(.rev16_text), (4 bytes).
    Removing foc_utils.o(.revsh_text), (4 bytes).
    Removing foc_utils.o(.rrx_text), (6 bytes).
    Removing foc_utils.o(i._cos), (44 bytes).
    Removing focmotor.o(.rev16_text), (4 bytes).
    Removing focmotor.o(.revsh_text), (4 bytes).
    Removing focmotor.o(.rrx_text), (6 bytes).
    Removing focmotor.o(i.electricalAngle), (56 bytes).
    Removing focmotor.o(.bss), (12 bytes).
    Removing focmotor.o(.bss), (12 bytes).
    Removing focmotor.o(.data), (8 bytes).
    Removing focmotor.o(.data), (4 bytes).
    Removing focmotor.o(.data), (8 bytes).
    Removing focmotor.o(.data), (1 bytes).
    Removing bldcmotor.o(.rev16_text), (4 bytes).
    Removing bldcmotor.o(.revsh_text), (4 bytes).
    Removing bldcmotor.o(.rrx_text), (6 bytes).
    Removing currentsense.o(.rev16_text), (4 bytes).
    Removing currentsense.o(.revsh_text), (4 bytes).
    Removing currentsense.o(.rrx_text), (6 bytes).
    Removing currentsense.o(i.getDCCurrent), (128 bytes).
    Removing currentsense.o(i.getFOCCurrents), (96 bytes).
    Removing currentsense.o(i.getPhaseCurrents), (16 bytes).
    Removing timer.o(.rev16_text), (4 bytes).
    Removing timer.o(.revsh_text), (4 bytes).
    Removing timer.o(.rrx_text), (6 bytes).
    Removing delay.o(.rev16_text), (4 bytes).
    Removing delay.o(.revsh_text), (4 bytes).
    Removing delay.o(.rrx_text), (6 bytes).
    Removing delay.o(i.delay_us), (38 bytes).

524 unused section(s) (total 44701 bytes) removed from the image.

==============================================================================

Image Symbol Table

    Local Symbols

    Symbol Name                              Value     Ov Type        Size  Object(Section)

    ../Core/Src/gpio.c                       0x00000000   Number         0  gpio.o ABSOLUTE
    ../Core/Src/i2c.c                        0x00000000   Number         0  i2c.o ABSOLUTE
    ../Core/Src/main.c                       0x00000000   Number         0  main.o ABSOLUTE
    ../Core/Src/stm32f4xx_hal_msp.c          0x00000000   Number         0  stm32f4xx_hal_msp.o ABSOLUTE
    ../Core/Src/stm32f4xx_it.c               0x00000000   Number         0  stm32f4xx_it.o ABSOLUTE
    ../Core/Src/system_stm32f4xx.c           0x00000000   Number         0  system_stm32f4xx.o ABSOLUTE
    ../Core/Src/tim.c                        0x00000000   Number         0  tim.o ABSOLUTE
    ../Core/Src/usart.c                      0x00000000   Number         0  usart.o ABSOLUTE
    ../Drivers/STM32F4xx_HAL_Driver/Src/stm32f4xx_hal.c 0x00000000   Number         0  stm32f4xx_hal.o ABSOLUTE
    ../Drivers/STM32F4xx_HAL_Driver/Src/stm32f4xx_hal_cortex.c 0x00000000   Number         0  stm32f4xx_hal_cortex.o ABSOLUTE
    ../Drivers/STM32F4xx_HAL_Driver/Src/stm32f4xx_hal_dma.c 0x00000000   Number         0  stm32f4xx_hal_dma.o ABSOLUTE
    ../Drivers/STM32F4xx_HAL_Driver/Src/stm32f4xx_hal_dma_ex.c 0x00000000   Number         0  stm32f4xx_hal_dma_ex.o ABSOLUTE
    ../Drivers/STM32F4xx_HAL_Driver/Src/stm32f4xx_hal_exti.c 0x00000000   Number         0  stm32f4xx_hal_exti.o ABSOLUTE
    ../Drivers/STM32F4xx_HAL_Driver/Src/stm32f4xx_hal_flash.c 0x00000000   Number         0  stm32f4xx_hal_flash.o ABSOLUTE
    ../Drivers/STM32F4xx_HAL_Driver/Src/stm32f4xx_hal_flash_ex.c 0x00000000   Number         0  stm32f4xx_hal_flash_ex.o ABSOLUTE
    ../Drivers/STM32F4xx_HAL_Driver/Src/stm32f4xx_hal_flash_ramfunc.c 0x00000000   Number         0  stm32f4xx_hal_flash_ramfunc.o ABSOLUTE
    ../Drivers/STM32F4xx_HAL_Driver/Src/stm32f4xx_hal_gpio.c 0x00000000   Number         0  stm32f4xx_hal_gpio.o ABSOLUTE
    ../Drivers/STM32F4xx_HAL_Driver/Src/stm32f4xx_hal_i2c.c 0x00000000   Number         0  stm32f4xx_hal_i2c.o ABSOLUTE
    ../Drivers/STM32F4xx_HAL_Driver/Src/stm32f4xx_hal_i2c_ex.c 0x00000000   Number         0  stm32f4xx_hal_i2c_ex.o ABSOLUTE
    ../Drivers/STM32F4xx_HAL_Driver/Src/stm32f4xx_hal_pwr.c 0x00000000   Number         0  stm32f4xx_hal_pwr.o ABSOLUTE
    ../Drivers/STM32F4xx_HAL_Driver/Src/stm32f4xx_hal_pwr_ex.c 0x00000000   Number         0  stm32f4xx_hal_pwr_ex.o ABSOLUTE
    ../Drivers/STM32F4xx_HAL_Driver/Src/stm32f4xx_hal_rcc.c 0x00000000   Number         0  stm32f4xx_hal_rcc.o ABSOLUTE
    ../Drivers/STM32F4xx_HAL_Driver/Src/stm32f4xx_hal_rcc_ex.c 0x00000000   Number         0  stm32f4xx_hal_rcc_ex.o ABSOLUTE
    ../Drivers/STM32F4xx_HAL_Driver/Src/stm32f4xx_hal_tim.c 0x00000000   Number         0  stm32f4xx_hal_tim.o ABSOLUTE
    ../Drivers/STM32F4xx_HAL_Driver/Src/stm32f4xx_hal_tim_ex.c 0x00000000   Number         0  stm32f4xx_hal_tim_ex.o ABSOLUTE
    ../Drivers/STM32F4xx_HAL_Driver/Src/stm32f4xx_hal_uart.c 0x00000000   Number         0  stm32f4xx_hal_uart.o ABSOLUTE
    ../Hardware/delay.c                      0x00000000   Number         0  delay.o ABSOLUTE
    ../Hardware/timer.c                      0x00000000   Number         0  timer.o ABSOLUTE
    ../SimpleFOC/BLDCMotor.c                 0x00000000   Number         0  bldcmotor.o ABSOLUTE
    ../SimpleFOC/CurrentSense.c              0x00000000   Number         0  currentsense.o ABSOLUTE
    ../SimpleFOC/FOCMotor.c                  0x00000000   Number         0  focmotor.o ABSOLUTE
    ../SimpleFOC/foc_utils.c                 0x00000000   Number         0  foc_utils.o ABSOLUTE
    ../clib/microlib/ctype/ctype.c           0x00000000   Number         0  ctype_c.o ABSOLUTE
    ../clib/microlib/ctype/ctype.c           0x00000000   Number         0  isspace_c.o ABSOLUTE
    ../clib/microlib/division.c              0x00000000   Number         0  uidiv.o ABSOLUTE
    ../clib/microlib/division.c              0x00000000   Number         0  uldiv.o ABSOLUTE
    ../clib/microlib/errno.c                 0x00000000   Number         0  errno.o ABSOLUTE
    ../clib/microlib/init/entry.s            0x00000000   Number         0  entry10b.o ABSOLUTE
    ../clib/microlib/init/entry.s            0x00000000   Number         0  entry10a.o ABSOLUTE
    ../clib/microlib/init/entry.s            0x00000000   Number         0  entry9b.o ABSOLUTE
    ../clib/microlib/init/entry.s            0x00000000   Number         0  entry9a.o ABSOLUTE
    ../clib/microlib/init/entry.s            0x00000000   Number         0  entry8b.o ABSOLUTE
    ../clib/microlib/init/entry.s            0x00000000   Number         0  entry8a.o ABSOLUTE
    ../clib/microlib/init/entry.s            0x00000000   Number         0  entry7b.o ABSOLUTE
    ../clib/microlib/init/entry.s            0x00000000   Number         0  entry7a.o ABSOLUTE
    ../clib/microlib/init/entry.s            0x00000000   Number         0  entry5.o ABSOLUTE
    ../clib/microlib/init/entry.s            0x00000000   Number         0  entry2.o ABSOLUTE
    ../clib/microlib/init/entry.s            0x00000000   Number         0  entry.o ABSOLUTE
    ../clib/microlib/init/entry.s            0x00000000   Number         0  entry12b.o ABSOLUTE
    ../clib/microlib/init/entry.s            0x00000000   Number         0  entry12a.o ABSOLUTE
    ../clib/microlib/init/entry.s            0x00000000   Number         0  entry11b.o ABSOLUTE
    ../clib/microlib/init/entry.s            0x00000000   Number         0  entry11a.o ABSOLUTE
    ../clib/microlib/longlong.c              0x00000000   Number         0  llsshr.o ABSOLUTE
    ../clib/microlib/longlong.c              0x00000000   Number         0  llshl.o ABSOLUTE
    ../clib/microlib/longlong.c              0x00000000   Number         0  llushr.o ABSOLUTE
    ../clib/microlib/printf/printf.c         0x00000000   Number         0  printf2.o ABSOLUTE
    ../clib/microlib/printf/printf.c         0x00000000   Number         0  printf0.o ABSOLUTE
    ../clib/microlib/printf/printf.c         0x00000000   Number         0  printf1.o ABSOLUTE
    ../clib/microlib/printf/printf.c         0x00000000   Number         0  printf4.o ABSOLUTE
    ../clib/microlib/printf/printf.c         0x00000000   Number         0  printfa.o ABSOLUTE
    ../clib/microlib/printf/printf.c         0x00000000   Number         0  printf3.o ABSOLUTE
    ../clib/microlib/printf/printf.c         0x00000000   Number         0  printfb.o ABSOLUTE
    ../clib/microlib/printf/printf.c         0x00000000   Number         0  printf8.o ABSOLUTE
    ../clib/microlib/printf/printf.c         0x00000000   Number         0  printf5.o ABSOLUTE
    ../clib/microlib/printf/printf.c         0x00000000   Number         0  printf6.o ABSOLUTE
    ../clib/microlib/printf/printf.c         0x00000000   Number         0  printf7.o ABSOLUTE
    ../clib/microlib/printf/stubs.s          0x00000000   Number         0  stubs.o ABSOLUTE
    ../clib/microlib/stdio/streams.c         0x00000000   Number         0  stdout.o ABSOLUTE
    ../clib/microlib/string/memset.c         0x00000000   Number         0  memseta.o ABSOLUTE
    ../clib/microlib/stubs.s                 0x00000000   Number         0  iusefp.o ABSOLUTE
    ../clib/scanf.c                          0x00000000   Number         0  _sgetc.o ABSOLUTE
    ../clib/scanf.c                          0x00000000   Number         0  scanf_fp.o ABSOLUTE
    ../clib/scanf.c                          0x00000000   Number         0  strtod.o ABSOLUTE
    ../fplib/microlib/d2f.c                  0x00000000   Number         0  d2f.o ABSOLUTE
    ../fplib/microlib/f2d.c                  0x00000000   Number         0  f2d.o ABSOLUTE
    ../fplib/microlib/fpadd.c                0x00000000   Number         0  dadd.o ABSOLUTE
    ../fplib/microlib/fpdiv.c                0x00000000   Number         0  ddiv.o ABSOLUTE
    ../fplib/microlib/fpepilogue.c           0x00000000   Number         0  fepilogue.o ABSOLUTE
    ../fplib/microlib/fpepilogue.c           0x00000000   Number         0  depilogue.o ABSOLUTE
    ../fplib/microlib/fpfix.c                0x00000000   Number         0  dfixul.o ABSOLUTE
    ../fplib/microlib/fpflt.c                0x00000000   Number         0  dfltul.o ABSOLUTE
    ../fplib/microlib/fpmul.c                0x00000000   Number         0  dmul.o ABSOLUTE
    ../fplib/microlib/fprem.c                0x00000000   Number         0  frem.o ABSOLUTE
    ../mathlib/atan2f.c                      0x00000000   Number         0  atan2f_x.o ABSOLUTE
    ../mathlib/atan2f.c                      0x00000000   Number         0  atan2f.o ABSOLUTE
    ../mathlib/atof.c                        0x00000000   Number         0  atof.o ABSOLUTE
    ../mathlib/fmodf.c                       0x00000000   Number         0  fmodf_x.o ABSOLUTE
    ../mathlib/fmodf.c                       0x00000000   Number         0  fmodf.o ABSOLUTE
    ../mathlib/fpclassifyf.c                 0x00000000   Number         0  fpclassifyf.o ABSOLUTE
    ../mathlib/funder.c                      0x00000000   Number         0  funder.o ABSOLUTE
    ..\Core\Src\gpio.c                       0x00000000   Number         0  gpio.o ABSOLUTE
    ..\Core\Src\i2c.c                        0x00000000   Number         0  i2c.o ABSOLUTE
    ..\Core\Src\main.c                       0x00000000   Number         0  main.o ABSOLUTE
    ..\Core\Src\stm32f4xx_hal_msp.c          0x00000000   Number         0  stm32f4xx_hal_msp.o ABSOLUTE
    ..\Core\Src\stm32f4xx_it.c               0x00000000   Number         0  stm32f4xx_it.o ABSOLUTE
    ..\Core\Src\system_stm32f4xx.c           0x00000000   Number         0  system_stm32f4xx.o ABSOLUTE
    ..\Core\Src\tim.c                        0x00000000   Number         0  tim.o ABSOLUTE
    ..\Core\Src\usart.c                      0x00000000   Number         0  usart.o ABSOLUTE
    ..\Drivers\STM32F4xx_HAL_Driver\Src\stm32f4xx_hal.c 0x00000000   Number         0  stm32f4xx_hal.o ABSOLUTE
    ..\Drivers\STM32F4xx_HAL_Driver\Src\stm32f4xx_hal_cortex.c 0x00000000   Number         0  stm32f4xx_hal_cortex.o ABSOLUTE
    ..\Drivers\STM32F4xx_HAL_Driver\Src\stm32f4xx_hal_dma.c 0x00000000   Number         0  stm32f4xx_hal_dma.o ABSOLUTE
    ..\Drivers\STM32F4xx_HAL_Driver\Src\stm32f4xx_hal_dma_ex.c 0x00000000   Number         0  stm32f4xx_hal_dma_ex.o ABSOLUTE
    ..\Drivers\STM32F4xx_HAL_Driver\Src\stm32f4xx_hal_exti.c 0x00000000   Number         0  stm32f4xx_hal_exti.o ABSOLUTE
    ..\Drivers\STM32F4xx_HAL_Driver\Src\stm32f4xx_hal_flash.c 0x00000000   Number         0  stm32f4xx_hal_flash.o ABSOLUTE
    ..\Drivers\STM32F4xx_HAL_Driver\Src\stm32f4xx_hal_flash_ex.c 0x00000000   Number         0  stm32f4xx_hal_flash_ex.o ABSOLUTE
    ..\Drivers\STM32F4xx_HAL_Driver\Src\stm32f4xx_hal_flash_ramfunc.c 0x00000000   Number         0  stm32f4xx_hal_flash_ramfunc.o ABSOLUTE
    ..\Drivers\STM32F4xx_HAL_Driver\Src\stm32f4xx_hal_gpio.c 0x00000000   Number         0  stm32f4xx_hal_gpio.o ABSOLUTE
    ..\Drivers\STM32F4xx_HAL_Driver\Src\stm32f4xx_hal_i2c.c 0x00000000   Number         0  stm32f4xx_hal_i2c.o ABSOLUTE
    ..\Drivers\STM32F4xx_HAL_Driver\Src\stm32f4xx_hal_i2c_ex.c 0x00000000   Number         0  stm32f4xx_hal_i2c_ex.o ABSOLUTE
    ..\Drivers\STM32F4xx_HAL_Driver\Src\stm32f4xx_hal_pwr.c 0x00000000   Number         0  stm32f4xx_hal_pwr.o ABSOLUTE
    ..\Drivers\STM32F4xx_HAL_Driver\Src\stm32f4xx_hal_pwr_ex.c 0x00000000   Number         0  stm32f4xx_hal_pwr_ex.o ABSOLUTE
    ..\Drivers\STM32F4xx_HAL_Driver\Src\stm32f4xx_hal_rcc.c 0x00000000   Number         0  stm32f4xx_hal_rcc.o ABSOLUTE
    ..\Drivers\STM32F4xx_HAL_Driver\Src\stm32f4xx_hal_rcc_ex.c 0x00000000   Number         0  stm32f4xx_hal_rcc_ex.o ABSOLUTE
    ..\Drivers\STM32F4xx_HAL_Driver\Src\stm32f4xx_hal_tim.c 0x00000000   Number         0  stm32f4xx_hal_tim.o ABSOLUTE
    ..\Drivers\STM32F4xx_HAL_Driver\Src\stm32f4xx_hal_tim_ex.c 0x00000000   Number         0  stm32f4xx_hal_tim_ex.o ABSOLUTE
    ..\Drivers\STM32F4xx_HAL_Driver\Src\stm32f4xx_hal_uart.c 0x00000000   Number         0  stm32f4xx_hal_uart.o ABSOLUTE
    ..\Hardware\delay.c                      0x00000000   Number         0  delay.o ABSOLUTE
    ..\Hardware\timer.c                      0x00000000   Number         0  timer.o ABSOLUTE
    ..\SimpleFOC\BLDCMotor.c                 0x00000000   Number         0  bldcmotor.o ABSOLUTE
    ..\SimpleFOC\CurrentSense.c              0x00000000   Number         0  currentsense.o ABSOLUTE
    ..\SimpleFOC\FOCMotor.c                  0x00000000   Number         0  focmotor.o ABSOLUTE
    ..\SimpleFOC\foc_utils.c                 0x00000000   Number         0  foc_utils.o ABSOLUTE
    cdrcmple.s                               0x00000000   Number         0  cdrcmple.o ABSOLUTE
    dc.s                                     0x00000000   Number         0  dc.o ABSOLUTE
    handlers.s                               0x00000000   Number         0  handlers.o ABSOLUTE
    init.s                                   0x00000000   Number         0  init.o ABSOLUTE
    startup_stm32f407xx.s                    0x00000000   Number         0  startup_stm32f407xx.o ABSOLUTE
    RESET                                    0x08000000   Section      392  startup_stm32f407xx.o(RESET)
    .ARM.Collect$$$$00000000                 0x08000188   Section        0  entry.o(.ARM.Collect$$$$00000000)
    .ARM.Collect$$$$00000001                 0x08000188   Section        4  entry2.o(.ARM.Collect$$$$00000001)
    .ARM.Collect$$$$00000004                 0x0800018c   Section        4  entry5.o(.ARM.Collect$$$$00000004)
    .ARM.Collect$$$$00000008                 0x08000190   Section        0  entry7b.o(.ARM.Collect$$$$00000008)
    .ARM.Collect$$$$0000000A                 0x08000190   Section        0  entry8b.o(.ARM.Collect$$$$0000000A)
    .ARM.Collect$$$$0000000B                 0x08000190   Section        8  entry9a.o(.ARM.Collect$$$$0000000B)
    .ARM.Collect$$$$0000000E                 0x08000198   Section        4  entry12b.o(.ARM.Collect$$$$0000000E)
    .ARM.Collect$$$$0000000F                 0x0800019c   Section        0  entry10a.o(.ARM.Collect$$$$0000000F)
    .ARM.Collect$$$$00000011                 0x0800019c   Section        0  entry11a.o(.ARM.Collect$$$$00000011)
    .ARM.Collect$$$$00002712                 0x0800019c   Section        4  entry2.o(.ARM.Collect$$$$00002712)
    __lit__00000000                          0x0800019c   Data           4  entry2.o(.ARM.Collect$$$$00002712)
    .text                                    0x080001a0   Section       36  startup_stm32f407xx.o(.text)
    $v0                                      0x080001a0   Number         0  startup_stm32f407xx.o(.text)
    .text                                    0x080001c4   Section        0  uldiv.o(.text)
    .text                                    0x08000226   Section        0  memseta.o(.text)
    .text                                    0x0800024a   Section        0  f2d.o(.text)
    .text                                    0x08000270   Section        0  d2f.o(.text)
    .text                                    0x080002a8   Section        0  uidiv.o(.text)
    .text                                    0x080002d4   Section        0  llshl.o(.text)
    .text                                    0x080002f2   Section        0  llushr.o(.text)
    .text                                    0x08000314   Section        0  strtod.o(.text)
    _local_sscanf                            0x08000315   Thumb Code    54  strtod.o(.text)
    .text                                    0x080003b0   Section        0  fepilogue.o(.text)
    .text                                    0x080003b0   Section        0  iusefp.o(.text)
    .text                                    0x0800041e   Section        0  frem.o(.text)
    .text                                    0x08000470   Section        0  dadd.o(.text)
    .text                                    0x080005be   Section        0  dmul.o(.text)
    .text                                    0x080006a2   Section        0  ddiv.o(.text)
    .text                                    0x08000780   Section        0  dfixul.o(.text)
    .text                                    0x080007b0   Section       48  cdrcmple.o(.text)
    .text                                    0x080007e0   Section       36  init.o(.text)
    .text                                    0x08000804   Section        0  llsshr.o(.text)
    .text                                    0x08000828   Section        0  isspace_c.o(.text)
    .text                                    0x08000834   Section        0  scanf_fp.o(.text)
    _fp_value                                0x08000835   Thumb Code   296  scanf_fp.o(.text)
    .text                                    0x08000b94   Section        0  _sgetc.o(.text)
    .text                                    0x08000bd4   Section        0  depilogue.o(.text)
    .text                                    0x08000c90   Section        0  ctype_c.o(.text)
    .text                                    0x08000cb8   Section        0  dfltul.o(.text)
    i.BusFault_Handler                       0x08000cd0   Section        0  stm32f4xx_it.o(i.BusFault_Handler)
    i.DebugMon_Handler                       0x08000cd2   Section        0  stm32f4xx_it.o(i.DebugMon_Handler)
    i.Error_Handler                          0x08000cd4   Section        0  main.o(i.Error_Handler)
    i.HAL_DMA_Abort                          0x08000cd8   Section        0  stm32f4xx_hal_dma.o(i.HAL_DMA_Abort)
    i.HAL_DMA_Abort_IT                       0x08000d6a   Section        0  stm32f4xx_hal_dma.o(i.HAL_DMA_Abort_IT)
    i.HAL_GPIO_Init                          0x08000d90   Section        0  stm32f4xx_hal_gpio.o(i.HAL_GPIO_Init)
    i.HAL_GPIO_TogglePin                     0x08000f80   Section        0  stm32f4xx_hal_gpio.o(i.HAL_GPIO_TogglePin)
    i.HAL_GPIO_WritePin                      0x08000f90   Section        0  stm32f4xx_hal_gpio.o(i.HAL_GPIO_WritePin)
    i.HAL_GetTick                            0x08000f9c   Section        0  stm32f4xx_hal.o(i.HAL_GetTick)
    i.HAL_I2C_Init                           0x08000fa8   Section        0  stm32f4xx_hal_i2c.o(i.HAL_I2C_Init)
    i.HAL_I2C_MspInit                        0x08001130   Section        0  i2c.o(i.HAL_I2C_MspInit)
    i.HAL_IncTick                            0x08001244   Section        0  stm32f4xx_hal.o(i.HAL_IncTick)
    i.HAL_Init                               0x08001254   Section        0  stm32f4xx_hal.o(i.HAL_Init)
    i.HAL_InitTick                           0x08001288   Section        0  stm32f4xx_hal.o(i.HAL_InitTick)
    i.HAL_MspInit                            0x080012c8   Section        0  stm32f4xx_hal_msp.o(i.HAL_MspInit)
    i.HAL_NVIC_EnableIRQ                     0x080012f8   Section        0  stm32f4xx_hal_cortex.o(i.HAL_NVIC_EnableIRQ)
    i.HAL_NVIC_SetPriority                   0x08001314   Section        0  stm32f4xx_hal_cortex.o(i.HAL_NVIC_SetPriority)
    i.HAL_NVIC_SetPriorityGrouping           0x08001354   Section        0  stm32f4xx_hal_cortex.o(i.HAL_NVIC_SetPriorityGrouping)
    i.HAL_RCC_ClockConfig                    0x08001378   Section        0  stm32f4xx_hal_rcc.o(i.HAL_RCC_ClockConfig)
    i.HAL_RCC_GetHCLKFreq                    0x080014ac   Section        0  stm32f4xx_hal_rcc.o(i.HAL_RCC_GetHCLKFreq)
    i.HAL_RCC_GetPCLK1Freq                   0x080014b8   Section        0  stm32f4xx_hal_rcc.o(i.HAL_RCC_GetPCLK1Freq)
    i.HAL_RCC_GetPCLK2Freq                   0x080014d8   Section        0  stm32f4xx_hal_rcc.o(i.HAL_RCC_GetPCLK2Freq)
    i.HAL_RCC_GetSysClockFreq                0x080014f8   Section        0  stm32f4xx_hal_rcc.o(i.HAL_RCC_GetSysClockFreq)
    i.HAL_RCC_OscConfig                      0x0800155c   Section        0  stm32f4xx_hal_rcc.o(i.HAL_RCC_OscConfig)
    i.HAL_SYSTICK_Config                     0x080018c8   Section        0  stm32f4xx_hal_cortex.o(i.HAL_SYSTICK_Config)
    i.HAL_TIMEx_ConfigBreakDeadTime          0x080018f0   Section        0  stm32f4xx_hal_tim_ex.o(i.HAL_TIMEx_ConfigBreakDeadTime)
    i.HAL_TIMEx_MasterConfigSynchronization  0x08001944   Section        0  stm32f4xx_hal_tim_ex.o(i.HAL_TIMEx_MasterConfigSynchronization)
    i.HAL_TIM_MspPostInit                    0x080019d4   Section        0  tim.o(i.HAL_TIM_MspPostInit)
    i.HAL_TIM_PWM_ConfigChannel              0x08001ab0   Section        0  stm32f4xx_hal_tim.o(i.HAL_TIM_PWM_ConfigChannel)
    i.HAL_TIM_PWM_Init                       0x08001b7c   Section        0  stm32f4xx_hal_tim.o(i.HAL_TIM_PWM_Init)
    i.HAL_TIM_PWM_MspInit                    0x08001bd8   Section        0  tim.o(i.HAL_TIM_PWM_MspInit)
    i.HAL_TIM_PWM_Start                      0x08001c38   Section        0  stm32f4xx_hal_tim.o(i.HAL_TIM_PWM_Start)
    i.HAL_UARTEx_RxEventCallback             0x08001d00   Section        0  stm32f4xx_hal_uart.o(i.HAL_UARTEx_RxEventCallback)
    i.HAL_UART_ErrorCallback                 0x08001d02   Section        0  stm32f4xx_hal_uart.o(i.HAL_UART_ErrorCallback)
    i.HAL_UART_IRQHandler                    0x08001d04   Section        0  stm32f4xx_hal_uart.o(i.HAL_UART_IRQHandler)
    i.HAL_UART_Init                          0x08001f84   Section        0  stm32f4xx_hal_uart.o(i.HAL_UART_Init)
    i.HAL_UART_MspInit                       0x08001fe8   Section        0  usart.o(i.HAL_UART_MspInit)
    i.HAL_UART_RxCpltCallback                0x08002060   Section        0  stm32f4xx_hal_uart.o(i.HAL_UART_RxCpltCallback)
    i.HAL_UART_TxCpltCallback                0x08002062   Section        0  stm32f4xx_hal_uart.o(i.HAL_UART_TxCpltCallback)
    i.HardFault_Handler                      0x08002064   Section        0  stm32f4xx_it.o(i.HardFault_Handler)
    i.MX_GPIO_Init                           0x08002068   Section        0  gpio.o(i.MX_GPIO_Init)
    i.MX_I2C1_Init                           0x08002168   Section        0  i2c.o(i.MX_I2C1_Init)
    i.MX_I2C2_Init                           0x080021a8   Section        0  i2c.o(i.MX_I2C2_Init)
    i.MX_I2C3_Init                           0x080021e8   Section        0  i2c.o(i.MX_I2C3_Init)
    i.MX_TIM1_Init                           0x08002228   Section        0  tim.o(i.MX_TIM1_Init)
    i.MX_TIM3_Init                           0x08002310   Section        0  tim.o(i.MX_TIM3_Init)
    i.MX_TIM4_Init                           0x080023a4   Section        0  tim.o(i.MX_TIM4_Init)
    i.MX_USART2_UART_Init                    0x08002438   Section        0  usart.o(i.MX_USART2_UART_Init)
    i.MemManage_Handler                      0x08002478   Section        0  stm32f4xx_it.o(i.MemManage_Handler)
    i.NMI_Handler                            0x0800247a   Section        0  stm32f4xx_it.o(i.NMI_Handler)
    i.PendSV_Handler                         0x0800247c   Section        0  stm32f4xx_it.o(i.PendSV_Handler)
    i.SVC_Handler                            0x0800247e   Section        0  stm32f4xx_it.o(i.SVC_Handler)
    i.SysTick_Handler                        0x08002480   Section        0  stm32f4xx_it.o(i.SysTick_Handler)
    i.SystemClock_Config                     0x08002484   Section        0  main.o(i.SystemClock_Config)
    i.SystemInit                             0x0800251c   Section        0  system_stm32f4xx.o(i.SystemInit)
    i.TIM6_1ms_Init                          0x0800252c   Section        0  timer.o(i.TIM6_1ms_Init)
    i.TIM6_DAC_IRQHandler                    0x08002580   Section        0  stm32f4xx_it.o(i.TIM6_DAC_IRQHandler)
    i.TIM_Base_SetConfig                     0x080025a0   Section        0  stm32f4xx_hal_tim.o(i.TIM_Base_SetConfig)
    i.TIM_CCxChannelCmd                      0x08002670   Section        0  stm32f4xx_hal_tim.o(i.TIM_CCxChannelCmd)
    i.TIM_OC1_SetConfig                      0x0800268c   Section        0  stm32f4xx_hal_tim.o(i.TIM_OC1_SetConfig)
    TIM_OC1_SetConfig                        0x0800268d   Thumb Code    88  stm32f4xx_hal_tim.o(i.TIM_OC1_SetConfig)
    i.TIM_OC2_SetConfig                      0x080026ec   Section        0  stm32f4xx_hal_tim.o(i.TIM_OC2_SetConfig)
    i.TIM_OC3_SetConfig                      0x08002758   Section        0  stm32f4xx_hal_tim.o(i.TIM_OC3_SetConfig)
    TIM_OC3_SetConfig                        0x08002759   Thumb Code    96  stm32f4xx_hal_tim.o(i.TIM_OC3_SetConfig)
    i.TIM_OC4_SetConfig                      0x080027c0   Section        0  stm32f4xx_hal_tim.o(i.TIM_OC4_SetConfig)
    TIM_OC4_SetConfig                        0x080027c1   Thumb Code    70  stm32f4xx_hal_tim.o(i.TIM_OC4_SetConfig)
    i.UART_DMAAbortOnError                   0x08002810   Section        0  stm32f4xx_hal_uart.o(i.UART_DMAAbortOnError)
    UART_DMAAbortOnError                     0x08002811   Thumb Code    14  stm32f4xx_hal_uart.o(i.UART_DMAAbortOnError)
    i.UART_EndRxTransfer                     0x0800281e   Section        0  stm32f4xx_hal_uart.o(i.UART_EndRxTransfer)
    UART_EndRxTransfer                       0x0800281f   Thumb Code    78  stm32f4xx_hal_uart.o(i.UART_EndRxTransfer)
    i.UART_Receive_IT                        0x0800286c   Section        0  stm32f4xx_hal_uart.o(i.UART_Receive_IT)
    UART_Receive_IT                          0x0800286d   Thumb Code   194  stm32f4xx_hal_uart.o(i.UART_Receive_IT)
    i.UART_SetConfig                         0x08002930   Section        0  stm32f4xx_hal_uart.o(i.UART_SetConfig)
    UART_SetConfig                           0x08002931   Thumb Code   258  stm32f4xx_hal_uart.o(i.UART_SetConfig)
    i.USART2_IRQHandler                      0x08002a3c   Section        0  stm32f4xx_it.o(i.USART2_IRQHandler)
    i.USART2_IRQHandler_User                 0x08002a50   Section        0  usart.o(i.USART2_IRQHandler_User)
    i.UsageFault_Handler                     0x08002ab4   Section        0  stm32f4xx_it.o(i.UsageFault_Handler)
    i.__0printf                              0x08002ab8   Section        0  printfa.o(i.__0printf)
    i.__ARM_fpclassifyf                      0x08002ad8   Section        0  fpclassifyf.o(i.__ARM_fpclassifyf)
    i.__NVIC_SetPriority                     0x08002afe   Section        0  stm32f4xx_hal_cortex.o(i.__NVIC_SetPriority)
    __NVIC_SetPriority                       0x08002aff   Thumb Code    32  stm32f4xx_hal_cortex.o(i.__NVIC_SetPriority)
    i.__hardfp_atan2f                        0x08002b20   Section        0  atan2f.o(i.__hardfp_atan2f)
    i.__hardfp_atof                          0x08002dd0   Section        0  atof.o(i.__hardfp_atof)
    i.__hardfp_fmodf                         0x08002e08   Section        0  fmodf.o(i.__hardfp_fmodf)
    i.__mathlib_flt_infnan2                  0x08002eb8   Section        0  funder.o(i.__mathlib_flt_infnan2)
    i.__mathlib_flt_invalid                  0x08002ec0   Section        0  funder.o(i.__mathlib_flt_invalid)
    i.__mathlib_flt_underflow                0x08002ed0   Section        0  funder.o(i.__mathlib_flt_underflow)
    i.__read_errno                           0x08002ee0   Section        0  errno.o(i.__read_errno)
    i.__scatterload_copy                     0x08002eec   Section       14  handlers.o(i.__scatterload_copy)
    i.__scatterload_null                     0x08002efa   Section        2  handlers.o(i.__scatterload_null)
    i.__scatterload_zeroinit                 0x08002efc   Section       14  handlers.o(i.__scatterload_zeroinit)
    i.__set_errno                            0x08002f0c   Section        0  errno.o(i.__set_errno)
    i._electricalAngle                       0x08002f18   Section        0  foc_utils.o(i._electricalAngle)
    i._fp_digits                             0x08002f28   Section        0  printfa.o(i._fp_digits)
    _fp_digits                               0x08002f29   Thumb Code   366  printfa.o(i._fp_digits)
    i._is_digit                              0x080030ac   Section        0  scanf_fp.o(i._is_digit)
    i._normalizeAngle                        0x080030bc   Section        0  foc_utils.o(i._normalizeAngle)
    i._printf_core                           0x080030e8   Section        0  printfa.o(i._printf_core)
    _printf_core                             0x080030e9   Thumb Code  1704  printfa.o(i._printf_core)
    i._printf_post_padding                   0x0800379c   Section        0  printfa.o(i._printf_post_padding)
    _printf_post_padding                     0x0800379d   Thumb Code    36  printfa.o(i._printf_post_padding)
    i._printf_pre_padding                    0x080037c0   Section        0  printfa.o(i._printf_pre_padding)
    _printf_pre_padding                      0x080037c1   Thumb Code    46  printfa.o(i._printf_pre_padding)
    i._sin                                   0x080037f0   Section        0  foc_utils.o(i._sin)
    i._sqrtApprox                            0x080038e0   Section        0  foc_utils.o(i._sqrtApprox)
    i.angleOpenloop                          0x080038f8   Section        0  bldcmotor.o(i.angleOpenloop)
    i.commander_run                          0x080039f4   Section        0  main.o(i.commander_run)
    i.delay_ms                               0x08003bb8   Section        0  delay.o(i.delay_ms)
    i.fputc                                  0x08003be8   Section        0  usart.o(i.fputc)
    i.main                                   0x08003c00   Section        0  main.o(i.main)
    i.move                                   0x08003e84   Section        0  bldcmotor.o(i.move)
    i.setPhaseVoltage                        0x08003ee4   Section        0  bldcmotor.o(i.setPhaseVoltage)
    i.systick_CountMode                      0x08004100   Section        0  delay.o(i.systick_CountMode)
    i.velocityOpenloop                       0x08004118   Section        0  bldcmotor.o(i.velocityOpenloop)
    .constdata                               0x080041cc   Section       16  system_stm32f4xx.o(.constdata)
    .constdata                               0x080041dc   Section        8  system_stm32f4xx.o(.constdata)
    .constdata                               0x080041e4   Section      800  foc_utils.o(.constdata)
    .constdata                               0x08004504   Section       64  ctype_c.o(.constdata)
    .conststring                             0x08004544   Section      436  main.o(.conststring)
    .data                                    0x20000000   Section       20  main.o(.data)
    .data                                    0x20000014   Section        2  usart.o(.data)
    .data                                    0x20000018   Section        4  stm32f4xx_it.o(.data)
    .data                                    0x2000001c   Section       12  stm32f4xx_hal.o(.data)
    .data                                    0x20000028   Section        4  system_stm32f4xx.o(.data)
    .data                                    0x2000002c   Section        1  focmotor.o(.data)
    .data                                    0x20000030   Section       16  bldcmotor.o(.data)
    .data                                    0x20000040   Section        4  stdout.o(.data)
    .data                                    0x20000044   Section        4  errno.o(.data)
    _errno                                   0x20000044   Data           4  errno.o(.data)
    .bss                                     0x20000048   Section      252  i2c.o(.bss)
    .bss                                     0x20000144   Section      216  tim.o(.bss)
    .bss                                     0x2000021c   Section      328  usart.o(.bss)
    .bss                                     0x20000364   Section       12  focmotor.o(.bss)
    .bss                                     0x20000370   Section       12  focmotor.o(.bss)
    .bss                                     0x2000037c   Section       12  focmotor.o(.bss)
    .bss                                     0x20000388   Section       24  focmotor.o(.bss)
    .bss                                     0x200003a0   Section       12  bldcmotor.o(.bss)
    STACK                                    0x200003b0   Section     1024  startup_stm32f407xx.o(STACK)

    Global Symbols

    Symbol Name                              Value     Ov Type        Size  Object(Section)

    BuildAttributes$$THM_ISAv4$E$P$D$K$B$S$7EM$VFPi3$EXTD16$VFPS$VFMA$PE$A:L22UL41UL21$X:L11$S22US41US21$IEEE1$IW$USESV6$~STKCKD$USESV7$~SHL$OTIME$ROPI$IEEEX$EBA8$MICROLIB$REQ8$PRES8$EABIv2 0x00000000   Number         0  anon$$obj.o ABSOLUTE
    __ARM_use_no_argv                        0x00000000   Number         0  main.o ABSOLUTE
    _printf_a                                0x00000000   Number         0  stubs.o ABSOLUTE
    _printf_c                                0x00000000   Number         0  stubs.o ABSOLUTE
    _printf_charcount                        0x00000000   Number         0  stubs.o ABSOLUTE
    _printf_d                                0x00000000   Number         0  stubs.o ABSOLUTE
    _printf_e                                0x00000000   Number         0  stubs.o ABSOLUTE
    _printf_f                                0x00000000   Number         0  stubs.o ABSOLUTE
    _printf_flags                            0x00000000   Number         0  stubs.o ABSOLUTE
    _printf_fp_dec                           0x00000000   Number         0  stubs.o ABSOLUTE
    _printf_fp_hex                           0x00000000   Number         0  stubs.o ABSOLUTE
    _printf_g                                0x00000000   Number         0  stubs.o ABSOLUTE
    _printf_i                                0x00000000   Number         0  stubs.o ABSOLUTE
    _printf_int_dec                          0x00000000   Number         0  stubs.o ABSOLUTE
    _printf_l                                0x00000000   Number         0  stubs.o ABSOLUTE
    _printf_lc                               0x00000000   Number         0  stubs.o ABSOLUTE
    _printf_ll                               0x00000000   Number         0  stubs.o ABSOLUTE
    _printf_lld                              0x00000000   Number         0  stubs.o ABSOLUTE
    _printf_lli                              0x00000000   Number         0  stubs.o ABSOLUTE
    _printf_llo                              0x00000000   Number         0  stubs.o ABSOLUTE
    _printf_llu                              0x00000000   Number         0  stubs.o ABSOLUTE
    _printf_llx                              0x00000000   Number         0  stubs.o ABSOLUTE
    _printf_longlong_dec                     0x00000000   Number         0  stubs.o ABSOLUTE
    _printf_longlong_hex                     0x00000000   Number         0  stubs.o ABSOLUTE
    _printf_longlong_oct                     0x00000000   Number         0  stubs.o ABSOLUTE
    _printf_ls                               0x00000000   Number         0  stubs.o ABSOLUTE
    _printf_mbtowc                           0x00000000   Number         0  stubs.o ABSOLUTE
    _printf_n                                0x00000000   Number         0  stubs.o ABSOLUTE
    _printf_o                                0x00000000   Number         0  stubs.o ABSOLUTE
    _printf_p                                0x00000000   Number         0  stubs.o ABSOLUTE
    _printf_percent                          0x00000000   Number         0  stubs.o ABSOLUTE
    _printf_pre_padding                      0x00000000   Number         0  stubs.o ABSOLUTE
    _printf_return_value                     0x00000000   Number         0  stubs.o ABSOLUTE
    _printf_s                                0x00000000   Number         0  stubs.o ABSOLUTE
    _printf_sizespec                         0x00000000   Number         0  stubs.o ABSOLUTE
    _printf_str                              0x00000000   Number         0  stubs.o ABSOLUTE
    _printf_truncate_signed                  0x00000000   Number         0  stubs.o ABSOLUTE
    _printf_truncate_unsigned                0x00000000   Number         0  stubs.o ABSOLUTE
    _printf_u                                0x00000000   Number         0  stubs.o ABSOLUTE
    _printf_wc                               0x00000000   Number         0  stubs.o ABSOLUTE
    _printf_wctomb                           0x00000000   Number         0  stubs.o ABSOLUTE
    _printf_widthprec                        0x00000000   Number         0  stubs.o ABSOLUTE
    _printf_x                                0x00000000   Number         0  stubs.o ABSOLUTE
    __arm_fini_                               - Undefined Weak Reference
    __cpp_initialize__aeabi_                  - Undefined Weak Reference
    __cxa_finalize                            - Undefined Weak Reference
    __decompress                              - Undefined Weak Reference
    _clock_init                               - Undefined Weak Reference
    _microlib_exit                            - Undefined Weak Reference
    __Vectors_Size                           0x00000188   Number         0  startup_stm32f407xx.o ABSOLUTE
    __Vectors                                0x08000000   Data           4  startup_stm32f407xx.o(RESET)
    __Vectors_End                            0x08000188   Data           0  startup_stm32f407xx.o(RESET)
    __main                                   0x08000189   Thumb Code     0  entry.o(.ARM.Collect$$$$00000000)
    _main_stk                                0x08000189   Thumb Code     0  entry2.o(.ARM.Collect$$$$00000001)
    _main_scatterload                        0x0800018d   Thumb Code     0  entry5.o(.ARM.Collect$$$$00000004)
    __main_after_scatterload                 0x08000191   Thumb Code     0  entry5.o(.ARM.Collect$$$$00000004)
    _main_clock                              0x08000191   Thumb Code     0  entry7b.o(.ARM.Collect$$$$00000008)
    _main_cpp_init                           0x08000191   Thumb Code     0  entry8b.o(.ARM.Collect$$$$0000000A)
    _main_init                               0x08000191   Thumb Code     0  entry9a.o(.ARM.Collect$$$$0000000B)
    __rt_lib_shutdown_fini                   0x08000199   Thumb Code     0  entry12b.o(.ARM.Collect$$$$0000000E)
    __rt_final_cpp                           0x0800019d   Thumb Code     0  entry10a.o(.ARM.Collect$$$$0000000F)
    __rt_final_exit                          0x0800019d   Thumb Code     0  entry11a.o(.ARM.Collect$$$$00000011)
    Reset_Handler                            0x080001a1   Thumb Code     8  startup_stm32f407xx.o(.text)
    ADC_IRQHandler                           0x080001bb   Thumb Code     0  startup_stm32f407xx.o(.text)
    CAN1_RX0_IRQHandler                      0x080001bb   Thumb Code     0  startup_stm32f407xx.o(.text)
    CAN1_RX1_IRQHandler                      0x080001bb   Thumb Code     0  startup_stm32f407xx.o(.text)
    CAN1_SCE_IRQHandler                      0x080001bb   Thumb Code     0  startup_stm32f407xx.o(.text)
    CAN1_TX_IRQHandler                       0x080001bb   Thumb Code     0  startup_stm32f407xx.o(.text)
    CAN2_RX0_IRQHandler                      0x080001bb   Thumb Code     0  startup_stm32f407xx.o(.text)
    CAN2_RX1_IRQHandler                      0x080001bb   Thumb Code     0  startup_stm32f407xx.o(.text)
    CAN2_SCE_IRQHandler                      0x080001bb   Thumb Code     0  startup_stm32f407xx.o(.text)
    CAN2_TX_IRQHandler                       0x080001bb   Thumb Code     0  startup_stm32f407xx.o(.text)
    DCMI_IRQHandler                          0x080001bb   Thumb Code     0  startup_stm32f407xx.o(.text)
    DMA1_Stream0_IRQHandler                  0x080001bb   Thumb Code     0  startup_stm32f407xx.o(.text)
    DMA1_Stream1_IRQHandler                  0x080001bb   Thumb Code     0  startup_stm32f407xx.o(.text)
    DMA1_Stream2_IRQHandler                  0x080001bb   Thumb Code     0  startup_stm32f407xx.o(.text)
    DMA1_Stream3_IRQHandler                  0x080001bb   Thumb Code     0  startup_stm32f407xx.o(.text)
    DMA1_Stream4_IRQHandler                  0x080001bb   Thumb Code     0  startup_stm32f407xx.o(.text)
    DMA1_Stream5_IRQHandler                  0x080001bb   Thumb Code     0  startup_stm32f407xx.o(.text)
    DMA1_Stream6_IRQHandler                  0x080001bb   Thumb Code     0  startup_stm32f407xx.o(.text)
    DMA1_Stream7_IRQHandler                  0x080001bb   Thumb Code     0  startup_stm32f407xx.o(.text)
    DMA2_Stream0_IRQHandler                  0x080001bb   Thumb Code     0  startup_stm32f407xx.o(.text)
    DMA2_Stream1_IRQHandler                  0x080001bb   Thumb Code     0  startup_stm32f407xx.o(.text)
    DMA2_Stream2_IRQHandler                  0x080001bb   Thumb Code     0  startup_stm32f407xx.o(.text)
    DMA2_Stream3_IRQHandler                  0x080001bb   Thumb Code     0  startup_stm32f407xx.o(.text)
    DMA2_Stream4_IRQHandler                  0x080001bb   Thumb Code     0  startup_stm32f407xx.o(.text)
    DMA2_Stream5_IRQHandler                  0x080001bb   Thumb Code     0  startup_stm32f407xx.o(.text)
    DMA2_Stream6_IRQHandler                  0x080001bb   Thumb Code     0  startup_stm32f407xx.o(.text)
    DMA2_Stream7_IRQHandler                  0x080001bb   Thumb Code     0  startup_stm32f407xx.o(.text)
    ETH_IRQHandler                           0x080001bb   Thumb Code     0  startup_stm32f407xx.o(.text)
    ETH_WKUP_IRQHandler                      0x080001bb   Thumb Code     0  startup_stm32f407xx.o(.text)
    EXTI0_IRQHandler                         0x080001bb   Thumb Code     0  startup_stm32f407xx.o(.text)
    EXTI15_10_IRQHandler                     0x080001bb   Thumb Code     0  startup_stm32f407xx.o(.text)
    EXTI1_IRQHandler                         0x080001bb   Thumb Code     0  startup_stm32f407xx.o(.text)
    EXTI2_IRQHandler                         0x080001bb   Thumb Code     0  startup_stm32f407xx.o(.text)
    EXTI3_IRQHandler                         0x080001bb   Thumb Code     0  startup_stm32f407xx.o(.text)
    EXTI4_IRQHandler                         0x080001bb   Thumb Code     0  startup_stm32f407xx.o(.text)
    EXTI9_5_IRQHandler                       0x080001bb   Thumb Code     0  startup_stm32f407xx.o(.text)
    FLASH_IRQHandler                         0x080001bb   Thumb Code     0  startup_stm32f407xx.o(.text)
    FMC_IRQHandler                           0x080001bb   Thumb Code     0  startup_stm32f407xx.o(.text)
    FPU_IRQHandler                           0x080001bb   Thumb Code     0  startup_stm32f407xx.o(.text)
    HASH_RNG_IRQHandler                      0x080001bb   Thumb Code     0  startup_stm32f407xx.o(.text)
    I2C1_ER_IRQHandler                       0x080001bb   Thumb Code     0  startup_stm32f407xx.o(.text)
    I2C1_EV_IRQHandler                       0x080001bb   Thumb Code     0  startup_stm32f407xx.o(.text)
    I2C2_ER_IRQHandler                       0x080001bb   Thumb Code     0  startup_stm32f407xx.o(.text)
    I2C2_EV_IRQHandler                       0x080001bb   Thumb Code     0  startup_stm32f407xx.o(.text)
    I2C3_ER_IRQHandler                       0x080001bb   Thumb Code     0  startup_stm32f407xx.o(.text)
    I2C3_EV_IRQHandler                       0x080001bb   Thumb Code     0  startup_stm32f407xx.o(.text)
    OTG_FS_IRQHandler                        0x080001bb   Thumb Code     0  startup_stm32f407xx.o(.text)
    OTG_FS_WKUP_IRQHandler                   0x080001bb   Thumb Code     0  startup_stm32f407xx.o(.text)
    OTG_HS_EP1_IN_IRQHandler                 0x080001bb   Thumb Code     0  startup_stm32f407xx.o(.text)
    OTG_HS_EP1_OUT_IRQHandler                0x080001bb   Thumb Code     0  startup_stm32f407xx.o(.text)
    OTG_HS_IRQHandler                        0x080001bb   Thumb Code     0  startup_stm32f407xx.o(.text)
    OTG_HS_WKUP_IRQHandler                   0x080001bb   Thumb Code     0  startup_stm32f407xx.o(.text)
    PVD_IRQHandler                           0x080001bb   Thumb Code     0  startup_stm32f407xx.o(.text)
    RCC_IRQHandler                           0x080001bb   Thumb Code     0  startup_stm32f407xx.o(.text)
    RTC_Alarm_IRQHandler                     0x080001bb   Thumb Code     0  startup_stm32f407xx.o(.text)
    RTC_WKUP_IRQHandler                      0x080001bb   Thumb Code     0  startup_stm32f407xx.o(.text)
    SDIO_IRQHandler                          0x080001bb   Thumb Code     0  startup_stm32f407xx.o(.text)
    SPI1_IRQHandler                          0x080001bb   Thumb Code     0  startup_stm32f407xx.o(.text)
    SPI2_IRQHandler                          0x080001bb   Thumb Code     0  startup_stm32f407xx.o(.text)
    SPI3_IRQHandler                          0x080001bb   Thumb Code     0  startup_stm32f407xx.o(.text)
    TAMP_STAMP_IRQHandler                    0x080001bb   Thumb Code     0  startup_stm32f407xx.o(.text)
    TIM1_BRK_TIM9_IRQHandler                 0x080001bb   Thumb Code     0  startup_stm32f407xx.o(.text)
    TIM1_CC_IRQHandler                       0x080001bb   Thumb Code     0  startup_stm32f407xx.o(.text)
    TIM1_TRG_COM_TIM11_IRQHandler            0x080001bb   Thumb Code     0  startup_stm32f407xx.o(.text)
    TIM1_UP_TIM10_IRQHandler                 0x080001bb   Thumb Code     0  startup_stm32f407xx.o(.text)
    TIM2_IRQHandler                          0x080001bb   Thumb Code     0  startup_stm32f407xx.o(.text)
    TIM3_IRQHandler                          0x080001bb   Thumb Code     0  startup_stm32f407xx.o(.text)
    TIM4_IRQHandler                          0x080001bb   Thumb Code     0  startup_stm32f407xx.o(.text)
    TIM5_IRQHandler                          0x080001bb   Thumb Code     0  startup_stm32f407xx.o(.text)
    TIM7_IRQHandler                          0x080001bb   Thumb Code     0  startup_stm32f407xx.o(.text)
    TIM8_BRK_TIM12_IRQHandler                0x080001bb   Thumb Code     0  startup_stm32f407xx.o(.text)
    TIM8_CC_IRQHandler                       0x080001bb   Thumb Code     0  startup_stm32f407xx.o(.text)
    TIM8_TRG_COM_TIM14_IRQHandler            0x080001bb   Thumb Code     0  startup_stm32f407xx.o(.text)
    TIM8_UP_TIM13_IRQHandler                 0x080001bb   Thumb Code     0  startup_stm32f407xx.o(.text)
    UART4_IRQHandler                         0x080001bb   Thumb Code     0  startup_stm32f407xx.o(.text)
    UART5_IRQHandler                         0x080001bb   Thumb Code     0  startup_stm32f407xx.o(.text)
    USART1_IRQHandler                        0x080001bb   Thumb Code     0  startup_stm32f407xx.o(.text)
    USART3_IRQHandler                        0x080001bb   Thumb Code     0  startup_stm32f407xx.o(.text)
    USART6_IRQHandler                        0x080001bb   Thumb Code     0  startup_stm32f407xx.o(.text)
    WWDG_IRQHandler                          0x080001bb   Thumb Code     0  startup_stm32f407xx.o(.text)
    __aeabi_uldivmod                         0x080001c5   Thumb Code    98  uldiv.o(.text)
    __aeabi_memset                           0x08000227   Thumb Code    14  memseta.o(.text)
    __aeabi_memset4                          0x08000227   Thumb Code     0  memseta.o(.text)
    __aeabi_memset8                          0x08000227   Thumb Code     0  memseta.o(.text)
    __aeabi_memclr                           0x08000235   Thumb Code     4  memseta.o(.text)
    __aeabi_memclr4                          0x08000235   Thumb Code     0  memseta.o(.text)
    __aeabi_memclr8                          0x08000235   Thumb Code     0  memseta.o(.text)
    _memset$wrapper                          0x08000239   Thumb Code    18  memseta.o(.text)
    __aeabi_f2d                              0x0800024b   Thumb Code    38  f2d.o(.text)
    __aeabi_d2f                              0x08000271   Thumb Code    56  d2f.o(.text)
    __aeabi_uidiv                            0x080002a9   Thumb Code     0  uidiv.o(.text)
    __aeabi_uidivmod                         0x080002a9   Thumb Code    44  uidiv.o(.text)
    __aeabi_llsl                             0x080002d5   Thumb Code    30  llshl.o(.text)
    _ll_shift_l                              0x080002d5   Thumb Code     0  llshl.o(.text)
    __aeabi_llsr                             0x080002f3   Thumb Code    32  llushr.o(.text)
    _ll_ushift_r                             0x080002f3   Thumb Code     0  llushr.o(.text)
    __strtod_int                             0x0800034b   Thumb Code    90  strtod.o(.text)
    __I$use$fp                               0x080003b1   Thumb Code     0  iusefp.o(.text)
    _float_round                             0x080003b1   Thumb Code    18  fepilogue.o(.text)
    _float_epilogue                          0x080003c3   Thumb Code    92  fepilogue.o(.text)
    _frem                                    0x0800041f   Thumb Code    82  frem.o(.text)
    __aeabi_dadd                             0x08000471   Thumb Code   322  dadd.o(.text)
    __aeabi_dsub                             0x080005b3   Thumb Code     6  dadd.o(.text)
    __aeabi_drsub                            0x080005b9   Thumb Code     6  dadd.o(.text)
    __aeabi_dmul                             0x080005bf   Thumb Code   228  dmul.o(.text)
    __aeabi_ddiv                             0x080006a3   Thumb Code   222  ddiv.o(.text)
    __aeabi_d2ulz                            0x08000781   Thumb Code    48  dfixul.o(.text)
    __aeabi_cdrcmple                         0x080007b1   Thumb Code    48  cdrcmple.o(.text)
    __scatterload                            0x080007e1   Thumb Code    28  init.o(.text)
    __scatterload_rt2                        0x080007e1   Thumb Code     0  init.o(.text)
    __aeabi_lasr                             0x08000805   Thumb Code    36  llsshr.o(.text)
    _ll_sshift_r                             0x08000805   Thumb Code     0  llsshr.o(.text)
    isspace                                  0x08000829   Thumb Code    10  isspace_c.o(.text)
    _scanf_real                              0x0800095d   Thumb Code     0  scanf_fp.o(.text)
    _scanf_really_real                       0x0800095d   Thumb Code   556  scanf_fp.o(.text)
    _sgetc                                   0x08000b95   Thumb Code    30  _sgetc.o(.text)
    _sbackspace                              0x08000bb3   Thumb Code    34  _sgetc.o(.text)
    _double_round                            0x08000bd5   Thumb Code    30  depilogue.o(.text)
    _double_epilogue                         0x08000bf3   Thumb Code   156  depilogue.o(.text)
    __ctype_lookup                           0x08000c91   Thumb Code    34  ctype_c.o(.text)
    __aeabi_ul2d                             0x08000cb9   Thumb Code    24  dfltul.o(.text)
    BusFault_Handler                         0x08000cd1   Thumb Code     2  stm32f4xx_it.o(i.BusFault_Handler)
    DebugMon_Handler                         0x08000cd3   Thumb Code     2  stm32f4xx_it.o(i.DebugMon_Handler)
    Error_Handler                            0x08000cd5   Thumb Code     4  main.o(i.Error_Handler)
    HAL_DMA_Abort                            0x08000cd9   Thumb Code   146  stm32f4xx_hal_dma.o(i.HAL_DMA_Abort)
    HAL_DMA_Abort_IT                         0x08000d6b   Thumb Code    36  stm32f4xx_hal_dma.o(i.HAL_DMA_Abort_IT)
    HAL_GPIO_Init                            0x08000d91   Thumb Code   450  stm32f4xx_hal_gpio.o(i.HAL_GPIO_Init)
    HAL_GPIO_TogglePin                       0x08000f81   Thumb Code    16  stm32f4xx_hal_gpio.o(i.HAL_GPIO_TogglePin)
    HAL_GPIO_WritePin                        0x08000f91   Thumb Code    10  stm32f4xx_hal_gpio.o(i.HAL_GPIO_WritePin)
    HAL_GetTick                              0x08000f9d   Thumb Code     6  stm32f4xx_hal.o(i.HAL_GetTick)
    HAL_I2C_Init                             0x08000fa9   Thumb Code   376  stm32f4xx_hal_i2c.o(i.HAL_I2C_Init)
    HAL_I2C_MspInit                          0x08001131   Thumb Code   244  i2c.o(i.HAL_I2C_MspInit)
    HAL_IncTick                              0x08001245   Thumb Code    12  stm32f4xx_hal.o(i.HAL_IncTick)
    HAL_Init                                 0x08001255   Thumb Code    48  stm32f4xx_hal.o(i.HAL_Init)
    HAL_InitTick                             0x08001289   Thumb Code    54  stm32f4xx_hal.o(i.HAL_InitTick)
    HAL_MspInit                              0x080012c9   Thumb Code    42  stm32f4xx_hal_msp.o(i.HAL_MspInit)
    HAL_NVIC_EnableIRQ                       0x080012f9   Thumb Code    26  stm32f4xx_hal_cortex.o(i.HAL_NVIC_EnableIRQ)
    HAL_NVIC_SetPriority                     0x08001315   Thumb Code    60  stm32f4xx_hal_cortex.o(i.HAL_NVIC_SetPriority)
    HAL_NVIC_SetPriorityGrouping             0x08001355   Thumb Code    26  stm32f4xx_hal_cortex.o(i.HAL_NVIC_SetPriorityGrouping)
    HAL_RCC_ClockConfig                      0x08001379   Thumb Code   288  stm32f4xx_hal_rcc.o(i.HAL_RCC_ClockConfig)
    HAL_RCC_GetHCLKFreq                      0x080014ad   Thumb Code     6  stm32f4xx_hal_rcc.o(i.HAL_RCC_GetHCLKFreq)
    HAL_RCC_GetPCLK1Freq                     0x080014b9   Thumb Code    20  stm32f4xx_hal_rcc.o(i.HAL_RCC_GetPCLK1Freq)
    HAL_RCC_GetPCLK2Freq                     0x080014d9   Thumb Code    20  stm32f4xx_hal_rcc.o(i.HAL_RCC_GetPCLK2Freq)
    HAL_RCC_GetSysClockFreq                  0x080014f9   Thumb Code    88  stm32f4xx_hal_rcc.o(i.HAL_RCC_GetSysClockFreq)
    HAL_RCC_OscConfig                        0x0800155d   Thumb Code   856  stm32f4xx_hal_rcc.o(i.HAL_RCC_OscConfig)
    HAL_SYSTICK_Config                       0x080018c9   Thumb Code    40  stm32f4xx_hal_cortex.o(i.HAL_SYSTICK_Config)
    HAL_TIMEx_ConfigBreakDeadTime            0x080018f1   Thumb Code    84  stm32f4xx_hal_tim_ex.o(i.HAL_TIMEx_ConfigBreakDeadTime)
    HAL_TIMEx_MasterConfigSynchronization    0x08001945   Thumb Code   116  stm32f4xx_hal_tim_ex.o(i.HAL_TIMEx_MasterConfigSynchronization)
    HAL_TIM_MspPostInit                      0x080019d5   Thumb Code   186  tim.o(i.HAL_TIM_MspPostInit)
    HAL_TIM_PWM_ConfigChannel                0x08001ab1   Thumb Code   204  stm32f4xx_hal_tim.o(i.HAL_TIM_PWM_ConfigChannel)
    HAL_TIM_PWM_Init                         0x08001b7d   Thumb Code    90  stm32f4xx_hal_tim.o(i.HAL_TIM_PWM_Init)
    HAL_TIM_PWM_MspInit                      0x08001bd9   Thumb Code    78  tim.o(i.HAL_TIM_PWM_MspInit)
    HAL_TIM_PWM_Start                        0x08001c39   Thumb Code   172  stm32f4xx_hal_tim.o(i.HAL_TIM_PWM_Start)
    HAL_UARTEx_RxEventCallback               0x08001d01   Thumb Code     2  stm32f4xx_hal_uart.o(i.HAL_UARTEx_RxEventCallback)
    HAL_UART_ErrorCallback                   0x08001d03   Thumb Code     2  stm32f4xx_hal_uart.o(i.HAL_UART_ErrorCallback)
    HAL_UART_IRQHandler                      0x08001d05   Thumb Code   636  stm32f4xx_hal_uart.o(i.HAL_UART_IRQHandler)
    HAL_UART_Init                            0x08001f85   Thumb Code   100  stm32f4xx_hal_uart.o(i.HAL_UART_Init)
    HAL_UART_MspInit                         0x08001fe9   Thumb Code   108  usart.o(i.HAL_UART_MspInit)
    HAL_UART_RxCpltCallback                  0x08002061   Thumb Code     2  stm32f4xx_hal_uart.o(i.HAL_UART_RxCpltCallback)
    HAL_UART_TxCpltCallback                  0x08002063   Thumb Code     2  stm32f4xx_hal_uart.o(i.HAL_UART_TxCpltCallback)
    HardFault_Handler                        0x08002065   Thumb Code     2  stm32f4xx_it.o(i.HardFault_Handler)
    MX_GPIO_Init                             0x08002069   Thumb Code   244  gpio.o(i.MX_GPIO_Init)
    MX_I2C1_Init                             0x08002169   Thumb Code    50  i2c.o(i.MX_I2C1_Init)
    MX_I2C2_Init                             0x080021a9   Thumb Code    50  i2c.o(i.MX_I2C2_Init)
    MX_I2C3_Init                             0x080021e9   Thumb Code    50  i2c.o(i.MX_I2C3_Init)
    MX_TIM1_Init                             0x08002229   Thumb Code   224  tim.o(i.MX_TIM1_Init)
    MX_TIM3_Init                             0x08002311   Thumb Code   138  tim.o(i.MX_TIM3_Init)
    MX_TIM4_Init                             0x080023a5   Thumb Code   138  tim.o(i.MX_TIM4_Init)
    MX_USART2_UART_Init                      0x08002439   Thumb Code    54  usart.o(i.MX_USART2_UART_Init)
    MemManage_Handler                        0x08002479   Thumb Code     2  stm32f4xx_it.o(i.MemManage_Handler)
    NMI_Handler                              0x0800247b   Thumb Code     2  stm32f4xx_it.o(i.NMI_Handler)
    PendSV_Handler                           0x0800247d   Thumb Code     2  stm32f4xx_it.o(i.PendSV_Handler)
    SVC_Handler                              0x0800247f   Thumb Code     2  stm32f4xx_it.o(i.SVC_Handler)
    SysTick_Handler                          0x08002481   Thumb Code     4  stm32f4xx_it.o(i.SysTick_Handler)
    SystemClock_Config                       0x08002485   Thumb Code   142  main.o(i.SystemClock_Config)
    SystemInit                               0x0800251d   Thumb Code    12  system_stm32f4xx.o(i.SystemInit)
    TIM6_1ms_Init                            0x0800252d   Thumb Code    74  timer.o(i.TIM6_1ms_Init)
    TIM6_DAC_IRQHandler                      0x08002581   Thumb Code    24  stm32f4xx_it.o(i.TIM6_DAC_IRQHandler)
    TIM_Base_SetConfig                       0x080025a1   Thumb Code   164  stm32f4xx_hal_tim.o(i.TIM_Base_SetConfig)
    TIM_CCxChannelCmd                        0x08002671   Thumb Code    26  stm32f4xx_hal_tim.o(i.TIM_CCxChannelCmd)
    TIM_OC2_SetConfig                        0x080026ed   Thumb Code    98  stm32f4xx_hal_tim.o(i.TIM_OC2_SetConfig)
    USART2_IRQHandler                        0x08002a3d   Thumb Code    16  stm32f4xx_it.o(i.USART2_IRQHandler)
    USART2_IRQHandler_User                   0x08002a51   Thumb Code    88  usart.o(i.USART2_IRQHandler_User)
    UsageFault_Handler                       0x08002ab5   Thumb Code     2  stm32f4xx_it.o(i.UsageFault_Handler)
    __0printf                                0x08002ab9   Thumb Code    22  printfa.o(i.__0printf)
    __1printf                                0x08002ab9   Thumb Code     0  printfa.o(i.__0printf)
    __2printf                                0x08002ab9   Thumb Code     0  printfa.o(i.__0printf)
    __c89printf                              0x08002ab9   Thumb Code     0  printfa.o(i.__0printf)
    printf                                   0x08002ab9   Thumb Code     0  printfa.o(i.__0printf)
    __ARM_fpclassifyf                        0x08002ad9   Thumb Code    38  fpclassifyf.o(i.__ARM_fpclassifyf)
    __hardfp_atan2f                          0x08002b21   Thumb Code   594  atan2f.o(i.__hardfp_atan2f)
    __hardfp_atof                            0x08002dd1   Thumb Code    44  atof.o(i.__hardfp_atof)
    __hardfp_fmodf                           0x08002e09   Thumb Code   176  fmodf.o(i.__hardfp_fmodf)
    __mathlib_flt_infnan2                    0x08002eb9   Thumb Code     6  funder.o(i.__mathlib_flt_infnan2)
    __mathlib_flt_invalid                    0x08002ec1   Thumb Code    10  funder.o(i.__mathlib_flt_invalid)
    __mathlib_flt_underflow                  0x08002ed1   Thumb Code    10  funder.o(i.__mathlib_flt_underflow)
    __read_errno                             0x08002ee1   Thumb Code     6  errno.o(i.__read_errno)
    __scatterload_copy                       0x08002eed   Thumb Code    14  handlers.o(i.__scatterload_copy)
    __scatterload_null                       0x08002efb   Thumb Code     2  handlers.o(i.__scatterload_null)
    __scatterload_zeroinit                   0x08002efd   Thumb Code    14  handlers.o(i.__scatterload_zeroinit)
    __set_errno                              0x08002f0d   Thumb Code     6  errno.o(i.__set_errno)
    _electricalAngle                         0x08002f19   Thumb Code    14  foc_utils.o(i._electricalAngle)
    _is_digit                                0x080030ad   Thumb Code    14  scanf_fp.o(i._is_digit)
    _normalizeAngle                          0x080030bd   Thumb Code    38  foc_utils.o(i._normalizeAngle)
    _sin                                     0x080037f1   Thumb Code   212  foc_utils.o(i._sin)
    _sqrtApprox                              0x080038e1   Thumb Code    20  foc_utils.o(i._sqrtApprox)
    angleOpenloop                            0x080038f9   Thumb Code   226  bldcmotor.o(i.angleOpenloop)
    commander_run                            0x080039f5   Thumb Code   314  main.o(i.commander_run)
    delay_ms                                 0x08003bb9   Thumb Code    46  delay.o(i.delay_ms)
    fputc                                    0x08003be9   Thumb Code    18  usart.o(i.fputc)
    main                                     0x08003c01   Thumb Code   444  main.o(i.main)
    move                                     0x08003e85   Thumb Code    74  bldcmotor.o(i.move)
    setPhaseVoltage                          0x08003ee5   Thumb Code   498  bldcmotor.o(i.setPhaseVoltage)
    systick_CountMode                        0x08004101   Thumb Code    18  delay.o(i.systick_CountMode)
    velocityOpenloop                         0x08004119   Thumb Code   154  bldcmotor.o(i.velocityOpenloop)
    AHBPrescTable                            0x080041cc   Data          16  system_stm32f4xx.o(.constdata)
    APBPrescTable                            0x080041dc   Data           8  system_stm32f4xx.o(.constdata)
    sine_array                               0x080041e4   Data         800  foc_utils.o(.constdata)
    __ctype_categories                       0x08004504   Data          64  ctype_c.o(.constdata)
    Region$$Table$$Base                      0x080046f8   Number         0  anon$$obj.o(Region$$Table)
    Region$$Table$$Limit                     0x08004718   Number         0  anon$$obj.o(Region$$Table)
    target                                   0x20000000   Data           4  main.o(.data)
    target_m1                                0x20000004   Data           4  main.o(.data)
    target_m2                                0x20000008   Data           4  main.o(.data)
    target_m3                                0x2000000c   Data           4  main.o(.data)
    debug_timer                              0x20000010   Data           4  main.o(.data)
    USART_RX_STA                             0x20000014   Data           2  usart.o(.data)
    time1_cntr                               0x20000018   Data           4  stm32f4xx_it.o(.data)
    uwTickFreq                               0x2000001c   Data           1  stm32f4xx_hal.o(.data)
    uwTickPrio                               0x20000020   Data           4  stm32f4xx_hal.o(.data)
    uwTick                                   0x20000024   Data           4  stm32f4xx_hal.o(.data)
    SystemCoreClock                          0x20000028   Data           4  system_stm32f4xx.o(.data)
    controller                               0x2000002c   Data           1  focmotor.o(.data)
    voltage_power_supply                     0x20000030   Data           4  bldcmotor.o(.data)
    voltage_limit                            0x20000034   Data           4  bldcmotor.o(.data)
    pole_pairs                               0x20000038   Data           4  bldcmotor.o(.data)
    velocity_limit                           0x2000003c   Data           4  bldcmotor.o(.data)
    __stdout                                 0x20000040   Data           4  stdout.o(.data)
    hi2c1                                    0x20000048   Data          84  i2c.o(.bss)
    hi2c2                                    0x2000009c   Data          84  i2c.o(.bss)
    hi2c3                                    0x200000f0   Data          84  i2c.o(.bss)
    htim1                                    0x20000144   Data          72  tim.o(.bss)
    htim3                                    0x2000018c   Data          72  tim.o(.bss)
    htim4                                    0x200001d4   Data          72  tim.o(.bss)
    USART_RX_BUF                             0x2000021c   Data         256  usart.o(.bss)
    huart2                                   0x2000031c   Data          72  usart.o(.bss)
    shaft_angle                              0x20000364   Data          12  focmotor.o(.bss)
    shaft_velocity_sp                        0x20000370   Data          12  focmotor.o(.bss)
    shaft_angle_sp                           0x2000037c   Data          12  focmotor.o(.bss)
    voltage                                  0x20000388   Data          24  focmotor.o(.bss)
    open_loop_timestamp                      0x200003a0   Data          12  bldcmotor.o(.bss)
    __initial_sp                             0x200007b0   Data           0  startup_stm32f407xx.o(STACK)



==============================================================================

Memory Map of the image

  Image Entry point : 0x08000189

  Load Region LR_IROM1 (Base: 0x08000000, Size: 0x00004760, Max: 0x00100000, ABSOLUTE)

    Execution Region ER_IROM1 (Exec base: 0x08000000, Load base: 0x08000000, Size: 0x00004718, Max: 0x00100000, ABSOLUTE)

    Exec Addr    Load Addr    Size         Type   Attr      Idx    E Section Name        Object

    0x08000000   0x08000000   0x00000188   Data   RO            3    RESET               startup_stm32f407xx.o
    0x08000188   0x08000188   0x00000000   Code   RO         3805  * .ARM.Collect$$$$00000000  mc_w.l(entry.o)
    0x08000188   0x08000188   0x00000004   Code   RO         4093    .ARM.Collect$$$$00000001  mc_w.l(entry2.o)
    0x0800018c   0x0800018c   0x00000004   Code   RO         4096    .ARM.Collect$$$$00000004  mc_w.l(entry5.o)
    0x08000190   0x08000190   0x00000000   Code   RO         4098    .ARM.Collect$$$$00000008  mc_w.l(entry7b.o)
    0x08000190   0x08000190   0x00000000   Code   RO         4100    .ARM.Collect$$$$0000000A  mc_w.l(entry8b.o)
    0x08000190   0x08000190   0x00000008   Code   RO         4101    .ARM.Collect$$$$0000000B  mc_w.l(entry9a.o)
    0x08000198   0x08000198   0x00000004   Code   RO         4108    .ARM.Collect$$$$0000000E  mc_w.l(entry12b.o)
    0x0800019c   0x0800019c   0x00000000   Code   RO         4103    .ARM.Collect$$$$0000000F  mc_w.l(entry10a.o)
    0x0800019c   0x0800019c   0x00000000   Code   RO         4105    .ARM.Collect$$$$00000011  mc_w.l(entry11a.o)
    0x0800019c   0x0800019c   0x00000004   Code   RO         4094    .ARM.Collect$$$$00002712  mc_w.l(entry2.o)
    0x080001a0   0x080001a0   0x00000024   Code   RO            4    .text               startup_stm32f407xx.o
    0x080001c4   0x080001c4   0x00000062   Code   RO         3808    .text               mc_w.l(uldiv.o)
    0x08000226   0x08000226   0x00000024   Code   RO         3810    .text               mc_w.l(memseta.o)
    0x0800024a   0x0800024a   0x00000026   Code   RO         4073    .text               mf_w.l(f2d.o)
    0x08000270   0x08000270   0x00000038   Code   RO         4075    .text               mf_w.l(d2f.o)
    0x080002a8   0x080002a8   0x0000002c   Code   RO         4110    .text               mc_w.l(uidiv.o)
    0x080002d4   0x080002d4   0x0000001e   Code   RO         4112    .text               mc_w.l(llshl.o)
    0x080002f2   0x080002f2   0x00000020   Code   RO         4114    .text               mc_w.l(llushr.o)
    0x08000312   0x08000312   0x00000002   PAD
    0x08000314   0x08000314   0x0000009c   Code   RO         4123    .text               mc_w.l(strtod.o)
    0x080003b0   0x080003b0   0x00000000   Code   RO         4125    .text               mc_w.l(iusefp.o)
    0x080003b0   0x080003b0   0x0000006e   Code   RO         4126    .text               mf_w.l(fepilogue.o)
    0x0800041e   0x0800041e   0x00000052   Code   RO         4128    .text               mf_w.l(frem.o)
    0x08000470   0x08000470   0x0000014e   Code   RO         4130    .text               mf_w.l(dadd.o)
    0x080005be   0x080005be   0x000000e4   Code   RO         4132    .text               mf_w.l(dmul.o)
    0x080006a2   0x080006a2   0x000000de   Code   RO         4134    .text               mf_w.l(ddiv.o)
    0x08000780   0x08000780   0x00000030   Code   RO         4136    .text               mf_w.l(dfixul.o)
    0x080007b0   0x080007b0   0x00000030   Code   RO         4138    .text               mf_w.l(cdrcmple.o)
    0x080007e0   0x080007e0   0x00000024   Code   RO         4140    .text               mc_w.l(init.o)
    0x08000804   0x08000804   0x00000024   Code   RO         4142    .text               mc_w.l(llsshr.o)
    0x08000828   0x08000828   0x0000000a   Code   RO         4144    .text               mc_w.l(isspace_c.o)
    0x08000832   0x08000832   0x00000002   PAD
    0x08000834   0x08000834   0x00000360   Code   RO         4146    .text               mc_w.l(scanf_fp.o)
    0x08000b94   0x08000b94   0x00000040   Code   RO         4150    .text               mc_w.l(_sgetc.o)
    0x08000bd4   0x08000bd4   0x000000ba   Code   RO         4152    .text               mf_w.l(depilogue.o)
    0x08000c8e   0x08000c8e   0x00000002   PAD
    0x08000c90   0x08000c90   0x00000028   Code   RO         4154    .text               mc_w.l(ctype_c.o)
    0x08000cb8   0x08000cb8   0x00000018   Code   RO         4157    .text               mf_w.l(dfltul.o)
    0x08000cd0   0x08000cd0   0x00000002   Code   RO          441    i.BusFault_Handler  stm32f4xx_it.o
    0x08000cd2   0x08000cd2   0x00000002   Code   RO          442    i.DebugMon_Handler  stm32f4xx_it.o
    0x08000cd4   0x08000cd4   0x00000004   Code   RO           13    i.Error_Handler     main.o
    0x08000cd8   0x08000cd8   0x00000092   Code   RO         1472    i.HAL_DMA_Abort     stm32f4xx_hal_dma.o
    0x08000d6a   0x08000d6a   0x00000024   Code   RO         1473    i.HAL_DMA_Abort_IT  stm32f4xx_hal_dma.o
    0x08000d8e   0x08000d8e   0x00000002   PAD
    0x08000d90   0x08000d90   0x000001f0   Code   RO         1365    i.HAL_GPIO_Init     stm32f4xx_hal_gpio.o
    0x08000f80   0x08000f80   0x00000010   Code   RO         1368    i.HAL_GPIO_TogglePin  stm32f4xx_hal_gpio.o
    0x08000f90   0x08000f90   0x0000000a   Code   RO         1369    i.HAL_GPIO_WritePin  stm32f4xx_hal_gpio.o
    0x08000f9a   0x08000f9a   0x00000002   PAD
    0x08000f9c   0x08000f9c   0x0000000c   Code   RO         1915    i.HAL_GetTick       stm32f4xx_hal.o
    0x08000fa8   0x08000fa8   0x00000188   Code   RO          566    i.HAL_I2C_Init      stm32f4xx_hal_i2c.o
    0x08001130   0x08001130   0x00000114   Code   RO          237    i.HAL_I2C_MspInit   i2c.o
    0x08001244   0x08001244   0x00000010   Code   RO         1921    i.HAL_IncTick       stm32f4xx_hal.o
    0x08001254   0x08001254   0x00000034   Code   RO         1922    i.HAL_Init          stm32f4xx_hal.o
    0x08001288   0x08001288   0x00000040   Code   RO         1923    i.HAL_InitTick      stm32f4xx_hal.o
    0x080012c8   0x080012c8   0x00000030   Code   RO          531    i.HAL_MspInit       stm32f4xx_hal_msp.o
    0x080012f8   0x080012f8   0x0000001a   Code   RO         1757    i.HAL_NVIC_EnableIRQ  stm32f4xx_hal_cortex.o
    0x08001312   0x08001312   0x00000002   PAD
    0x08001314   0x08001314   0x00000040   Code   RO         1763    i.HAL_NVIC_SetPriority  stm32f4xx_hal_cortex.o
    0x08001354   0x08001354   0x00000024   Code   RO         1764    i.HAL_NVIC_SetPriorityGrouping  stm32f4xx_hal_cortex.o
    0x08001378   0x08001378   0x00000134   Code   RO         1011    i.HAL_RCC_ClockConfig  stm32f4xx_hal_rcc.o
    0x080014ac   0x080014ac   0x0000000c   Code   RO         1016    i.HAL_RCC_GetHCLKFreq  stm32f4xx_hal_rcc.o
    0x080014b8   0x080014b8   0x00000020   Code   RO         1018    i.HAL_RCC_GetPCLK1Freq  stm32f4xx_hal_rcc.o
    0x080014d8   0x080014d8   0x00000020   Code   RO         1019    i.HAL_RCC_GetPCLK2Freq  stm32f4xx_hal_rcc.o
    0x080014f8   0x080014f8   0x00000064   Code   RO         1020    i.HAL_RCC_GetSysClockFreq  stm32f4xx_hal_rcc.o
    0x0800155c   0x0800155c   0x0000036c   Code   RO         1023    i.HAL_RCC_OscConfig  stm32f4xx_hal_rcc.o
    0x080018c8   0x080018c8   0x00000028   Code   RO         1768    i.HAL_SYSTICK_Config  stm32f4xx_hal_cortex.o
    0x080018f0   0x080018f0   0x00000054   Code   RO         2869    i.HAL_TIMEx_ConfigBreakDeadTime  stm32f4xx_hal_tim_ex.o
    0x08001944   0x08001944   0x00000090   Code   RO         2885    i.HAL_TIMEx_MasterConfigSynchronization  stm32f4xx_hal_tim_ex.o
    0x080019d4   0x080019d4   0x000000dc   Code   RO          326    i.HAL_TIM_MspPostInit  tim.o
    0x08001ab0   0x08001ab0   0x000000cc   Code   RO         2234    i.HAL_TIM_PWM_ConfigChannel  stm32f4xx_hal_tim.o
    0x08001b7c   0x08001b7c   0x0000005a   Code   RO         2237    i.HAL_TIM_PWM_Init  stm32f4xx_hal_tim.o
    0x08001bd6   0x08001bd6   0x00000002   PAD
    0x08001bd8   0x08001bd8   0x00000060   Code   RO          328    i.HAL_TIM_PWM_MspInit  tim.o
    0x08001c38   0x08001c38   0x000000c8   Code   RO         2242    i.HAL_TIM_PWM_Start  stm32f4xx_hal_tim.o
    0x08001d00   0x08001d00   0x00000002   Code   RO         3145    i.HAL_UARTEx_RxEventCallback  stm32f4xx_hal_uart.o
    0x08001d02   0x08001d02   0x00000002   Code   RO         3159    i.HAL_UART_ErrorCallback  stm32f4xx_hal_uart.o
    0x08001d04   0x08001d04   0x00000280   Code   RO         3162    i.HAL_UART_IRQHandler  stm32f4xx_hal_uart.o
    0x08001f84   0x08001f84   0x00000064   Code   RO         3163    i.HAL_UART_Init     stm32f4xx_hal_uart.o
    0x08001fe8   0x08001fe8   0x00000078   Code   RO          387    i.HAL_UART_MspInit  usart.o
    0x08002060   0x08002060   0x00000002   Code   RO         3169    i.HAL_UART_RxCpltCallback  stm32f4xx_hal_uart.o
    0x08002062   0x08002062   0x00000002   Code   RO         3174    i.HAL_UART_TxCpltCallback  stm32f4xx_hal_uart.o
    0x08002064   0x08002064   0x00000002   Code   RO          443    i.HardFault_Handler  stm32f4xx_it.o
    0x08002066   0x08002066   0x00000002   PAD
    0x08002068   0x08002068   0x00000100   Code   RO          212    i.MX_GPIO_Init      gpio.o
    0x08002168   0x08002168   0x00000040   Code   RO          238    i.MX_I2C1_Init      i2c.o
    0x080021a8   0x080021a8   0x00000040   Code   RO          239    i.MX_I2C2_Init      i2c.o
    0x080021e8   0x080021e8   0x00000040   Code   RO          240    i.MX_I2C3_Init      i2c.o
    0x08002228   0x08002228   0x000000e8   Code   RO          329    i.MX_TIM1_Init      tim.o
    0x08002310   0x08002310   0x00000094   Code   RO          330    i.MX_TIM3_Init      tim.o
    0x080023a4   0x080023a4   0x00000094   Code   RO          331    i.MX_TIM4_Init      tim.o
    0x08002438   0x08002438   0x00000040   Code   RO          388    i.MX_USART2_UART_Init  usart.o
    0x08002478   0x08002478   0x00000002   Code   RO          444    i.MemManage_Handler  stm32f4xx_it.o
    0x0800247a   0x0800247a   0x00000002   Code   RO          445    i.NMI_Handler       stm32f4xx_it.o
    0x0800247c   0x0800247c   0x00000002   Code   RO          446    i.PendSV_Handler    stm32f4xx_it.o
    0x0800247e   0x0800247e   0x00000002   Code   RO          447    i.SVC_Handler       stm32f4xx_it.o
    0x08002480   0x08002480   0x00000004   Code   RO          448    i.SysTick_Handler   stm32f4xx_it.o
    0x08002484   0x08002484   0x00000098   Code   RO           14    i.SystemClock_Config  main.o
    0x0800251c   0x0800251c   0x00000010   Code   RO         3497    i.SystemInit        system_stm32f4xx.o
    0x0800252c   0x0800252c   0x00000054   Code   RO         3718    i.TIM6_1ms_Init     timer.o
    0x08002580   0x08002580   0x00000020   Code   RO          449    i.TIM6_DAC_IRQHandler  stm32f4xx_it.o
    0x080025a0   0x080025a0   0x000000d0   Code   RO         2255    i.TIM_Base_SetConfig  stm32f4xx_hal_tim.o
    0x08002670   0x08002670   0x0000001a   Code   RO         2256    i.TIM_CCxChannelCmd  stm32f4xx_hal_tim.o
    0x0800268a   0x0800268a   0x00000002   PAD
    0x0800268c   0x0800268c   0x00000060   Code   RO         2268    i.TIM_OC1_SetConfig  stm32f4xx_hal_tim.o
    0x080026ec   0x080026ec   0x0000006c   Code   RO         2269    i.TIM_OC2_SetConfig  stm32f4xx_hal_tim.o
    0x08002758   0x08002758   0x00000068   Code   RO         2270    i.TIM_OC3_SetConfig  stm32f4xx_hal_tim.o
    0x080027c0   0x080027c0   0x00000050   Code   RO         2271    i.TIM_OC4_SetConfig  stm32f4xx_hal_tim.o
    0x08002810   0x08002810   0x0000000e   Code   RO         3176    i.UART_DMAAbortOnError  stm32f4xx_hal_uart.o
    0x0800281e   0x0800281e   0x0000004e   Code   RO         3186    i.UART_EndRxTransfer  stm32f4xx_hal_uart.o
    0x0800286c   0x0800286c   0x000000c2   Code   RO         3188    i.UART_Receive_IT   stm32f4xx_hal_uart.o
    0x0800292e   0x0800292e   0x00000002   PAD
    0x08002930   0x08002930   0x0000010c   Code   RO         3189    i.UART_SetConfig    stm32f4xx_hal_uart.o
    0x08002a3c   0x08002a3c   0x00000014   Code   RO          450    i.USART2_IRQHandler  stm32f4xx_it.o
    0x08002a50   0x08002a50   0x00000064   Code   RO          389    i.USART2_IRQHandler_User  usart.o
    0x08002ab4   0x08002ab4   0x00000002   Code   RO          451    i.UsageFault_Handler  stm32f4xx_it.o
    0x08002ab6   0x08002ab6   0x00000002   PAD
    0x08002ab8   0x08002ab8   0x00000020   Code   RO         4045    i.__0printf         mc_w.l(printfa.o)
    0x08002ad8   0x08002ad8   0x00000026   Code   RO         4077    i.__ARM_fpclassifyf  m_wm.l(fpclassifyf.o)
    0x08002afe   0x08002afe   0x00000020   Code   RO         1770    i.__NVIC_SetPriority  stm32f4xx_hal_cortex.o
    0x08002b1e   0x08002b1e   0x00000002   PAD
    0x08002b20   0x08002b20   0x000002ac   Code   RO         3775    i.__hardfp_atan2f   m_wm.l(atan2f.o)
    0x08002dcc   0x08002dcc   0x00000004   PAD
    0x08002dd0   0x08002dd0   0x00000038   Code   RO         3787    i.__hardfp_atof     m_wm.l(atof.o)
    0x08002e08   0x08002e08   0x000000b0   Code   RO         3793    i.__hardfp_fmodf    m_wm.l(fmodf.o)
    0x08002eb8   0x08002eb8   0x00000006   Code   RO         4081    i.__mathlib_flt_infnan2  m_wm.l(funder.o)
    0x08002ebe   0x08002ebe   0x00000002   PAD
    0x08002ec0   0x08002ec0   0x00000010   Code   RO         4082    i.__mathlib_flt_invalid  m_wm.l(funder.o)
    0x08002ed0   0x08002ed0   0x00000010   Code   RO         4085    i.__mathlib_flt_underflow  m_wm.l(funder.o)
    0x08002ee0   0x08002ee0   0x0000000c   Code   RO         4117    i.__read_errno      mc_w.l(errno.o)
    0x08002eec   0x08002eec   0x0000000e   Code   RO         4161    i.__scatterload_copy  mc_w.l(handlers.o)
    0x08002efa   0x08002efa   0x00000002   Code   RO         4162    i.__scatterload_null  mc_w.l(handlers.o)
    0x08002efc   0x08002efc   0x0000000e   Code   RO         4163    i.__scatterload_zeroinit  mc_w.l(handlers.o)
    0x08002f0a   0x08002f0a   0x00000002   PAD
    0x08002f0c   0x08002f0c   0x0000000c   Code   RO         4118    i.__set_errno       mc_w.l(errno.o)
    0x08002f18   0x08002f18   0x0000000e   Code   RO         3535    i._electricalAngle  foc_utils.o
    0x08002f26   0x08002f26   0x00000002   PAD
    0x08002f28   0x08002f28   0x00000184   Code   RO         4052    i._fp_digits        mc_w.l(printfa.o)
    0x080030ac   0x080030ac   0x0000000e   Code   RO         4148    i._is_digit         mc_w.l(scanf_fp.o)
    0x080030ba   0x080030ba   0x00000002   PAD
    0x080030bc   0x080030bc   0x0000002c   Code   RO         3536    i._normalizeAngle   foc_utils.o
    0x080030e8   0x080030e8   0x000006b4   Code   RO         4053    i._printf_core      mc_w.l(printfa.o)
    0x0800379c   0x0800379c   0x00000024   Code   RO         4054    i._printf_post_padding  mc_w.l(printfa.o)
    0x080037c0   0x080037c0   0x0000002e   Code   RO         4055    i._printf_pre_padding  mc_w.l(printfa.o)
    0x080037ee   0x080037ee   0x00000002   PAD
    0x080037f0   0x080037f0   0x000000f0   Code   RO         3537    i._sin              foc_utils.o
    0x080038e0   0x080038e0   0x00000018   Code   RO         3538    i._sqrtApprox       foc_utils.o
    0x080038f8   0x080038f8   0x000000fc   Code   RO         3625    i.angleOpenloop     bldcmotor.o
    0x080039f4   0x080039f4   0x000001c4   Code   RO           15    i.commander_run     main.o
    0x08003bb8   0x08003bb8   0x0000002e   Code   RO         3742    i.delay_ms          delay.o
    0x08003be6   0x08003be6   0x00000002   PAD
    0x08003be8   0x08003be8   0x00000018   Code   RO          390    i.fputc             usart.o
    0x08003c00   0x08003c00   0x00000284   Code   RO           16    i.main              main.o
    0x08003e84   0x08003e84   0x00000060   Code   RO         3626    i.move              bldcmotor.o
    0x08003ee4   0x08003ee4   0x0000021c   Code   RO         3627    i.setPhaseVoltage   bldcmotor.o
    0x08004100   0x08004100   0x00000018   Code   RO         3744    i.systick_CountMode  delay.o
    0x08004118   0x08004118   0x000000b4   Code   RO         3628    i.velocityOpenloop  bldcmotor.o
    0x080041cc   0x080041cc   0x00000010   Data   RO         3498    .constdata          system_stm32f4xx.o
    0x080041dc   0x080041dc   0x00000008   Data   RO         3499    .constdata          system_stm32f4xx.o
    0x080041e4   0x080041e4   0x00000320   Data   RO         3539    .constdata          foc_utils.o
    0x08004504   0x08004504   0x00000040   Data   RO         4155    .constdata          mc_w.l(ctype_c.o)
    0x08004544   0x08004544   0x000001b4   Data   RO           17    .conststring        main.o
    0x080046f8   0x080046f8   0x00000020   Data   RO         4159    Region$$Table       anon$$obj.o


    Execution Region RW_IRAM1 (Exec base: 0x20000000, Load base: 0x08004718, Size: 0x000007b0, Max: 0x0001c000, ABSOLUTE)

    Exec Addr    Load Addr    Size         Type   Attr      Idx    E Section Name        Object

    0x20000000   0x08004718   0x00000014   Data   RW           18    .data               main.o
    0x20000014   0x0800472c   0x00000002   Data   RW          392    .data               usart.o
    0x20000016   0x0800472e   0x00000002   PAD
    0x20000018   0x08004730   0x00000004   Data   RW          452    .data               stm32f4xx_it.o
    0x2000001c   0x08004734   0x0000000c   Data   RW         1929    .data               stm32f4xx_hal.o
    0x20000028   0x08004740   0x00000004   Data   RW         3500    .data               system_stm32f4xx.o
    0x2000002c   0x08004744   0x00000001   Data   RW         3596    .data               focmotor.o
    0x2000002d   0x08004745   0x00000003   PAD
    0x20000030   0x08004748   0x00000010   Data   RW         3630    .data               bldcmotor.o
    0x20000040   0x08004758   0x00000004   Data   RW         4109    .data               mc_w.l(stdout.o)
    0x20000044   0x0800475c   0x00000004   Data   RW         4119    .data               mc_w.l(errno.o)
    0x20000048        -       0x000000fc   Zero   RW          247    .bss                i2c.o
    0x20000144        -       0x000000d8   Zero   RW          332    .bss                tim.o
    0x2000021c        -       0x00000148   Zero   RW          391    .bss                usart.o
    0x20000364        -       0x0000000c   Zero   RW         3586    .bss                focmotor.o
    0x20000370        -       0x0000000c   Zero   RW         3589    .bss                focmotor.o
    0x2000037c        -       0x0000000c   Zero   RW         3590    .bss                focmotor.o
    0x20000388        -       0x00000018   Zero   RW         3591    .bss                focmotor.o
    0x200003a0        -       0x0000000c   Zero   RW         3629    .bss                bldcmotor.o
    0x200003ac   0x08004760   0x00000004   PAD
    0x200003b0        -       0x00000400   Zero   RW            1    STACK               startup_stm32f407xx.o


    Execution Region RW_IRAM2 (Exec base: 0x2001c000, Load base: 0x08004760, Size: 0x00000000, Max: 0x00004000, ABSOLUTE)

    **** No section assigned to this execution region ****


==============================================================================

Image component sizes


      Code (inc. data)   RO Data    RW Data    ZI Data      Debug   Object Name

      1068        124          0         16         12       5335   bldcmotor.o
        70          6          0          0          0       1159   delay.o
       322         38        800          0          0       3375   foc_utils.o
         0          0          0          1         60       1721   focmotor.o
       256         12          0          0          0       1255   gpio.o
       468         74          0          0        252       3649   i2c.o
      1252        348        436         20          0     705551   main.o
        36          8        392          0       1024        884   startup_stm32f407xx.o
       144         24          0         12          0       9213   stm32f4xx_hal.o
       198         14          0          0          0      34203   stm32f4xx_hal_cortex.o
       182          0          0          0          0       2291   stm32f4xx_hal_dma.o
       522         46          0          0          0       3093   stm32f4xx_hal_gpio.o
       392         16          0          0          0       3351   stm32f4xx_hal_i2c.o
        48          6          0          0          0        986   stm32f4xx_hal_msp.o
      1360         82          0          0          0       6180   stm32f4xx_hal_rcc.o
      1116        108          0          0          0       9070   stm32f4xx_hal_tim.o
       228         28          0          0          0       2384   stm32f4xx_hal_tim_ex.o
      1302         14          0          0          0       9056   stm32f4xx_hal_uart.o
        72         12          0          4          0       6145   stm32f4xx_it.o
        16          4         24          4          0       1319   system_stm32f4xx.o
       844         80          0          0        216       4513   tim.o
        84         10          0          0          0        928   timer.o
       308         40          0          2        328       3509   usart.o

    ----------------------------------------------------------------------
     10310       1094       1684         64       1896     819170   Object Totals
         0          0         32          0          0          0   (incl. Generated)
        22          0          0          5          4          0   (incl. Padding)

    ----------------------------------------------------------------------

      Code (inc. data)   RO Data    RW Data    ZI Data      Debug   Library Member Name

       684         90          0          0          0        208   atan2f.o
        56         12          0          0          0        132   atof.o
       176          0          0          0          0        168   fmodf.o
        38          0          0          0          0        116   fpclassifyf.o
        38         12          0          0          0        348   funder.o
        64          0          0          0          0         84   _sgetc.o
        40          6         64          0          0         68   ctype_c.o
         0          0          0          0          0          0   entry.o
         0          0          0          0          0          0   entry10a.o
         0          0          0          0          0          0   entry11a.o
         4          0          0          0          0          0   entry12b.o
         8          4          0          0          0          0   entry2.o
         4          0          0          0          0          0   entry5.o
         0          0          0          0          0          0   entry7b.o
         0          0          0          0          0          0   entry8b.o
         8          4          0          0          0          0   entry9a.o
        24         12          0          4          0        136   errno.o
        30          0          0          0          0          0   handlers.o
        36          8          0          0          0         68   init.o
        10          0          0          0          0         68   isspace_c.o
         0          0          0          0          0          0   iusefp.o
        30          0          0          0          0         68   llshl.o
        36          0          0          0          0         68   llsshr.o
        32          0          0          0          0         68   llushr.o
        36          0          0          0          0        108   memseta.o
      2218         90          0          0          0        464   printfa.o
       878         12          0          0          0        216   scanf_fp.o
         0          0          0          4          0          0   stdout.o
       156         12          0          0          0        120   strtod.o
        44          0          0          0          0         80   uidiv.o
        98          0          0          0          0         92   uldiv.o
        48          0          0          0          0         68   cdrcmple.o
        56          0          0          0          0         88   d2f.o
       334          0          0          0          0        148   dadd.o
       222          0          0          0          0        100   ddiv.o
       186          0          0          0          0        176   depilogue.o
        48          0          0          0          0         68   dfixul.o
        24          0          0          0          0         76   dfltul.o
       228          0          0          0          0         96   dmul.o
        38          0          0          0          0         68   f2d.o
       110          0          0          0          0        168   fepilogue.o
        82          0          0          0          0         96   frem.o

    ----------------------------------------------------------------------
      6142        266         64          8          0       3832   Library Totals
        18          4          0          0          0          0   (incl. Padding)

    ----------------------------------------------------------------------

      Code (inc. data)   RO Data    RW Data    ZI Data      Debug   Library Name

       992        114          0          0          0        972   m_wm.l
      3756        148         64          8          0       1708   mc_w.l
      1376          0          0          0          0       1152   mf_w.l

    ----------------------------------------------------------------------
      6142        266         64          8          0       3832   Library Totals

    ----------------------------------------------------------------------

==============================================================================


      Code (inc. data)   RO Data    RW Data    ZI Data      Debug   

     16452       1360       1748         72       1896     813802   Grand Totals
     16452       1360       1748         72       1896     813802   ELF Image Totals
     16452       1360       1748         72          0          0   ROM Totals

==============================================================================

    Total RO  Size (Code + RO Data)                18200 (  17.77kB)
    Total RW  Size (RW Data + ZI Data)              1968 (   1.92kB)
    Total ROM Size (Code + RO Data + RW Data)      18272 (  17.84kB)

==============================================================================

