Component: ARM Compiler 5.06 update 7 (build 960) Tool: armlink [4d3601]

==============================================================================

Section Cross References

    startup_stm32f407xx.o(RESET) refers to startup_stm32f407xx.o(STACK) for __initial_sp
    startup_stm32f407xx.o(RESET) refers to startup_stm32f407xx.o(.text) for Reset_Handler
    startup_stm32f407xx.o(RESET) refers to stm32f4xx_it.o(i.NMI_Handler) for NMI_Handler
    startup_stm32f407xx.o(RESET) refers to stm32f4xx_it.o(i.HardFault_Handler) for HardFault_Handler
    startup_stm32f407xx.o(RESET) refers to stm32f4xx_it.o(i.MemManage_Handler) for MemManage_Handler
    startup_stm32f407xx.o(RESET) refers to stm32f4xx_it.o(i.BusFault_Handler) for BusFault_Handler
    startup_stm32f407xx.o(RESET) refers to stm32f4xx_it.o(i.UsageFault_Handler) for UsageFault_Handler
    startup_stm32f407xx.o(RESET) refers to stm32f4xx_it.o(i.SVC_Handler) for SVC_Handler
    startup_stm32f407xx.o(RESET) refers to stm32f4xx_it.o(i.DebugMon_Handler) for DebugMon_Handler
    startup_stm32f407xx.o(RESET) refers to stm32f4xx_it.o(i.PendSV_Handler) for PendSV_Handler
    startup_stm32f407xx.o(RESET) refers to stm32f4xx_it.o(i.SysTick_Handler) for SysTick_Handler
    startup_stm32f407xx.o(RESET) refers to stm32f4xx_it.o(i.USART2_IRQHandler) for USART2_IRQHandler
    startup_stm32f407xx.o(RESET) refers to stm32f4xx_it.o(i.TIM6_DAC_IRQHandler) for TIM6_DAC_IRQHandler
    startup_stm32f407xx.o(.text) refers to system_stm32f4xx.o(i.SystemInit) for SystemInit
    startup_stm32f407xx.o(.text) refers to entry.o(.ARM.Collect$$$$00000000) for __main
    usart.o(i.HAL_USART_MspDeInit) refers to stm32f4xx_hal_gpio.o(i.HAL_GPIO_DeInit) for HAL_GPIO_DeInit
    usart.o(i.HAL_USART_MspInit) refers to memseta.o(.text) for __aeabi_memclr4
    usart.o(i.HAL_USART_MspInit) refers to stm32f4xx_hal_gpio.o(i.HAL_GPIO_Init) for HAL_GPIO_Init
    usart.o(i.MX_USART2_Init) refers to stm32f4xx_hal_usart.o(i.HAL_USART_Init) for HAL_USART_Init
    usart.o(i.MX_USART2_Init) refers to main.o(i.Error_Handler) for Error_Handler
    usart.o(i.MX_USART2_Init) refers to usart.o(.bss) for .bss
    usart.o(i.USART2_IRQHandler_User) refers to usart.o(.data) for .data
    usart.o(i.USART2_IRQHandler_User) refers to usart.o(.bss) for .bss
    main.o(i.SystemClock_Config) refers to memseta.o(.text) for __aeabi_memclr4
    main.o(i.SystemClock_Config) refers to stm32f4xx_hal_rcc.o(i.HAL_RCC_OscConfig) for HAL_RCC_OscConfig
    main.o(i.SystemClock_Config) refers to stm32f4xx_hal_rcc.o(i.HAL_RCC_ClockConfig) for HAL_RCC_ClockConfig
    main.o(i.commander_run) refers to printfa.o(i.__0printf) for __2printf
    main.o(i.commander_run) refers to atof.o(i.__hardfp_atof) for __hardfp_atof
    main.o(i.commander_run) refers to d2f.o(.text) for __aeabi_d2f
    main.o(i.commander_run) refers to f2d.o(.text) for __aeabi_f2d
    main.o(i.commander_run) refers to usart.o(.data) for USART_RX_STA
    main.o(i.commander_run) refers to usart.o(.bss) for USART_RX_BUF
    main.o(i.commander_run) refers to bldcmotor.o(.data) for voltage_limit
    main.o(i.commander_run) refers to main.o(.data) for .data
    main.o(i.main) refers to stm32f4xx_hal.o(i.HAL_Init) for HAL_Init
    main.o(i.main) refers to main.o(i.SystemClock_Config) for SystemClock_Config
    main.o(i.main) refers to gpio.o(i.MX_GPIO_Init) for MX_GPIO_Init
    main.o(i.main) refers to i2c.o(i.MX_I2C2_Init) for MX_I2C2_Init
    main.o(i.main) refers to i2c.o(i.MX_I2C1_Init) for MX_I2C1_Init
    main.o(i.main) refers to i2c.o(i.MX_I2C3_Init) for MX_I2C3_Init
    main.o(i.main) refers to tim.o(i.MX_TIM3_Init) for MX_TIM3_Init
    main.o(i.main) refers to tim.o(i.MX_TIM4_Init) for MX_TIM4_Init
    main.o(i.main) refers to tim.o(i.MX_TIM1_Init) for MX_TIM1_Init
    main.o(i.main) refers to stm32f4xx_hal_rcc.o(i.HAL_RCC_GetHCLKFreq) for HAL_RCC_GetHCLKFreq
    main.o(i.main) refers to printfa.o(i.__0printf) for __2printf
    main.o(i.main) refers to stm32f4xx_hal_rcc.o(i.HAL_RCC_GetPCLK1Freq) for HAL_RCC_GetPCLK1Freq
    main.o(i.main) refers to stm32f4xx_hal_rcc.o(i.HAL_RCC_GetPCLK2Freq) for HAL_RCC_GetPCLK2Freq
    main.o(i.main) refers to timer.o(i.TIM6_1ms_Init) for TIM6_1ms_Init
    main.o(i.main) refers to delay.o(i.delay_ms) for delay_ms
    main.o(i.main) refers to stm32f4xx_hal_gpio.o(i.HAL_GPIO_WritePin) for HAL_GPIO_WritePin
    main.o(i.main) refers to delay.o(i.systick_CountMode) for systick_CountMode
    main.o(i.main) refers to stm32f4xx_hal_tim.o(i.HAL_TIM_PWM_Start) for HAL_TIM_PWM_Start
    main.o(i.main) refers to stm32f4xx_hal_gpio.o(i.HAL_GPIO_TogglePin) for HAL_GPIO_TogglePin
    main.o(i.main) refers to f2d.o(.text) for __aeabi_f2d
    main.o(i.main) refers to bldcmotor.o(i.move) for move
    main.o(i.main) refers to main.o(i.commander_run) for commander_run
    main.o(i.main) refers to bldcmotor.o(.data) for voltage_power_supply
    main.o(i.main) refers to focmotor.o(.data) for controller
[...]
    Removing stm32f4xx_hal_tim.o(i.HAL_TIM_IC_Stop_IT), (146 bytes).
    Removing stm32f4xx_hal_tim.o(i.HAL_TIM_IRQHandler), (304 bytes).
    Removing stm32f4xx_hal_tim.o(i.HAL_TIM_OC_ConfigChannel), (82 bytes).
    Removing stm32f4xx_hal_tim.o(i.HAL_TIM_OC_DeInit), (92 bytes).
    Removing stm32f4xx_hal_tim.o(i.HAL_TIM_OC_DelayElapsedCallback), (2 bytes).
    Removing stm32f4xx_hal_tim.o(i.HAL_TIM_OC_GetState), (6 bytes).
    Removing stm32f4xx_hal_tim.o(i.HAL_TIM_OC_Init), (90 bytes).
    Removing stm32f4xx_hal_tim.o(i.HAL_TIM_OC_MspDeInit), (2 bytes).
    Removing stm32f4xx_hal_tim.o(i.HAL_TIM_OC_MspInit), (2 bytes).
    Removing stm32f4xx_hal_tim.o(i.HAL_TIM_OC_Start), (200 bytes).
    Removing stm32f4xx_hal_tim.o(i.HAL_TIM_OC_Start_DMA), (448 bytes).
    Removing stm32f4xx_hal_tim.o(i.HAL_TIM_OC_Start_IT), (244 bytes).
    Removing stm32f4xx_hal_tim.o(i.HAL_TIM_OC_Stop), (124 bytes).
    Removing stm32f4xx_hal_tim.o(i.HAL_TIM_OC_Stop_DMA), (204 bytes).
    Removing stm32f4xx_hal_tim.o(i.HAL_TIM_OC_Stop_IT), (188 bytes).
    Removing stm32f4xx_hal_tim.o(i.HAL_TIM_OnePulse_ConfigChannel), (230 bytes).
    Removing stm32f4xx_hal_tim.o(i.HAL_TIM_OnePulse_DeInit), (76 bytes).
    Removing stm32f4xx_hal_tim.o(i.HAL_TIM_OnePulse_GetState), (6 bytes).
    Removing stm32f4xx_hal_tim.o(i.HAL_TIM_OnePulse_Init), (86 bytes).
    Removing stm32f4xx_hal_tim.o(i.HAL_TIM_OnePulse_MspDeInit), (2 bytes).
    Removing stm32f4xx_hal_tim.o(i.HAL_TIM_OnePulse_MspInit), (2 bytes).
    Removing stm32f4xx_hal_tim.o(i.HAL_TIM_OnePulse_Start), (112 bytes).
    Removing stm32f4xx_hal_tim.o(i.HAL_TIM_OnePulse_Start_IT), (132 bytes).
    Removing stm32f4xx_hal_tim.o(i.HAL_TIM_OnePulse_Stop), (112 bytes).
    Removing stm32f4xx_hal_tim.o(i.HAL_TIM_OnePulse_Stop_IT), (132 bytes).
    Removing stm32f4xx_hal_tim.o(i.HAL_TIM_PWM_DeInit), (92 bytes).
    Removing stm32f4xx_hal_tim.o(i.HAL_TIM_PWM_GetState), (6 bytes).
    Removing stm32f4xx_hal_tim.o(i.HAL_TIM_PWM_MspDeInit), (2 bytes).
    Removing stm32f4xx_hal_tim.o(i.HAL_TIM_PWM_MspInit), (2 bytes).
    Removing stm32f4xx_hal_tim.o(i.HAL_TIM_PWM_PulseFinishedCallback), (2 bytes).
    Removing stm32f4xx_hal_tim.o(i.HAL_TIM_PWM_PulseFinishedHalfCpltCallback), (2 bytes).
    Removing stm32f4xx_hal_tim.o(i.HAL_TIM_PWM_Start_DMA), (448 bytes).
    Removing stm32f4xx_hal_tim.o(i.HAL_TIM_PWM_Start_IT), (244 bytes).
    Removing stm32f4xx_hal_tim.o(i.HAL_TIM_PWM_Stop), (124 bytes).
    Removing stm32f4xx_hal_tim.o(i.HAL_TIM_PWM_Stop_DMA), (204 bytes).
    Removing stm32f4xx_hal_tim.o(i.HAL_TIM_PWM_Stop_IT), (188 bytes).
    Removing stm32f4xx_hal_tim.o(i.HAL_TIM_PeriodElapsedCallback), (2 bytes).
    Removing stm32f4xx_hal_tim.o(i.HAL_TIM_PeriodElapsedHalfCpltCallback), (2 bytes).
    Removing stm32f4xx_hal_tim.o(i.HAL_TIM_ReadCapturedValue), (42 bytes).
    Removing stm32f4xx_hal_tim.o(i.HAL_TIM_SlaveConfigSynchro), (86 bytes).
    Removing stm32f4xx_hal_tim.o(i.HAL_TIM_SlaveConfigSynchro_IT), (86 bytes).
    Removing stm32f4xx_hal_tim.o(i.HAL_TIM_TriggerCallback), (2 bytes).
    Removing stm32f4xx_hal_tim.o(i.HAL_TIM_TriggerHalfCpltCallback), (2 bytes).
    Removing stm32f4xx_hal_tim.o(i.TIM_DMACaptureCplt), (110 bytes).
    Removing stm32f4xx_hal_tim.o(i.TIM_DMACaptureHalfCplt), (56 bytes).
    Removing stm32f4xx_hal_tim.o(i.TIM_DMADelayPulseCplt), (94 bytes).
    Removing stm32f4xx_hal_tim.o(i.TIM_DMADelayPulseHalfCplt), (56 bytes).
    Removing stm32f4xx_hal_tim.o(i.TIM_DMAError), (84 bytes).
    Removing stm32f4xx_hal_tim.o(i.TIM_DMAPeriodElapsedCplt), (22 bytes).
    Removing stm32f4xx_hal_tim.o(i.TIM_DMAPeriodElapsedHalfCplt), (10 bytes).
    Removing stm32f4xx_hal_tim.o(i.TIM_DMATriggerCplt), (22 bytes).
    Removing stm32f4xx_hal_tim.o(i.TIM_DMATriggerHalfCplt), (10 bytes).
    Removing stm32f4xx_hal_tim.o(i.TIM_ETR_SetConfig), (20 bytes).
    Removing stm32f4xx_hal_tim.o(i.TIM_ITRx_SetConfig), (16 bytes).
    Removing stm32f4xx_hal_tim.o(i.TIM_SlaveTimer_SetConfig), (140 bytes).
    Removing stm32f4xx_hal_tim.o(i.TIM_TI1_ConfigInputStage), (34 bytes).
    Removing stm32f4xx_hal_tim.o(i.TIM_TI1_SetConfig), (128 bytes).
    Removing stm32f4xx_hal_tim.o(i.TIM_TI2_ConfigInputStage), (36 bytes).
    Removing stm32f4xx_hal_tim.o(i.TIM_TI2_SetConfig), (54 bytes).
    Removing stm32f4xx_hal_tim_ex.o(.rev16_text), (4 bytes).
    Removing stm32f4xx_hal_tim_ex.o(.revsh_text), (4 bytes).
    Removing stm32f4xx_hal_tim_ex.o(.rrx_text), (6 bytes).
    Removing stm32f4xx_hal_tim_ex.o(i.HAL_TIMEx_BreakCallback), (2 bytes).
    Removing stm32f4xx_hal_tim_ex.o(i.HAL_TIMEx_CommutCallback), (2 bytes).
    Removing stm32f4xx_hal_tim_ex.o(i.HAL_TIMEx_CommutHalfCpltCallback), (2 bytes).
    Removing stm32f4xx_hal_tim_ex.o(i.HAL_TIMEx_ConfigCommutEvent), (112 bytes).
    Removing stm32f4xx_hal_tim_ex.o(i.HAL_TIMEx_ConfigCommutEvent_DMA), (144 bytes).
    Removing stm32f4xx_hal_tim_ex.o(i.HAL_TIMEx_ConfigCommutEvent_IT), (112 bytes).
    Removing stm32f4xx_hal_tim_ex.o(i.HAL_TIMEx_GetChannelNState), (34 bytes).
    Removing stm32f4xx_hal_tim_ex.o(i.HAL_TIMEx_HallSensor_DeInit), (76 bytes).
    Removing stm32f4xx_hal_tim_ex.o(i.HAL_TIMEx_HallSensor_GetState), (6 bytes).
    Removing stm32f4xx_hal_tim_ex.o(i.HAL_TIMEx_HallSensor_Init), (208 bytes).
    Removing stm32f4xx_hal_tim_ex.o(i.HAL_TIMEx_HallSensor_MspDeInit), (2 bytes).
    Removing stm32f4xx_hal_tim_ex.o(i.HAL_TIMEx_HallSensor_MspInit), (2 bytes).
    Removing stm32f4xx_hal_tim_ex.o(i.HAL_TIMEx_HallSensor_Start), (168 bytes).
    Removing stm32f4xx_hal_tim_ex.o(i.HAL_TIMEx_HallSensor_Start_DMA), (224 bytes).
    Removing stm32f4xx_hal_tim_ex.o(i.HAL_TIMEx_HallSensor_Start_IT), (180 bytes).
    Removing stm32f4xx_hal_tim_ex.o(i.HAL_TIMEx_HallSensor_Stop), (58 bytes).
    Removing stm32f4xx_hal_tim_ex.o(i.HAL_TIMEx_HallSensor_Stop_DMA), (70 bytes).
    Removing stm32f4xx_hal_tim_ex.o(i.HAL_TIMEx_HallSensor_Stop_IT), (68 bytes).
    Removing stm32f4xx_hal_tim_ex.o(i.HAL_TIMEx_OCN_Start), (192 bytes).
    Removing stm32f4xx_hal_tim_ex.o(i.HAL_TIMEx_OCN_Start_DMA), (392 bytes).
    Removing stm32f4xx_hal_tim_ex.o(i.HAL_TIMEx_OCN_Start_IT), (232 bytes).
    Removing stm32f4xx_hal_tim_ex.o(i.HAL_TIMEx_OCN_Stop), (104 bytes).
    Removing stm32f4xx_hal_tim_ex.o(i.HAL_TIMEx_OCN_Stop_DMA), (168 bytes).
    Removing stm32f4xx_hal_tim_ex.o(i.HAL_TIMEx_OCN_Stop_IT), (170 bytes).
    Removing stm32f4xx_hal_tim_ex.o(i.HAL_TIMEx_OnePulseN_Start), (100 bytes).
    Removing stm32f4xx_hal_tim_ex.o(i.HAL_TIMEx_OnePulseN_Start_IT), (120 bytes).
    Removing stm32f4xx_hal_tim_ex.o(i.HAL_TIMEx_OnePulseN_Stop), (98 bytes).
    Removing stm32f4xx_hal_tim_ex.o(i.HAL_TIMEx_OnePulseN_Stop_IT), (120 bytes).
    Removing stm32f4xx_hal_tim_ex.o(i.HAL_TIMEx_PWMN_Start), (192 bytes).
    Removing stm32f4xx_hal_tim_ex.o(i.HAL_TIMEx_PWMN_Start_DMA), (392 bytes).
    Removing stm32f4xx_hal_tim_ex.o(i.HAL_TIMEx_PWMN_Start_IT), (232 bytes).
    Removing stm32f4xx_hal_tim_ex.o(i.HAL_TIMEx_PWMN_Stop), (104 bytes).
    Removing stm32f4xx_hal_tim_ex.o(i.HAL_TIMEx_PWMN_Stop_DMA), (168 bytes).
    Removing stm32f4xx_hal_tim_ex.o(i.HAL_TIMEx_PWMN_Stop_IT), (170 bytes).
    Removing stm32f4xx_hal_tim_ex.o(i.HAL_TIMEx_RemapConfig), (28 bytes).
    Removing stm32f4xx_hal_tim_ex.o(i.TIMEx_DMACommutationCplt), (16 bytes).
    Removing stm32f4xx_hal_tim_ex.o(i.TIMEx_DMACommutationHalfCplt), (16 bytes).
    Removing stm32f4xx_hal_tim_ex.o(i.TIM_CCxNChannelCmd), (26 bytes).
    Removing stm32f4xx_hal_tim_ex.o(i.TIM_DMADelayPulseNCplt), (74 bytes).
    Removing stm32f4xx_hal_tim_ex.o(i.TIM_DMAErrorCCxN), (62 bytes).
    Removing system_stm32f4xx.o(.rev16_text), (4 bytes).
    Removing system_stm32f4xx.o(.revsh_text), (4 bytes).
    Removing system_stm32f4xx.o(.rrx_text), (6 bytes).
    Removing system_stm32f4xx.o(i.SystemCoreClockUpdate), (124 bytes).
    Removing foc_utils.o(.rev16_text), (4 bytes).
    Removing foc_utils.o(.revsh_text), (4 bytes).
    Removing foc_utils.o(.rrx_text), (6 bytes).
    Removing foc_utils.o(i._cos), (44 bytes).
    Removing focmotor.o(.rev16_text), (4 bytes).
    Removing focmotor.o(.revsh_text), (4 bytes).
    Removing focmotor.o(.rrx_text), (6 bytes).
    Removing focmotor.o(i.electricalAngle), (44 bytes).
    Removing focmotor.o(.data), (4 bytes).
    Removing focmotor.o(.data), (4 bytes).
    Removing focmotor.o(.data), (4 bytes).
    Removing focmotor.o(.data), (8 bytes).
    Removing focmotor.o(.data), (1 bytes).
    Removing bldcmotor.o(.rev16_text), (4 bytes).
    Removing bldcmotor.o(.revsh_text), (4 bytes).
    Removing bldcmotor.o(.rrx_text), (6 bytes).
    Removing currentsense.o(.rev16_text), (4 bytes).
    Removing currentsense.o(.revsh_text), (4 bytes).
    Removing currentsense.o(.rrx_text), (6 bytes).
    Removing currentsense.o(i.getDCCurrent), (128 bytes).
    Removing currentsense.o(i.getFOCCurrents), (96 bytes).
    Removing currentsense.o(i.getPhaseCurrents), (16 bytes).
    Removing timer.o(.rev16_text), (4 bytes).
    Removing timer.o(.revsh_text), (4 bytes).
    Removing timer.o(.rrx_text), (6 bytes).
    Removing delay.o(.rev16_text), (4 bytes).
    Removing delay.o(.revsh_text), (4 bytes).
    Removing delay.o(.rrx_text), (6 bytes).
    Removing delay.o(i.delay_us), (38 bytes).

519 unused section(s) (total 44819 bytes) removed from the image.

==============================================================================

Image Symbol Table

    Local Symbols

    Symbol Name                              Value     Ov Type        Size  Object(Section)

    ../Core/Src/gpio.c                       0x00000000   Number         0  gpio.o ABSOLUTE
    ../Core/Src/i2c.c                        0x00000000   Number         0  i2c.o ABSOLUTE
    ../Core/Src/main.c                       0x00000000   Number         0  main.o ABSOLUTE
    ../Core/Src/stm32f4xx_hal_msp.c          0x00000000   Number         0  stm32f4xx_hal_msp.o ABSOLUTE
    ../Core/Src/stm32f4xx_it.c               0x00000000   Number         0  stm32f4xx_it.o ABSOLUTE
    ../Core/Src/system_stm32f4xx.c           0x00000000   Number         0  system_stm32f4xx.o ABSOLUTE
    ../Core/Src/tim.c                        0x00000000   Number         0  tim.o ABSOLUTE
    ../Core/Src/usart.c                      0x00000000   Number         0  usart.o ABSOLUTE
    ../Drivers/STM32F4xx_HAL_Driver/Src/stm32f4xx_hal.c 0x00000000   Number         0  stm32f4xx_hal.o ABSOLUTE
    ../Drivers/STM32F4xx_HAL_Driver/Src/stm32f4xx_hal_cortex.c 0x00000000   Number         0  stm32f4xx_hal_cortex.o ABSOLUTE
    ../Drivers/STM32F4xx_HAL_Driver/Src/stm32f4xx_hal_dma.c 0x00000000   Number         0  stm32f4xx_hal_dma.o ABSOLUTE
    ../Drivers/STM32F4xx_HAL_Driver/Src/stm32f4xx_hal_dma_ex.c 0x00000000   Number         0  stm32f4xx_hal_dma_ex.o ABSOLUTE
    ../Drivers/STM32F4xx_HAL_Driver/Src/stm32f4xx_hal_exti.c 0x00000000   Number         0  stm32f4xx_hal_exti.o ABSOLUTE
    ../Drivers/STM32F4xx_HAL_Driver/Src/stm32f4xx_hal_flash.c 0x00000000   Number         0  stm32f4xx_hal_flash.o ABSOLUTE
    ../Drivers/STM32F4xx_HAL_Driver/Src/stm32f4xx_hal_flash_ex.c 0x00000000   Number         0  stm32f4xx_hal_flash_ex.o ABSOLUTE
    ../Drivers/STM32F4xx_HAL_Driver/Src/stm32f4xx_hal_flash_ramfunc.c 0x00000000   Number         0  stm32f4xx_hal_flash_ramfunc.o ABSOLUTE
    ../Drivers/STM32F4xx_HAL_Driver/Src/stm32f4xx_hal_gpio.c 0x00000000   Number         0  stm32f4xx_hal_gpio.o ABSOLUTE
    ../Drivers/STM32F4xx_HAL_Driver/Src/stm32f4xx_hal_i2c.c 0x00000000   Number         0  stm32f4xx_hal_i2c.o ABSOLUTE
    ../Drivers/STM32F4xx_HAL_Driver/Src/stm32f4xx_hal_i2c_ex.c 0x00000000   Number         0  stm32f4xx_hal_i2c_ex.o ABSOLUTE
    ../Drivers/STM32F4xx_HAL_Driver/Src/stm32f4xx_hal_pwr.c 0x00000000   Number         0  stm32f4xx_hal_pwr.o ABSOLUTE
    ../Drivers/STM32F4xx_HAL_Driver/Src/stm32f4xx_hal_pwr_ex.c 0x00000000   Number         0  stm32f4xx_hal_pwr_ex.o ABSOLUTE
    ../Drivers/STM32F4xx_HAL_Driver/Src/stm32f4xx_hal_rcc.c 0x00000000   Number         0  stm32f4xx_hal_rcc.o ABSOLUTE
    ../Drivers/STM32F4xx_HAL_Driver/Src/stm32f4xx_hal_rcc_ex.c 0x00000000   Number         0  stm32f4xx_hal_rcc_ex.o ABSOLUTE
    ../Drivers/STM32F4xx_HAL_Driver/Src/stm32f4xx_hal_tim.c 0x00000000   Number         0  stm32f4xx_hal_tim.o ABSOLUTE
    ../Drivers/STM32F4xx_HAL_Driver/Src/stm32f4xx_hal_tim_ex.c 0x00000000   Number         0  stm32f4xx_hal_tim_ex.o ABSOLUTE
    ../Drivers/STM32F4xx_HAL_Driver/Src/stm32f4xx_hal_usart.c 0x00000000   Number         0  stm32f4xx_hal_usart.o ABSOLUTE
    ../Hardware/delay.c                      0x00000000   Number         0  delay.o ABSOLUTE
    ../Hardware/timer.c                      0x00000000   Number         0  timer.o ABSOLUTE
    ../SimpleFOC/BLDCMotor.c                 0x00000000   Number         0  bldcmotor.o ABSOLUTE
    ../SimpleFOC/CurrentSense.c              0x00000000   Number         0  currentsense.o ABSOLUTE
    ../SimpleFOC/FOCMotor.c                  0x00000000   Number         0  focmotor.o ABSOLUTE
    ../SimpleFOC/foc_utils.c                 0x00000000   Number         0  foc_utils.o ABSOLUTE
    ../clib/microlib/ctype/ctype.c           0x00000000   Number         0  isspace_c.o ABSOLUTE
    ../clib/microlib/ctype/ctype.c           0x00000000   Number         0  ctype_c.o ABSOLUTE
    ../clib/microlib/division.c              0x00000000   Number         0  uldiv.o ABSOLUTE
    ../clib/microlib/division.c              0x00000000   Number         0  uidiv.o ABSOLUTE
    ../clib/microlib/errno.c                 0x00000000   Number         0  errno.o ABSOLUTE
    ../clib/microlib/init/entry.s            0x00000000   Number         0  entry11a.o ABSOLUTE
    ../clib/microlib/init/entry.s            0x00000000   Number         0  entry7a.o ABSOLUTE
    ../clib/microlib/init/entry.s            0x00000000   Number         0  entry5.o ABSOLUTE
    ../clib/microlib/init/entry.s            0x00000000   Number         0  entry7b.o ABSOLUTE
    ../clib/microlib/init/entry.s            0x00000000   Number         0  entry2.o ABSOLUTE
    ../clib/microlib/init/entry.s            0x00000000   Number         0  entry.o ABSOLUTE
    ../clib/microlib/init/entry.s            0x00000000   Number         0  entry12b.o ABSOLUTE
    ../clib/microlib/init/entry.s            0x00000000   Number         0  entry12a.o ABSOLUTE
    ../clib/microlib/init/entry.s            0x00000000   Number         0  entry11b.o ABSOLUTE
    ../clib/microlib/init/entry.s            0x00000000   Number         0  entry10b.o ABSOLUTE
    ../clib/microlib/init/entry.s            0x00000000   Number         0  entry10a.o ABSOLUTE
    ../clib/microlib/init/entry.s            0x00000000   Number         0  entry9b.o ABSOLUTE
    ../clib/microlib/init/entry.s            0x00000000   Number         0  entry9a.o ABSOLUTE
    ../clib/microlib/init/entry.s            0x00000000   Number         0  entry8b.o ABSOLUTE
    ../clib/microlib/init/entry.s            0x00000000   Number         0  entry8a.o ABSOLUTE
    ../clib/microlib/longlong.c              0x00000000   Number         0  llsshr.o ABSOLUTE
    ../clib/microlib/longlong.c              0x00000000   Number         0  llushr.o ABSOLUTE
    ../clib/microlib/longlong.c              0x00000000   Number         0  llshl.o ABSOLUTE
    ../clib/microlib/printf/printf.c         0x00000000   Number         0  printf5.o ABSOLUTE
    ../clib/microlib/printf/printf.c         0x00000000   Number         0  printf2.o ABSOLUTE
    ../clib/microlib/printf/printf.c         0x00000000   Number         0  printfa.o ABSOLUTE
    ../clib/microlib/printf/printf.c         0x00000000   Number         0  printfb.o ABSOLUTE
    ../clib/microlib/printf/printf.c         0x00000000   Number         0  printf6.o ABSOLUTE
    ../clib/microlib/printf/printf.c         0x00000000   Number         0  printf0.o ABSOLUTE
    ../clib/microlib/printf/printf.c         0x00000000   Number         0  printf1.o ABSOLUTE
    ../clib/microlib/printf/printf.c         0x00000000   Number         0  printf8.o ABSOLUTE
    ../clib/microlib/printf/printf.c         0x00000000   Number         0  printf7.o ABSOLUTE
    ../clib/microlib/printf/printf.c         0x00000000   Number         0  printf4.o ABSOLUTE
    ../clib/microlib/printf/printf.c         0x00000000   Number         0  printf3.o ABSOLUTE
    ../clib/microlib/printf/stubs.s          0x00000000   Number         0  stubs.o ABSOLUTE
    ../clib/microlib/stdio/streams.c         0x00000000   Number         0  stdout.o ABSOLUTE
    ../clib/microlib/string/memset.c         0x00000000   Number         0  memseta.o ABSOLUTE
    ../clib/microlib/stubs.s                 0x00000000   Number         0  iusefp.o ABSOLUTE
    ../clib/scanf.c                          0x00000000   Number         0  strtod.o ABSOLUTE
    ../clib/scanf.c                          0x00000000   Number         0  scanf_fp.o ABSOLUTE
    ../clib/scanf.c                          0x00000000   Number         0  _sgetc.o ABSOLUTE
    ../fplib/microlib/d2f.c                  0x00000000   Number         0  d2f.o ABSOLUTE
    ../fplib/microlib/f2d.c                  0x00000000   Number         0  f2d.o ABSOLUTE
    ../fplib/microlib/fpadd.c                0x00000000   Number         0  dadd.o ABSOLUTE
    ../fplib/microlib/fpdiv.c                0x00000000   Number         0  ddiv.o ABSOLUTE
    ../fplib/microlib/fpepilogue.c           0x00000000   Number         0  depilogue.o ABSOLUTE
    ../fplib/microlib/fpepilogue.c           0x00000000   Number         0  fepilogue.o ABSOLUTE
    ../fplib/microlib/fpfix.c                0x00000000   Number         0  dfixi.o ABSOLUTE
    ../fplib/microlib/fpfix.c                0x00000000   Number         0  dfixul.o ABSOLUTE
    ../fplib/microlib/fpflt.c                0x00000000   Number         0  dfltul.o ABSOLUTE
    ../fplib/microlib/fpmul.c                0x00000000   Number         0  dmul.o ABSOLUTE
    ../fplib/microlib/fprem.c                0x00000000   Number         0  frem.o ABSOLUTE
    ../mathlib/atan2f.c                      0x00000000   Number         0  atan2f_x.o ABSOLUTE
    ../mathlib/atan2f.c                      0x00000000   Number         0  atan2f.o ABSOLUTE
    ../mathlib/atof.c                        0x00000000   Number         0  atof.o ABSOLUTE
    ../mathlib/fmodf.c                       0x00000000   Number         0  fmodf_x.o ABSOLUTE
    ../mathlib/fmodf.c                       0x00000000   Number         0  fmodf.o ABSOLUTE
    ../mathlib/fpclassifyf.c                 0x00000000   Number         0  fpclassifyf.o ABSOLUTE
    ../mathlib/funder.c                      0x00000000   Number         0  funder.o ABSOLUTE
    ..\Core\Src\gpio.c                       0x00000000   Number         0  gpio.o ABSOLUTE
    ..\Core\Src\i2c.c                        0x00000000   Number         0  i2c.o ABSOLUTE
    ..\Core\Src\main.c                       0x00000000   Number         0  main.o ABSOLUTE
    ..\Core\Src\stm32f4xx_hal_msp.c          0x00000000   Number         0  stm32f4xx_hal_msp.o ABSOLUTE
    ..\Core\Src\stm32f4xx_it.c               0x00000000   Number         0  stm32f4xx_it.o ABSOLUTE
    ..\Core\Src\system_stm32f4xx.c           0x00000000   Number         0  system_stm32f4xx.o ABSOLUTE
    ..\Core\Src\tim.c                        0x00000000   Number         0  tim.o ABSOLUTE
    ..\Core\Src\usart.c                      0x00000000   Number         0  usart.o ABSOLUTE
    ..\Drivers\STM32F4xx_HAL_Driver\Src\stm32f4xx_hal.c 0x00000000   Number         0  stm32f4xx_hal.o ABSOLUTE
    ..\Drivers\STM32F4xx_HAL_Driver\Src\stm32f4xx_hal_cortex.c 0x00000000   Number         0  stm32f4xx_hal_cortex.o ABSOLUTE
    ..\Drivers\STM32F4xx_HAL_Driver\Src\stm32f4xx_hal_dma.c 0x00000000   Number         0  stm32f4xx_hal_dma.o ABSOLUTE
    ..\Drivers\STM32F4xx_HAL_Driver\Src\stm32f4xx_hal_dma_ex.c 0x00000000   Number         0  stm32f4xx_hal_dma_ex.o ABSOLUTE
    ..\Drivers\STM32F4xx_HAL_Driver\Src\stm32f4xx_hal_exti.c 0x00000000   Number         0  stm32f4xx_hal_exti.o ABSOLUTE
    ..\Drivers\STM32F4xx_HAL_Driver\Src\stm32f4xx_hal_flash.c 0x00000000   Number         0  stm32f4xx_hal_flash.o ABSOLUTE
    ..\Drivers\STM32F4xx_HAL_Driver\Src\stm32f4xx_hal_flash_ex.c 0x00000000   Number         0  stm32f4xx_hal_flash_ex.o ABSOLUTE
    ..\Drivers\STM32F4xx_HAL_Driver\Src\stm32f4xx_hal_flash_ramfunc.c 0x00000000   Number         0  stm32f4xx_hal_flash_ramfunc.o ABSOLUTE
    ..\Drivers\STM32F4xx_HAL_Driver\Src\stm32f4xx_hal_gpio.c 0x00000000   Number         0  stm32f4xx_hal_gpio.o ABSOLUTE
    ..\Drivers\STM32F4xx_HAL_Driver\Src\stm32f4xx_hal_i2c.c 0x00000000   Number         0  stm32f4xx_hal_i2c.o ABSOLUTE
    ..\Drivers\STM32F4xx_HAL_Driver\Src\stm32f4xx_hal_i2c_ex.c 0x00000000   Number         0  stm32f4xx_hal_i2c_ex.o ABSOLUTE
    ..\Drivers\STM32F4xx_HAL_Driver\Src\stm32f4xx_hal_pwr.c 0x00000000   Number         0  stm32f4xx_hal_pwr.o ABSOLUTE
    ..\Drivers\STM32F4xx_HAL_Driver\Src\stm32f4xx_hal_pwr_ex.c 0x00000000   Number         0  stm32f4xx_hal_pwr_ex.o ABSOLUTE
    ..\Drivers\STM32F4xx_HAL_Driver\Src\stm32f4xx_hal_rcc.c 0x00000000   Number         0  stm32f4xx_hal_rcc.o ABSOLUTE
    ..\Drivers\STM32F4xx_HAL_Driver\Src\stm32f4xx_hal_rcc_ex.c 0x00000000   Number         0  stm32f4xx_hal_rcc_ex.o ABSOLUTE
    ..\Drivers\STM32F4xx_HAL_Driver\Src\stm32f4xx_hal_tim.c 0x00000000   Number         0  stm32f4xx_hal_tim.o ABSOLUTE
    ..\Drivers\STM32F4xx_HAL_Driver\Src\stm32f4xx_hal_tim_ex.c 0x00000000   Number         0  stm32f4xx_hal_tim_ex.o ABSOLUTE
    ..\Drivers\STM32F4xx_HAL_Driver\Src\stm32f4xx_hal_usart.c 0x00000000   Number         0  stm32f4xx_hal_usart.o ABSOLUTE
    ..\Hardware\delay.c                      0x00000000   Number         0  delay.o ABSOLUTE
    ..\Hardware\timer.c                      0x00000000   Number         0  timer.o ABSOLUTE
    ..\SimpleFOC\BLDCMotor.c                 0x00000000   Number         0  bldcmotor.o ABSOLUTE
    ..\SimpleFOC\CurrentSense.c              0x00000000   Number         0  currentsense.o ABSOLUTE
    ..\SimpleFOC\FOCMotor.c                  0x00000000   Number         0  focmotor.o ABSOLUTE
    ..\SimpleFOC\foc_utils.c                 0x00000000   Number         0  foc_utils.o ABSOLUTE
    cdrcmple.s                               0x00000000   Number         0  cdrcmple.o ABSOLUTE
    dc.s                                     0x00000000   Number         0  dc.o ABSOLUTE
    handlers.s                               0x00000000   Number         0  handlers.o ABSOLUTE
    init.s                                   0x00000000   Number         0  init.o ABSOLUTE
    startup_stm32f407xx.s                    0x00000000   Number         0  startup_stm32f407xx.o ABSOLUTE
    RESET                                    0x08000000   Section      392  startup_stm32f407xx.o(RESET)
    .ARM.Collect$$$$00000000                 0x08000188   Section        0  entry.o(.ARM.Collect$$$$00000000)
    .ARM.Collect$$$$00000001                 0x08000188   Section        4  entry2.o(.ARM.Collect$$$$00000001)
    .ARM.Collect$$$$00000004                 0x0800018c   Section        4  entry5.o(.ARM.Collect$$$$00000004)
    .ARM.Collect$$$$00000008                 0x08000190   Section        0  entry7b.o(.ARM.Collect$$$$00000008)
    .ARM.Collect$$$$0000000A                 0x08000190   Section        0  entry8b.o(.ARM.Collect$$$$0000000A)
    .ARM.Collect$$$$0000000B                 0x08000190   Section        8  entry9a.o(.ARM.Collect$$$$0000000B)
    .ARM.Collect$$$$0000000E                 0x08000198   Section        4  entry12b.o(.ARM.Collect$$$$0000000E)
    .ARM.Collect$$$$0000000F                 0x0800019c   Section        0  entry10a.o(.ARM.Collect$$$$0000000F)
    .ARM.Collect$$$$00000011                 0x0800019c   Section        0  entry11a.o(.ARM.Collect$$$$00000011)
    .ARM.Collect$$$$00002712                 0x0800019c   Section        4  entry2.o(.ARM.Collect$$$$00002712)
    __lit__00000000                          0x0800019c   Data           4  entry2.o(.ARM.Collect$$$$00002712)
    .text                                    0x080001a0   Section       36  startup_stm32f407xx.o(.text)
    $v0                                      0x080001a0   Number         0  startup_stm32f407xx.o(.text)
    .text                                    0x080001c4   Section        0  uldiv.o(.text)
    .text                                    0x08000226   Section        0  memseta.o(.text)
    .text                                    0x0800024a   Section        0  dadd.o(.text)
    .text                                    0x08000398   Section        0  dfixi.o(.text)
    .text                                    0x080003d6   Section        0  f2d.o(.text)
    .text                                    0x080003fc   Section        0  d2f.o(.text)
    .text                                    0x08000434   Section        0  uidiv.o(.text)
    .text                                    0x08000460   Section        0  llshl.o(.text)
    .text                                    0x0800047e   Section        0  llushr.o(.text)
    .text                                    0x0800049e   Section        0  llsshr.o(.text)
    .text                                    0x080004c4   Section        0  strtod.o(.text)
    _local_sscanf                            0x080004c5   Thumb Code    54  strtod.o(.text)
    .text                                    0x08000560   Section        0  iusefp.o(.text)
    .text                                    0x08000560   Section        0  fepilogue.o(.text)
    .text                                    0x080005ce   Section        0  frem.o(.text)
    .text                                    0x08000620   Section        0  depilogue.o(.text)
    .text                                    0x080006da   Section        0  dmul.o(.text)
    .text                                    0x080007be   Section        0  ddiv.o(.text)
    .text                                    0x0800089c   Section        0  dfixul.o(.text)
    .text                                    0x080008cc   Section       48  cdrcmple.o(.text)
    .text                                    0x080008fc   Section       36  init.o(.text)
    .text                                    0x08000920   Section        0  isspace_c.o(.text)
    .text                                    0x0800092c   Section        0  scanf_fp.o(.text)
    _fp_value                                0x0800092d   Thumb Code   296  scanf_fp.o(.text)
    .text                                    0x08000c8c   Section        0  _sgetc.o(.text)
    .text                                    0x08000ccc   Section        0  ctype_c.o(.text)
    .text                                    0x08000cf4   Section        0  dfltul.o(.text)
    i.BusFault_Handler                       0x08000d0c   Section        0  stm32f4xx_it.o(i.BusFault_Handler)
    i.DebugMon_Handler                       0x08000d0e   Section        0  stm32f4xx_it.o(i.DebugMon_Handler)
    i.Error_Handler                          0x08000d10   Section        0  main.o(i.Error_Handler)
    i.HAL_GPIO_Init                          0x08000d14   Section        0  stm32f4xx_hal_gpio.o(i.HAL_GPIO_Init)
    i.HAL_GPIO_TogglePin                     0x08000f04   Section        0  stm32f4xx_hal_gpio.o(i.HAL_GPIO_TogglePin)
    i.HAL_GPIO_WritePin                      0x08000f14   Section        0  stm32f4xx_hal_gpio.o(i.HAL_GPIO_WritePin)
    i.HAL_GetTick                            0x08000f20   Section        0  stm32f4xx_hal.o(i.HAL_GetTick)
    i.HAL_I2C_Init                           0x08000f2c   Section        0  stm32f4xx_hal_i2c.o(i.HAL_I2C_Init)
    i.HAL_I2C_MspInit                        0x080010b4   Section        0  i2c.o(i.HAL_I2C_MspInit)
    i.HAL_IncTick                            0x080011c8   Section        0  stm32f4xx_hal.o(i.HAL_IncTick)
    i.HAL_Init                               0x080011d8   Section        0  stm32f4xx_hal.o(i.HAL_Init)
    i.HAL_InitTick                           0x0800120c   Section        0  stm32f4xx_hal.o(i.HAL_InitTick)
    i.HAL_MspInit                            0x0800124c   Section        0  stm32f4xx_hal_msp.o(i.HAL_MspInit)
    i.HAL_NVIC_EnableIRQ                     0x0800127c   Section        0  stm32f4xx_hal_cortex.o(i.HAL_NVIC_EnableIRQ)
    i.HAL_NVIC_SetPriority                   0x08001298   Section        0  stm32f4xx_hal_cortex.o(i.HAL_NVIC_SetPriority)
    i.HAL_NVIC_SetPriorityGrouping           0x080012d8   Section        0  stm32f4xx_hal_cortex.o(i.HAL_NVIC_SetPriorityGrouping)
    i.HAL_RCC_ClockConfig                    0x080012fc   Section        0  stm32f4xx_hal_rcc.o(i.HAL_RCC_ClockConfig)
    i.HAL_RCC_GetHCLKFreq                    0x08001430   Section        0  stm32f4xx_hal_rcc.o(i.HAL_RCC_GetHCLKFreq)
    i.HAL_RCC_GetPCLK1Freq                   0x0800143c   Section        0  stm32f4xx_hal_rcc.o(i.HAL_RCC_GetPCLK1Freq)
    i.HAL_RCC_GetPCLK2Freq                   0x0800145c   Section        0  stm32f4xx_hal_rcc.o(i.HAL_RCC_GetPCLK2Freq)
    i.HAL_RCC_GetSysClockFreq                0x0800147c   Section        0  stm32f4xx_hal_rcc.o(i.HAL_RCC_GetSysClockFreq)
    i.HAL_RCC_OscConfig                      0x080014e0   Section        0  stm32f4xx_hal_rcc.o(i.HAL_RCC_OscConfig)
    i.HAL_SYSTICK_Config                     0x0800184c   Section        0  stm32f4xx_hal_cortex.o(i.HAL_SYSTICK_Config)
    i.HAL_TIMEx_ConfigBreakDeadTime          0x08001874   Section        0  stm32f4xx_hal_tim_ex.o(i.HAL_TIMEx_ConfigBreakDeadTime)
    i.HAL_TIMEx_MasterConfigSynchronization  0x080018c8   Section        0  stm32f4xx_hal_tim_ex.o(i.HAL_TIMEx_MasterConfigSynchronization)
    i.HAL_TIM_MspPostInit                    0x08001958   Section        0  tim.o(i.HAL_TIM_MspPostInit)
    i.HAL_TIM_PWM_ConfigChannel              0x08001a34   Section        0  stm32f4xx_hal_tim.o(i.HAL_TIM_PWM_ConfigChannel)
    i.HAL_TIM_PWM_Init                       0x08001b00   Section        0  stm32f4xx_hal_tim.o(i.HAL_TIM_PWM_Init)
    i.HAL_TIM_PWM_MspInit                    0x08001b5c   Section        0  tim.o(i.HAL_TIM_PWM_MspInit)
    i.HAL_TIM_PWM_Start                      0x08001bbc   Section        0  stm32f4xx_hal_tim.o(i.HAL_TIM_PWM_Start)
    i.HardFault_Handler                      0x08001c84   Section        0  stm32f4xx_it.o(i.HardFault_Handler)
    i.MX_GPIO_Init                           0x08001c88   Section        0  gpio.o(i.MX_GPIO_Init)
    i.MX_I2C1_Init                           0x08001d5c   Section        0  i2c.o(i.MX_I2C1_Init)
    i.MX_I2C2_Init                           0x08001d9c   Section        0  i2c.o(i.MX_I2C2_Init)
    i.MX_I2C3_Init                           0x08001ddc   Section        0  i2c.o(i.MX_I2C3_Init)
    i.MX_TIM1_Init                           0x08001e1c   Section        0  tim.o(i.MX_TIM1_Init)
    i.MX_TIM3_Init                           0x08001f04   Section        0  tim.o(i.MX_TIM3_Init)
    i.MX_TIM4_Init                           0x08001f98   Section        0  tim.o(i.MX_TIM4_Init)
    i.MemManage_Handler                      0x0800202c   Section        0  stm32f4xx_it.o(i.MemManage_Handler)
    i.NMI_Handler                            0x0800202e   Section        0  stm32f4xx_it.o(i.NMI_Handler)
    i.PendSV_Handler                         0x08002030   Section        0  stm32f4xx_it.o(i.PendSV_Handler)
    i.SVC_Handler                            0x08002032   Section        0  stm32f4xx_it.o(i.SVC_Handler)
    i.SysTick_Handler                        0x08002034   Section        0  stm32f4xx_it.o(i.SysTick_Handler)
    i.SystemClock_Config                     0x08002038   Section        0  main.o(i.SystemClock_Config)
    i.SystemInit                             0x080020d0   Section        0  system_stm32f4xx.o(i.SystemInit)
    i.TIM6_1ms_Init                          0x080020e0   Section        0  timer.o(i.TIM6_1ms_Init)
    i.TIM6_DAC_IRQHandler                    0x08002134   Section        0  stm32f4xx_it.o(i.TIM6_DAC_IRQHandler)
    i.TIM_Base_SetConfig                     0x08002154   Section        0  stm32f4xx_hal_tim.o(i.TIM_Base_SetConfig)
    i.TIM_CCxChannelCmd                      0x08002224   Section        0  stm32f4xx_hal_tim.o(i.TIM_CCxChannelCmd)
    i.TIM_OC1_SetConfig                      0x08002240   Section        0  stm32f4xx_hal_tim.o(i.TIM_OC1_SetConfig)
    TIM_OC1_SetConfig                        0x08002241   Thumb Code    88  stm32f4xx_hal_tim.o(i.TIM_OC1_SetConfig)
    i.TIM_OC2_SetConfig                      0x080022a0   Section        0  stm32f4xx_hal_tim.o(i.TIM_OC2_SetConfig)
    i.TIM_OC3_SetConfig                      0x0800230c   Section        0  stm32f4xx_hal_tim.o(i.TIM_OC3_SetConfig)
    TIM_OC3_SetConfig                        0x0800230d   Thumb Code    96  stm32f4xx_hal_tim.o(i.TIM_OC3_SetConfig)
    i.TIM_OC4_SetConfig                      0x08002374   Section        0  stm32f4xx_hal_tim.o(i.TIM_OC4_SetConfig)
    TIM_OC4_SetConfig                        0x08002375   Thumb Code    70  stm32f4xx_hal_tim.o(i.TIM_OC4_SetConfig)
    i.USART2_IRQHandler                      0x080023c4   Section        0  stm32f4xx_it.o(i.USART2_IRQHandler)
    i.USART2_IRQHandler_User                 0x080023c8   Section        0  usart.o(i.USART2_IRQHandler_User)
    i.UsageFault_Handler                     0x0800242c   Section        0  stm32f4xx_it.o(i.UsageFault_Handler)
    i.__0printf                              0x08002430   Section        0  printfa.o(i.__0printf)
    i.__ARM_fpclassifyf                      0x08002450   Section        0  fpclassifyf.o(i.__ARM_fpclassifyf)
    i.__NVIC_SetPriority                     0x08002476   Section        0  stm32f4xx_hal_cortex.o(i.__NVIC_SetPriority)
    __NVIC_SetPriority                       0x08002477   Thumb Code    32  stm32f4xx_hal_cortex.o(i.__NVIC_SetPriority)
    i.__hardfp_atan2f                        0x08002498   Section        0  atan2f.o(i.__hardfp_atan2f)
    i.__hardfp_atof                          0x08002748   Section        0  atof.o(i.__hardfp_atof)
    i.__hardfp_fmodf                         0x08002780   Section        0  fmodf.o(i.__hardfp_fmodf)
    i.__mathlib_flt_infnan2                  0x08002830   Section        0  funder.o(i.__mathlib_flt_infnan2)
    i.__mathlib_flt_invalid                  0x08002838   Section        0  funder.o(i.__mathlib_flt_invalid)
    i.__mathlib_flt_underflow                0x08002848   Section        0  funder.o(i.__mathlib_flt_underflow)
    i.__read_errno                           0x08002858   Section        0  errno.o(i.__read_errno)
    i.__scatterload_copy                     0x08002864   Section       14  handlers.o(i.__scatterload_copy)
    i.__scatterload_null                     0x08002872   Section        2  handlers.o(i.__scatterload_null)
    i.__scatterload_zeroinit                 0x08002874   Section       14  handlers.o(i.__scatterload_zeroinit)
    i.__set_errno                            0x08002884   Section        0  errno.o(i.__set_errno)
    i._electricalAngle                       0x08002890   Section        0  foc_utils.o(i._electricalAngle)
    i._fp_digits                             0x080028a0   Section        0  printfa.o(i._fp_digits)
    _fp_digits                               0x080028a1   Thumb Code   366  printfa.o(i._fp_digits)
    i._is_digit                              0x08002a24   Section        0  scanf_fp.o(i._is_digit)
    i._normalizeAngle                        0x08002a34   Section        0  foc_utils.o(i._normalizeAngle)
    i._printf_core                           0x08002a60   Section        0  printfa.o(i._printf_core)
    _printf_core                             0x08002a61   Thumb Code  1704  printfa.o(i._printf_core)
    i._printf_post_padding                   0x08003114   Section        0  printfa.o(i._printf_post_padding)
    _printf_post_padding                     0x08003115   Thumb Code    36  printfa.o(i._printf_post_padding)
    i._printf_pre_padding                    0x08003138   Section        0  printfa.o(i._printf_pre_padding)
    _printf_pre_padding                      0x08003139   Thumb Code    46  printfa.o(i._printf_pre_padding)
    i._sin                                   0x08003168   Section        0  foc_utils.o(i._sin)
    i._sqrtApprox                            0x080032a8   Section        0  foc_utils.o(i._sqrtApprox)
    i.angleOpenloop                          0x080032c0   Section        0  bldcmotor.o(i.angleOpenloop)
    i.commander_run                          0x080033a8   Section        0  main.o(i.commander_run)
    i.delay_ms                               0x0800345c   Section        0  delay.o(i.delay_ms)
    i.fputc                                  0x0800348c   Section        0  usart.o(i.fputc)
    i.main                                   0x080034a4   Section        0  main.o(i.main)
    i.move                                   0x080036b0   Section        0  bldcmotor.o(i.move)
    i.setPhaseVoltage                        0x08003704   Section        0  bldcmotor.o(i.setPhaseVoltage)
    i.systick_CountMode                      0x080038a0   Section        0  delay.o(i.systick_CountMode)
    i.velocityOpenloop                       0x080038b8   Section        0  bldcmotor.o(i.velocityOpenloop)
    .constdata                               0x08003958   Section       16  system_stm32f4xx.o(.constdata)
    .constdata                               0x08003968   Section        8  system_stm32f4xx.o(.constdata)
    .constdata                               0x08003970   Section      800  foc_utils.o(.constdata)
    .constdata                               0x08003c90   Section       64  ctype_c.o(.constdata)
    .data                                    0x20000000   Section        2  usart.o(.data)
    .data                                    0x20000004   Section        8  main.o(.data)
    .data                                    0x2000000c   Section        4  stm32f4xx_it.o(.data)
    .data                                    0x20000010   Section       12  stm32f4xx_hal.o(.data)
    .data                                    0x2000001c   Section        4  system_stm32f4xx.o(.data)
    .data                                    0x20000020   Section       12  focmotor.o(.data)
    .data                                    0x2000002c   Section        4  focmotor.o(.data)
    .data                                    0x20000030   Section        4  focmotor.o(.data)
    .data                                    0x20000034   Section        8  focmotor.o(.data)
    .data                                    0x2000003c   Section        1  focmotor.o(.data)
    .data                                    0x20000040   Section       20  bldcmotor.o(.data)
    .data                                    0x20000054   Section        4  stdout.o(.data)
    .data                                    0x20000058   Section        4  errno.o(.data)
    _errno                                   0x20000058   Data           4  errno.o(.data)
    .bss                                     0x2000005c   Section      324  usart.o(.bss)
    .bss                                     0x200001a0   Section      252  i2c.o(.bss)
    .bss                                     0x2000029c   Section      216  tim.o(.bss)
    STACK                                    0x20000378   Section     1024  startup_stm32f407xx.o(STACK)

    Global Symbols

    Symbol Name                              Value     Ov Type        Size  Object(Section)

    BuildAttributes$$THM_ISAv4$E$P$D$K$B$S$7EM$VFPi3$EXTD16$VFPS$VFMA$PE$A:L22UL41UL21$X:L11$S22US41US21$IEEE1$IW$USESV6$~STKCKD$USESV7$~SHL$OTIME$ROPI$IEEEX$EBA8$MICROLIB$REQ8$PRES8$EABIv2 0x00000000   Number         0  anon$$obj.o ABSOLUTE
    __ARM_use_no_argv                        0x00000000   Number         0  main.o ABSOLUTE
    _printf_a                                0x00000000   Number         0  stubs.o ABSOLUTE
    _printf_c                                0x00000000   Number         0  stubs.o ABSOLUTE
    _printf_charcount                        0x00000000   Number         0  stubs.o ABSOLUTE
    _printf_d                                0x00000000   Number         0  stubs.o ABSOLUTE
    _printf_e                                0x00000000   Number         0  stubs.o ABSOLUTE
    _printf_f                                0x00000000   Number         0  stubs.o ABSOLUTE
    _printf_flags                            0x00000000   Number         0  stubs.o ABSOLUTE
    _printf_fp_dec                           0x00000000   Number         0  stubs.o ABSOLUTE
    _printf_fp_hex                           0x00000000   Number         0  stubs.o ABSOLUTE
    _printf_g                                0x00000000   Number         0  stubs.o ABSOLUTE
    _printf_i                                0x00000000   Number         0  stubs.o ABSOLUTE
    _printf_int_dec                          0x00000000   Number         0  stubs.o ABSOLUTE
    _printf_l                                0x00000000   Number         0  stubs.o ABSOLUTE
    _printf_lc                               0x00000000   Number         0  stubs.o ABSOLUTE
    _printf_ll                               0x00000000   Number         0  stubs.o ABSOLUTE
    _printf_lld                              0x00000000   Number         0  stubs.o ABSOLUTE
    _printf_lli                              0x00000000   Number         0  stubs.o ABSOLUTE
    _printf_llo                              0x00000000   Number         0  stubs.o ABSOLUTE
    _printf_llu                              0x00000000   Number         0  stubs.o ABSOLUTE
    _printf_llx                              0x00000000   Number         0  stubs.o ABSOLUTE
    _printf_longlong_dec                     0x00000000   Number         0  stubs.o ABSOLUTE
    _printf_longlong_hex                     0x00000000   Number         0  stubs.o ABSOLUTE
    _printf_longlong_oct                     0x00000000   Number         0  stubs.o ABSOLUTE
    _printf_ls                               0x00000000   Number         0  stubs.o ABSOLUTE
    _printf_mbtowc                           0x00000000   Number         0  stubs.o ABSOLUTE
    _printf_n                                0x00000000   Number         0  stubs.o ABSOLUTE
    _printf_o                                0x00000000   Number         0  stubs.o ABSOLUTE
    _printf_p                                0x00000000   Number         0  stubs.o ABSOLUTE
    _printf_percent                          0x00000000   Number         0  stubs.o ABSOLUTE
    _printf_pre_padding                      0x00000000   Number         0  stubs.o ABSOLUTE
    _printf_return_value                     0x00000000   Number         0  stubs.o ABSOLUTE
    _printf_s                                0x00000000   Number         0  stubs.o ABSOLUTE
    _printf_sizespec                         0x00000000   Number         0  stubs.o ABSOLUTE
    _printf_str                              0x00000000   Number         0  stubs.o ABSOLUTE
    _printf_truncate_signed                  0x00000000   Number         0  stubs.o ABSOLUTE
    _printf_truncate_unsigned                0x00000000   Number         0  stubs.o ABSOLUTE
    _printf_u                                0x00000000   Number         0  stubs.o ABSOLUTE
    _printf_wc                               0x00000000   Number         0  stubs.o ABSOLUTE
    _printf_wctomb                           0x00000000   Number         0  stubs.o ABSOLUTE
    _printf_widthprec                        0x00000000   Number         0  stubs.o ABSOLUTE
    _printf_x                                0x00000000   Number         0  stubs.o ABSOLUTE
    __arm_fini_                               - Undefined Weak Reference
    __cpp_initialize__aeabi_                  - Undefined Weak Reference
    __cxa_finalize                            - Undefined Weak Reference
    __decompress                              - Undefined Weak Reference
    _clock_init                               - Undefined Weak Reference
    _microlib_exit                            - Undefined Weak Reference
    __Vectors_Size                           0x00000188   Number         0  startup_stm32f407xx.o ABSOLUTE
    __Vectors                                0x08000000   Data           4  startup_stm32f407xx.o(RESET)
    __Vectors_End                            0x08000188   Data           0  startup_stm32f407xx.o(RESET)
    __main                                   0x08000189   Thumb Code     0  entry.o(.ARM.Collect$$$$00000000)
    _main_stk                                0x08000189   Thumb Code     0  entry2.o(.ARM.Collect$$$$00000001)
    _main_scatterload                        0x0800018d   Thumb Code     0  entry5.o(.ARM.Collect$$$$00000004)
    __main_after_scatterload                 0x08000191   Thumb Code     0  entry5.o(.ARM.Collect$$$$00000004)
    _main_clock                              0x08000191   Thumb Code     0  entry7b.o(.ARM.Collect$$$$00000008)
    _main_cpp_init                           0x08000191   Thumb Code     0  entry8b.o(.ARM.Collect$$$$0000000A)
    _main_init                               0x08000191   Thumb Code     0  entry9a.o(.ARM.Collect$$$$0000000B)
    __rt_lib_shutdown_fini                   0x08000199   Thumb Code     0  entry12b.o(.ARM.Collect$$$$0000000E)
    __rt_final_cpp                           0x0800019d   Thumb Code     0  entry10a.o(.ARM.Collect$$$$0000000F)
    __rt_final_exit                          0x0800019d   Thumb Code     0  entry11a.o(.ARM.Collect$$$$00000011)
    Reset_Handler                            0x080001a1   Thumb Code     8  startup_stm32f407xx.o(.text)
    ADC_IRQHandler                           0x080001bb   Thumb Code     0  startup_stm32f407xx.o(.text)
    CAN1_RX0_IRQHandler                      0x080001bb   Thumb Code     0  startup_stm32f407xx.o(.text)
    CAN1_RX1_IRQHandler                      0x080001bb   Thumb Code     0  startup_stm32f407xx.o(.text)
    CAN1_SCE_IRQHandler                      0x080001bb   Thumb Code     0  startup_stm32f407xx.o(.text)
    CAN1_TX_IRQHandler                       0x080001bb   Thumb Code     0  startup_stm32f407xx.o(.text)
    CAN2_RX0_IRQHandler                      0x080001bb   Thumb Code     0  startup_stm32f407xx.o(.text)
    CAN2_RX1_IRQHandler                      0x080001bb   Thumb Code     0  startup_stm32f407xx.o(.text)
    CAN2_SCE_IRQHandler                      0x080001bb   Thumb Code     0  startup_stm32f407xx.o(.text)
    CAN2_TX_IRQHandler                       0x080001bb   Thumb Code     0  startup_stm32f407xx.o(.text)
    DCMI_IRQHandler                          0x080001bb   Thumb Code     0  startup_stm32f407xx.o(.text)
    DMA1_Stream0_IRQHandler                  0x080001bb   Thumb Code     0  startup_stm32f407xx.o(.text)
    DMA1_Stream1_IRQHandler                  0x080001bb   Thumb Code     0  startup_stm32f407xx.o(.text)
    DMA1_Stream2_IRQHandler                  0x080001bb   Thumb Code     0  startup_stm32f407xx.o(.text)
    DMA1_Stream3_IRQHandler                  0x080001bb   Thumb Code     0  startup_stm32f407xx.o(.text)
    DMA1_Stream4_IRQHandler                  0x080001bb   Thumb Code     0  startup_stm32f407xx.o(.text)
    DMA1_Stream5_IRQHandler                  0x080001bb   Thumb Code     0  startup_stm32f407xx.o(.text)
    DMA1_Stream6_IRQHandler                  0x080001bb   Thumb Code     0  startup_stm32f407xx.o(.text)
    DMA1_Stream7_IRQHandler                  0x080001bb   Thumb Code     0  startup_stm32f407xx.o(.text)
    DMA2_Stream0_IRQHandler                  0x080001bb   Thumb Code     0  startup_stm32f407xx.o(.text)
    DMA2_Stream1_IRQHandler                  0x080001bb   Thumb Code     0  startup_stm32f407xx.o(.text)
    DMA2_Stream2_IRQHandler                  0x080001bb   Thumb Code     0  startup_stm32f407xx.o(.text)
    DMA2_Stream3_IRQHandler                  0x080001bb   Thumb Code     0  startup_stm32f407xx.o(.text)
    DMA2_Stream4_IRQHandler                  0x080001bb   Thumb Code     0  startup_stm32f407xx.o(.text)
    DMA2_Stream5_IRQHandler                  0x080001bb   Thumb Code     0  startup_stm32f407xx.o(.text)
    DMA2_Stream6_IRQHandler                  0x080001bb   Thumb Code     0  startup_stm32f407xx.o(.text)
    DMA2_Stream7_IRQHandler                  0x080001bb   Thumb Code     0  startup_stm32f407xx.o(.text)
    ETH_IRQHandler                           0x080001bb   Thumb Code     0  startup_stm32f407xx.o(.text)
    ETH_WKUP_IRQHandler                      0x080001bb   Thumb Code     0  startup_stm32f407xx.o(.text)
    EXTI0_IRQHandler                         0x080001bb   Thumb Code     0  startup_stm32f407xx.o(.text)
    EXTI15_10_IRQHandler                     0x080001bb   Thumb Code     0  startup_stm32f407xx.o(.text)
    EXTI1_IRQHandler                         0x080001bb   Thumb Code     0  startup_stm32f407xx.o(.text)
    EXTI2_IRQHandler                         0x080001bb   Thumb Code     0  startup_stm32f407xx.o(.text)
    EXTI3_IRQHandler                         0x080001bb   Thumb Code     0  startup_stm32f407xx.o(.text)
    EXTI4_IRQHandler                         0x080001bb   Thumb Code     0  startup_stm32f407xx.o(.text)
    EXTI9_5_IRQHandler                       0x080001bb   Thumb Code     0  startup_stm32f407xx.o(.text)
    FLASH_IRQHandler                         0x080001bb   Thumb Code     0  startup_stm32f407xx.o(.text)
    FMC_IRQHandler                           0x080001bb   Thumb Code     0  startup_stm32f407xx.o(.text)
    FPU_IRQHandler                           0x080001bb   Thumb Code     0  startup_stm32f407xx.o(.text)
    HASH_RNG_IRQHandler                      0x080001bb   Thumb Code     0  startup_stm32f407xx.o(.text)
    I2C1_ER_IRQHandler                       0x080001bb   Thumb Code     0  startup_stm32f407xx.o(.text)
    I2C1_EV_IRQHandler                       0x080001bb   Thumb Code     0  startup_stm32f407xx.o(.text)
    I2C2_ER_IRQHandler                       0x080001bb   Thumb Code     0  startup_stm32f407xx.o(.text)
    I2C2_EV_IRQHandler                       0x080001bb   Thumb Code     0  startup_stm32f407xx.o(.text)
    I2C3_ER_IRQHandler                       0x080001bb   Thumb Code     0  startup_stm32f407xx.o(.text)
    I2C3_EV_IRQHandler                       0x080001bb   Thumb Code     0  startup_stm32f407xx.o(.text)
    OTG_FS_IRQHandler                        0x080001bb   Thumb Code     0  startup_stm32f407xx.o(.text)
    OTG_FS_WKUP_IRQHandler                   0x080001bb   Thumb Code     0  startup_stm32f407xx.o(.text)
    OTG_HS_EP1_IN_IRQHandler                 0x080001bb   Thumb Code     0  startup_stm32f407xx.o(.text)
    OTG_HS_EP1_OUT_IRQHandler                0x080001bb   Thumb Code     0  startup_stm32f407xx.o(.text)
    OTG_HS_IRQHandler                        0x080001bb   Thumb Code     0  startup_stm32f407xx.o(.text)
    OTG_HS_WKUP_IRQHandler                   0x080001bb   Thumb Code     0  startup_stm32f407xx.o(.text)
    PVD_IRQHandler                           0x080001bb   Thumb Code     0  startup_stm32f407xx.o(.text)
    RCC_IRQHandler                           0x080001bb   Thumb Code     0  startup_stm32f407xx.o(.text)
    RTC_Alarm_IRQHandler                     0x080001bb   Thumb Code     0  startup_stm32f407xx.o(.text)
    RTC_WKUP_IRQHandler                      0x080001bb   Thumb Code     0  startup_stm32f407xx.o(.text)
    SDIO_IRQHandler                          0x080001bb   Thumb Code     0  startup_stm32f407xx.o(.text)
    SPI1_IRQHandler                          0x080001bb   Thumb Code     0  startup_stm32f407xx.o(.text)
    SPI2_IRQHandler                          0x080001bb   Thumb Code     0  startup_stm32f407xx.o(.text)
    SPI3_IRQHandler                          0x080001bb   Thumb Code     0  startup_stm32f407xx.o(.text)
    TAMP_STAMP_IRQHandler                    0x080001bb   Thumb Code     0  startup_stm32f407xx.o(.text)
    TIM1_BRK_TIM9_IRQHandler                 0x080001bb   Thumb Code     0  startup_stm32f407xx.o(.text)
    TIM1_CC_IRQHandler                       0x080001bb   Thumb Code     0  startup_stm32f407xx.o(.text)
    TIM1_TRG_COM_TIM11_IRQHandler            0x080001bb   Thumb Code     0  startup_stm32f407xx.o(.text)
    TIM1_UP_TIM10_IRQHandler                 0x080001bb   Thumb Code     0  startup_stm32f407xx.o(.text)
    TIM2_IRQHandler                          0x080001bb   Thumb Code     0  startup_stm32f407xx.o(.text)
    TIM3_IRQHandler                          0x080001bb   Thumb Code     0  startup_stm32f407xx.o(.text)
    TIM4_IRQHandler                          0x080001bb   Thumb Code     0  startup_stm32f407xx.o(.text)
    TIM5_IRQHandler                          0x080001bb   Thumb Code     0  startup_stm32f407xx.o(.text)
    TIM7_IRQHandler                          0x080001bb   Thumb Code     0  startup_stm32f407xx.o(.text)
    TIM8_BRK_TIM12_IRQHandler                0x080001bb   Thumb Code     0  startup_stm32f407xx.o(.text)
    TIM8_CC_IRQHandler                       0x080001bb   Thumb Code     0  startup_stm32f407xx.o(.text)
    TIM8_TRG_COM_TIM14_IRQHandler            0x080001bb   Thumb Code     0  startup_stm32f407xx.o(.text)
    TIM8_UP_TIM13_IRQHandler                 0x080001bb   Thumb Code     0  startup_stm32f407xx.o(.text)
    UART4_IRQHandler                         0x080001bb   Thumb Code     0  startup_stm32f407xx.o(.text)
    UART5_IRQHandler                         0x080001bb   Thumb Code     0  startup_stm32f407xx.o(.text)
    USART1_IRQHandler                        0x080001bb   Thumb Code     0  startup_stm32f407xx.o(.text)
    USART3_IRQHandler                        0x080001bb   Thumb Code     0  startup_stm32f407xx.o(.text)
    USART6_IRQHandler                        0x080001bb   Thumb Code     0  startup_stm32f407xx.o(.text)
    WWDG_IRQHandler                          0x080001bb   Thumb Code     0  startup_stm32f407xx.o(.text)
    __aeabi_uldivmod                         0x080001c5   Thumb Code    98  uldiv.o(.text)
    __aeabi_memset                           0x08000227   Thumb Code    14  memseta.o(.text)
    __aeabi_memset4                          0x08000227   Thumb Code     0  memseta.o(.text)
    __aeabi_memset8                          0x08000227   Thumb Code     0  memseta.o(.text)
    __aeabi_memclr                           0x08000235   Thumb Code     4  memseta.o(.text)
    __aeabi_memclr4                          0x08000235   Thumb Code     0  memseta.o(.text)
    __aeabi_memclr8                          0x08000235   Thumb Code     0  memseta.o(.text)
    _memset$wrapper                          0x08000239   Thumb Code    18  memseta.o(.text)
    __aeabi_dadd                             0x0800024b   Thumb Code   322  dadd.o(.text)
    __aeabi_dsub                             0x0800038d   Thumb Code     6  dadd.o(.text)
    __aeabi_drsub                            0x08000393   Thumb Code     6  dadd.o(.text)
    __aeabi_d2iz                             0x08000399   Thumb Code    62  dfixi.o(.text)
    __aeabi_f2d                              0x080003d7   Thumb Code    38  f2d.o(.text)
    __aeabi_d2f                              0x080003fd   Thumb Code    56  d2f.o(.text)
    __aeabi_uidiv                            0x08000435   Thumb Code     0  uidiv.o(.text)
    __aeabi_uidivmod                         0x08000435   Thumb Code    44  uidiv.o(.text)
    __aeabi_llsl                             0x08000461   Thumb Code    30  llshl.o(.text)
    _ll_shift_l                              0x08000461   Thumb Code     0  llshl.o(.text)
    __aeabi_llsr                             0x0800047f   Thumb Code    32  llushr.o(.text)
    _ll_ushift_r                             0x0800047f   Thumb Code     0  llushr.o(.text)
    __aeabi_lasr                             0x0800049f   Thumb Code    36  llsshr.o(.text)
    _ll_sshift_r                             0x0800049f   Thumb Code     0  llsshr.o(.text)
    __strtod_int                             0x080004fb   Thumb Code    90  strtod.o(.text)
    __I$use$fp                               0x08000561   Thumb Code     0  iusefp.o(.text)
    _float_round                             0x08000561   Thumb Code    18  fepilogue.o(.text)
    _float_epilogue                          0x08000573   Thumb Code    92  fepilogue.o(.text)
    _frem                                    0x080005cf   Thumb Code    82  frem.o(.text)
    _double_round                            0x08000621   Thumb Code    30  depilogue.o(.text)
    _double_epilogue                         0x0800063f   Thumb Code   156  depilogue.o(.text)
    __aeabi_dmul                             0x080006db   Thumb Code   228  dmul.o(.text)
    __aeabi_ddiv                             0x080007bf   Thumb Code   222  ddiv.o(.text)
    __aeabi_d2ulz                            0x0800089d   Thumb Code    48  dfixul.o(.text)
    __aeabi_cdrcmple                         0x080008cd   Thumb Code    48  cdrcmple.o(.text)
    __scatterload                            0x080008fd   Thumb Code    28  init.o(.text)
    __scatterload_rt2                        0x080008fd   Thumb Code     0  init.o(.text)
    isspace                                  0x08000921   Thumb Code    10  isspace_c.o(.text)
    _scanf_real                              0x08000a55   Thumb Code     0  scanf_fp.o(.text)
    _scanf_really_real                       0x08000a55   Thumb Code   556  scanf_fp.o(.text)
    _sgetc                                   0x08000c8d   Thumb Code    30  _sgetc.o(.text)
    _sbackspace                              0x08000cab   Thumb Code    34  _sgetc.o(.text)
    __ctype_lookup                           0x08000ccd   Thumb Code    34  ctype_c.o(.text)
    __aeabi_ul2d                             0x08000cf5   Thumb Code    24  dfltul.o(.text)
    BusFault_Handler                         0x08000d0d   Thumb Code     2  stm32f4xx_it.o(i.BusFault_Handler)
    DebugMon_Handler                         0x08000d0f   Thumb Code     2  stm32f4xx_it.o(i.DebugMon_Handler)
    Error_Handler                            0x08000d11   Thumb Code     4  main.o(i.Error_Handler)
    HAL_GPIO_Init                            0x08000d15   Thumb Code   450  stm32f4xx_hal_gpio.o(i.HAL_GPIO_Init)
    HAL_GPIO_TogglePin                       0x08000f05   Thumb Code    16  stm32f4xx_hal_gpio.o(i.HAL_GPIO_TogglePin)
    HAL_GPIO_WritePin                        0x08000f15   Thumb Code    10  stm32f4xx_hal_gpio.o(i.HAL_GPIO_WritePin)
    HAL_GetTick                              0x08000f21   Thumb Code     6  stm32f4xx_hal.o(i.HAL_GetTick)
    HAL_I2C_Init                             0x08000f2d   Thumb Code   376  stm32f4xx_hal_i2c.o(i.HAL_I2C_Init)
    HAL_I2C_MspInit                          0x080010b5   Thumb Code   244  i2c.o(i.HAL_I2C_MspInit)
    HAL_IncTick                              0x080011c9   Thumb Code    12  stm32f4xx_hal.o(i.HAL_IncTick)
    HAL_Init                                 0x080011d9   Thumb Code    48  stm32f4xx_hal.o(i.HAL_Init)
    HAL_InitTick                             0x0800120d   Thumb Code    54  stm32f4xx_hal.o(i.HAL_InitTick)
    HAL_MspInit                              0x0800124d   Thumb Code    42  stm32f4xx_hal_msp.o(i.HAL_MspInit)
    HAL_NVIC_EnableIRQ                       0x0800127d   Thumb Code    26  stm32f4xx_hal_cortex.o(i.HAL_NVIC_EnableIRQ)
    HAL_NVIC_SetPriority                     0x08001299   Thumb Code    60  stm32f4xx_hal_cortex.o(i.HAL_NVIC_SetPriority)
    HAL_NVIC_SetPriorityGrouping             0x080012d9   Thumb Code    26  stm32f4xx_hal_cortex.o(i.HAL_NVIC_SetPriorityGrouping)
    HAL_RCC_ClockConfig                      0x080012fd   Thumb Code   288  stm32f4xx_hal_rcc.o(i.HAL_RCC_ClockConfig)
    HAL_RCC_GetHCLKFreq                      0x08001431   Thumb Code     6  stm32f4xx_hal_rcc.o(i.HAL_RCC_GetHCLKFreq)
    HAL_RCC_GetPCLK1Freq                     0x0800143d   Thumb Code    20  stm32f4xx_hal_rcc.o(i.HAL_RCC_GetPCLK1Freq)
    HAL_RCC_GetPCLK2Freq                     0x0800145d   Thumb Code    20  stm32f4xx_hal_rcc.o(i.HAL_RCC_GetPCLK2Freq)
    HAL_RCC_GetSysClockFreq                  0x0800147d   Thumb Code    88  stm32f4xx_hal_rcc.o(i.HAL_RCC_GetSysClockFreq)
    HAL_RCC_OscConfig                        0x080014e1   Thumb Code   856  stm32f4xx_hal_rcc.o(i.HAL_RCC_OscConfig)
    HAL_SYSTICK_Config                       0x0800184d   Thumb Code    40  stm32f4xx_hal_cortex.o(i.HAL_SYSTICK_Config)
    HAL_TIMEx_ConfigBreakDeadTime            0x08001875   Thumb Code    84  stm32f4xx_hal_tim_ex.o(i.HAL_TIMEx_ConfigBreakDeadTime)
    HAL_TIMEx_MasterConfigSynchronization    0x080018c9   Thumb Code   116  stm32f4xx_hal_tim_ex.o(i.HAL_TIMEx_MasterConfigSynchronization)
    HAL_TIM_MspPostInit                      0x08001959   Thumb Code   186  tim.o(i.HAL_TIM_MspPostInit)
    HAL_TIM_PWM_ConfigChannel                0x08001a35   Thumb Code   204  stm32f4xx_hal_tim.o(i.HAL_TIM_PWM_ConfigChannel)
    HAL_TIM_PWM_Init                         0x08001b01   Thumb Code    90  stm32f4xx_hal_tim.o(i.HAL_TIM_PWM_Init)
    HAL_TIM_PWM_MspInit                      0x08001b5d   Thumb Code    78  tim.o(i.HAL_TIM_PWM_MspInit)
    HAL_TIM_PWM_Start                        0x08001bbd   Thumb Code   172  stm32f4xx_hal_tim.o(i.HAL_TIM_PWM_Start)
    HardFault_Handler                        0x08001c85   Thumb Code     2  stm32f4xx_it.o(i.HardFault_Handler)
    MX_GPIO_Init                             0x08001c89   Thumb Code   204  gpio.o(i.MX_GPIO_Init)
    MX_I2C1_Init                             0x08001d5d   Thumb Code    50  i2c.o(i.MX_I2C1_Init)
    MX_I2C2_Init                             0x08001d9d   Thumb Code    50  i2c.o(i.MX_I2C2_Init)
    MX_I2C3_Init                             0x08001ddd   Thumb Code    50  i2c.o(i.MX_I2C3_Init)
    MX_TIM1_Init                             0x08001e1d   Thumb Code   224  tim.o(i.MX_TIM1_Init)
    MX_TIM3_Init                             0x08001f05   Thumb Code   138  tim.o(i.MX_TIM3_Init)
    MX_TIM4_Init                             0x08001f99   Thumb Code   138  tim.o(i.MX_TIM4_Init)
    MemManage_Handler                        0x0800202d   Thumb Code     2  stm32f4xx_it.o(i.MemManage_Handler)
    NMI_Handler                              0x0800202f   Thumb Code     2  stm32f4xx_it.o(i.NMI_Handler)
    PendSV_Handler                           0x08002031   Thumb Code     2  stm32f4xx_it.o(i.PendSV_Handler)
    SVC_Handler                              0x08002033   Thumb Code     2  stm32f4xx_it.o(i.SVC_Handler)
    SysTick_Handler                          0x08002035   Thumb Code     4  stm32f4xx_it.o(i.SysTick_Handler)
    SystemClock_Config                       0x08002039   Thumb Code   142  main.o(i.SystemClock_Config)
    SystemInit                               0x080020d1   Thumb Code    12  system_stm32f4xx.o(i.SystemInit)
    TIM6_1ms_Init                            0x080020e1   Thumb Code    74  timer.o(i.TIM6_1ms_Init)
    TIM6_DAC_IRQHandler                      0x08002135   Thumb Code    24  stm32f4xx_it.o(i.TIM6_DAC_IRQHandler)
    TIM_Base_SetConfig                       0x08002155   Thumb Code   164  stm32f4xx_hal_tim.o(i.TIM_Base_SetConfig)
    TIM_CCxChannelCmd                        0x08002225   Thumb Code    26  stm32f4xx_hal_tim.o(i.TIM_CCxChannelCmd)
    TIM_OC2_SetConfig                        0x080022a1   Thumb Code    98  stm32f4xx_hal_tim.o(i.TIM_OC2_SetConfig)
    USART2_IRQHandler                        0x080023c5   Thumb Code     4  stm32f4xx_it.o(i.USART2_IRQHandler)
    USART2_IRQHandler_User                   0x080023c9   Thumb Code    88  usart.o(i.USART2_IRQHandler_User)
    UsageFault_Handler                       0x0800242d   Thumb Code     2  stm32f4xx_it.o(i.UsageFault_Handler)
    __0printf                                0x08002431   Thumb Code    22  printfa.o(i.__0printf)
    __1printf                                0x08002431   Thumb Code     0  printfa.o(i.__0printf)
    __2printf                                0x08002431   Thumb Code     0  printfa.o(i.__0printf)
    __c89printf                              0x08002431   Thumb Code     0  printfa.o(i.__0printf)
    printf                                   0x08002431   Thumb Code     0  printfa.o(i.__0printf)
    __ARM_fpclassifyf                        0x08002451   Thumb Code    38  fpclassifyf.o(i.__ARM_fpclassifyf)
    __hardfp_atan2f                          0x08002499   Thumb Code   594  atan2f.o(i.__hardfp_atan2f)
    __hardfp_atof                            0x08002749   Thumb Code    44  atof.o(i.__hardfp_atof)
    __hardfp_fmodf                           0x08002781   Thumb Code   176  fmodf.o(i.__hardfp_fmodf)
    __mathlib_flt_infnan2                    0x08002831   Thumb Code     6  funder.o(i.__mathlib_flt_infnan2)
    __mathlib_flt_invalid                    0x08002839   Thumb Code    10  funder.o(i.__mathlib_flt_invalid)
    __mathlib_flt_underflow                  0x08002849   Thumb Code    10  funder.o(i.__mathlib_flt_underflow)
    __read_errno                             0x08002859   Thumb Code     6  errno.o(i.__read_errno)
    __scatterload_copy                       0x08002865   Thumb Code    14  handlers.o(i.__scatterload_copy)
    __scatterload_null                       0x08002873   Thumb Code     2  handlers.o(i.__scatterload_null)
    __scatterload_zeroinit                   0x08002875   Thumb Code    14  handlers.o(i.__scatterload_zeroinit)
    __set_errno                              0x08002885   Thumb Code     6  errno.o(i.__set_errno)
    _electricalAngle                         0x08002891   Thumb Code    14  foc_utils.o(i._electricalAngle)
    _is_digit                                0x08002a25   Thumb Code    14  scanf_fp.o(i._is_digit)
    _normalizeAngle                          0x08002a35   Thumb Code    38  foc_utils.o(i._normalizeAngle)
    _sin                                     0x08003169   Thumb Code   284  foc_utils.o(i._sin)
    _sqrtApprox                              0x080032a9   Thumb Code    20  foc_utils.o(i._sqrtApprox)
    angleOpenloop                            0x080032c1   Thumb Code   212  bldcmotor.o(i.angleOpenloop)
    commander_run                            0x080033a9   Thumb Code   112  main.o(i.commander_run)
    delay_ms                                 0x0800345d   Thumb Code    46  delay.o(i.delay_ms)
    fputc                                    0x0800348d   Thumb Code    18  usart.o(i.fputc)
    main                                     0x080034a5   Thumb Code   294  main.o(i.main)
    move                                     0x080036b1   Thumb Code    62  bldcmotor.o(i.move)
    setPhaseVoltage                          0x08003705   Thumb Code   384  bldcmotor.o(i.setPhaseVoltage)
    systick_CountMode                        0x080038a1   Thumb Code    18  delay.o(i.systick_CountMode)
    velocityOpenloop                         0x080038b9   Thumb Code   140  bldcmotor.o(i.velocityOpenloop)
    AHBPrescTable                            0x08003958   Data          16  system_stm32f4xx.o(.constdata)
    APBPrescTable                            0x08003968   Data           8  system_stm32f4xx.o(.constdata)
    sine_array                               0x08003970   Data         800  foc_utils.o(.constdata)
    __ctype_categories                       0x08003c90   Data          64  ctype_c.o(.constdata)
    Region$$Table$$Base                      0x08003cd0   Number         0  anon$$obj.o(Region$$Table)
    Region$$Table$$Limit                     0x08003cf0   Number         0  anon$$obj.o(Region$$Table)
    USART_RX_STA                             0x20000000   Data           2  usart.o(.data)
    target                                   0x20000004   Data           4  main.o(.data)
    debug_timer                              0x20000008   Data           4  main.o(.data)
    time1_cntr                               0x2000000c   Data           4  stm32f4xx_it.o(.data)
    uwTickFreq                               0x20000010   Data           1  stm32f4xx_hal.o(.data)
    uwTickPrio                               0x20000014   Data           4  stm32f4xx_hal.o(.data)
    uwTick                                   0x20000018   Data           4  stm32f4xx_hal.o(.data)
    SystemCoreClock                          0x2000001c   Data           4  system_stm32f4xx.o(.data)
    sensor_offset                            0x20000020   Data           4  focmotor.o(.data)
    shaft_angle                              0x20000024   Data           4  focmotor.o(.data)
    zero_electric_angle                      0x20000028   Data           4  focmotor.o(.data)
    shaft_velocity_sp                        0x2000002c   Data           4  focmotor.o(.data)
    shaft_angle_sp                           0x20000030   Data           4  focmotor.o(.data)
    voltage                                  0x20000034   Data           8  focmotor.o(.data)
    controller                               0x2000003c   Data           1  focmotor.o(.data)
    voltage_power_supply                     0x20000040   Data           4  bldcmotor.o(.data)
    voltage_limit                            0x20000044   Data           4  bldcmotor.o(.data)
    pole_pairs                               0x20000048   Data           4  bldcmotor.o(.data)
    open_loop_timestamp                      0x2000004c   Data           4  bldcmotor.o(.data)
    velocity_limit                           0x20000050   Data           4  bldcmotor.o(.data)
    __stdout                                 0x20000054   Data           4  stdout.o(.data)
    USART_RX_BUF                             0x2000005c   Data         256  usart.o(.bss)
    husart2                                  0x2000015c   Data          68  usart.o(.bss)
    hi2c1                                    0x200001a0   Data          84  i2c.o(.bss)
    hi2c2                                    0x200001f4   Data          84  i2c.o(.bss)
    hi2c3                                    0x20000248   Data          84  i2c.o(.bss)
    htim1                                    0x2000029c   Data          72  tim.o(.bss)
    htim3                                    0x200002e4   Data          72  tim.o(.bss)
    htim4                                    0x2000032c   Data          72  tim.o(.bss)
    __initial_sp                             0x20000778   Data           0  startup_stm32f407xx.o(STACK)



==============================================================================

Memory Map of the image

  Image Entry point : 0x08000189

  Load Region LR_IROM1 (Base: 0x08000000, Size: 0x00003d4c, Max: 0x00100000, ABSOLUTE)

    Execution Region ER_IROM1 (Exec base: 0x08000000, Load base: 0x08000000, Size: 0x00003cf0, Max: 0x00100000, ABSOLUTE)

    Exec Addr    Load Addr    Size         Type   Attr      Idx    E Section Name        Object

    0x08000000   0x08000000   0x00000188   Data   RO            3    RESET               startup_stm32f407xx.o
    0x08000188   0x08000188   0x00000000   Code   RO         3839  * .ARM.Collect$$$$00000000  mc_w.l(entry.o)
    0x08000188   0x08000188   0x00000004   Code   RO         4131    .ARM.Collect$$$$00000001  mc_w.l(entry2.o)
    0x0800018c   0x0800018c   0x00000004   Code   RO         4134    .ARM.Collect$$$$00000004  mc_w.l(entry5.o)
    0x08000190   0x08000190   0x00000000   Code   RO         4136    .ARM.Collect$$$$00000008  mc_w.l(entry7b.o)
    0x08000190   0x08000190   0x00000000   Code   RO         4138    .ARM.Collect$$$$0000000A  mc_w.l(entry8b.o)
    0x08000190   0x08000190   0x00000008   Code   RO         4139    .ARM.Collect$$$$0000000B  mc_w.l(entry9a.o)
    0x08000198   0x08000198   0x00000004   Code   RO         4146    .ARM.Collect$$$$0000000E  mc_w.l(entry12b.o)
    0x0800019c   0x0800019c   0x00000000   Code   RO         4141    .ARM.Collect$$$$0000000F  mc_w.l(entry10a.o)
    0x0800019c   0x0800019c   0x00000000   Code   RO         4143    .ARM.Collect$$$$00000011  mc_w.l(entry11a.o)
    0x0800019c   0x0800019c   0x00000004   Code   RO         4132    .ARM.Collect$$$$00002712  mc_w.l(entry2.o)
    0x080001a0   0x080001a0   0x00000024   Code   RO            4    .text               startup_stm32f407xx.o
    0x080001c4   0x080001c4   0x00000062   Code   RO         3842    .text               mc_w.l(uldiv.o)
    0x08000226   0x08000226   0x00000024   Code   RO         3844    .text               mc_w.l(memseta.o)
    0x0800024a   0x0800024a   0x0000014e   Code   RO         4107    .text               mf_w.l(dadd.o)
    0x08000398   0x08000398   0x0000003e   Code   RO         4109    .text               mf_w.l(dfixi.o)
    0x080003d6   0x080003d6   0x00000026   Code   RO         4111    .text               mf_w.l(f2d.o)
    0x080003fc   0x080003fc   0x00000038   Code   RO         4113    .text               mf_w.l(d2f.o)
    0x08000434   0x08000434   0x0000002c   Code   RO         4148    .text               mc_w.l(uidiv.o)
    0x08000460   0x08000460   0x0000001e   Code   RO         4150    .text               mc_w.l(llshl.o)
    0x0800047e   0x0800047e   0x00000020   Code   RO         4152    .text               mc_w.l(llushr.o)
    0x0800049e   0x0800049e   0x00000024   Code   RO         4154    .text               mc_w.l(llsshr.o)
    0x080004c2   0x080004c2   0x00000002   PAD
    0x080004c4   0x080004c4   0x0000009c   Code   RO         4163    .text               mc_w.l(strtod.o)
    0x08000560   0x08000560   0x00000000   Code   RO         4165    .text               mc_w.l(iusefp.o)
    0x08000560   0x08000560   0x0000006e   Code   RO         4166    .text               mf_w.l(fepilogue.o)
    0x080005ce   0x080005ce   0x00000052   Code   RO         4168    .text               mf_w.l(frem.o)
    0x08000620   0x08000620   0x000000ba   Code   RO         4170    .text               mf_w.l(depilogue.o)
    0x080006da   0x080006da   0x000000e4   Code   RO         4172    .text               mf_w.l(dmul.o)
    0x080007be   0x080007be   0x000000de   Code   RO         4174    .text               mf_w.l(ddiv.o)
    0x0800089c   0x0800089c   0x00000030   Code   RO         4176    .text               mf_w.l(dfixul.o)
    0x080008cc   0x080008cc   0x00000030   Code   RO         4178    .text               mf_w.l(cdrcmple.o)
    0x080008fc   0x080008fc   0x00000024   Code   RO         4180    .text               mc_w.l(init.o)
    0x08000920   0x08000920   0x0000000a   Code   RO         4182    .text               mc_w.l(isspace_c.o)
    0x0800092a   0x0800092a   0x00000002   PAD
    0x0800092c   0x0800092c   0x00000360   Code   RO         4184    .text               mc_w.l(scanf_fp.o)
    0x08000c8c   0x08000c8c   0x00000040   Code   RO         4188    .text               mc_w.l(_sgetc.o)
    0x08000ccc   0x08000ccc   0x00000028   Code   RO         4190    .text               mc_w.l(ctype_c.o)
    0x08000cf4   0x08000cf4   0x00000018   Code   RO         4193    .text               mf_w.l(dfltul.o)
    0x08000d0c   0x08000d0c   0x00000002   Code   RO          584    i.BusFault_Handler  stm32f4xx_it.o
    0x08000d0e   0x08000d0e   0x00000002   Code   RO          585    i.DebugMon_Handler  stm32f4xx_it.o
    0x08000d10   0x08000d10   0x00000004   Code   RO          319    i.Error_Handler     main.o
    0x08000d14   0x08000d14   0x000001f0   Code   RO         1764    i.HAL_GPIO_Init     stm32f4xx_hal_gpio.o
    0x08000f04   0x08000f04   0x00000010   Code   RO         1767    i.HAL_GPIO_TogglePin  stm32f4xx_hal_gpio.o
    0x08000f14   0x08000f14   0x0000000a   Code   RO         1768    i.HAL_GPIO_WritePin  stm32f4xx_hal_gpio.o
    0x08000f1e   0x08000f1e   0x00000002   PAD
    0x08000f20   0x08000f20   0x0000000c   Code   RO         2314    i.HAL_GetTick       stm32f4xx_hal.o
    0x08000f2c   0x08000f2c   0x00000188   Code   RO          965    i.HAL_I2C_Init      stm32f4xx_hal_i2c.o
    0x080010b4   0x080010b4   0x00000114   Code   RO          435    i.HAL_I2C_MspInit   i2c.o
    0x080011c8   0x080011c8   0x00000010   Code   RO         2320    i.HAL_IncTick       stm32f4xx_hal.o
    0x080011d8   0x080011d8   0x00000034   Code   RO         2321    i.HAL_Init          stm32f4xx_hal.o
    0x0800120c   0x0800120c   0x00000040   Code   RO         2322    i.HAL_InitTick      stm32f4xx_hal.o
    0x0800124c   0x0800124c   0x00000030   Code   RO          674    i.HAL_MspInit       stm32f4xx_hal_msp.o
    0x0800127c   0x0800127c   0x0000001a   Code   RO         2156    i.HAL_NVIC_EnableIRQ  stm32f4xx_hal_cortex.o
    0x08001296   0x08001296   0x00000002   PAD
    0x08001298   0x08001298   0x00000040   Code   RO         2162    i.HAL_NVIC_SetPriority  stm32f4xx_hal_cortex.o
    0x080012d8   0x080012d8   0x00000024   Code   RO         2163    i.HAL_NVIC_SetPriorityGrouping  stm32f4xx_hal_cortex.o
    0x080012fc   0x080012fc   0x00000134   Code   RO         1410    i.HAL_RCC_ClockConfig  stm32f4xx_hal_rcc.o
    0x08001430   0x08001430   0x0000000c   Code   RO         1415    i.HAL_RCC_GetHCLKFreq  stm32f4xx_hal_rcc.o
    0x0800143c   0x0800143c   0x00000020   Code   RO         1417    i.HAL_RCC_GetPCLK1Freq  stm32f4xx_hal_rcc.o
    0x0800145c   0x0800145c   0x00000020   Code   RO         1418    i.HAL_RCC_GetPCLK2Freq  stm32f4xx_hal_rcc.o
    0x0800147c   0x0800147c   0x00000064   Code   RO         1419    i.HAL_RCC_GetSysClockFreq  stm32f4xx_hal_rcc.o
    0x080014e0   0x080014e0   0x0000036c   Code   RO         1422    i.HAL_RCC_OscConfig  stm32f4xx_hal_rcc.o
    0x0800184c   0x0800184c   0x00000028   Code   RO         2167    i.HAL_SYSTICK_Config  stm32f4xx_hal_cortex.o
    0x08001874   0x08001874   0x00000054   Code   RO         3268    i.HAL_TIMEx_ConfigBreakDeadTime  stm32f4xx_hal_tim_ex.o
    0x080018c8   0x080018c8   0x00000090   Code   RO         3284    i.HAL_TIMEx_MasterConfigSynchronization  stm32f4xx_hal_tim_ex.o
    0x08001958   0x08001958   0x000000dc   Code   RO          524    i.HAL_TIM_MspPostInit  tim.o
    0x08001a34   0x08001a34   0x000000cc   Code   RO         2633    i.HAL_TIM_PWM_ConfigChannel  stm32f4xx_hal_tim.o
    0x08001b00   0x08001b00   0x0000005a   Code   RO         2636    i.HAL_TIM_PWM_Init  stm32f4xx_hal_tim.o
    0x08001b5a   0x08001b5a   0x00000002   PAD
    0x08001b5c   0x08001b5c   0x00000060   Code   RO          526    i.HAL_TIM_PWM_MspInit  tim.o
    0x08001bbc   0x08001bbc   0x000000c8   Code   RO         2641    i.HAL_TIM_PWM_Start  stm32f4xx_hal_tim.o
    0x08001c84   0x08001c84   0x00000002   Code   RO          586    i.HardFault_Handler  stm32f4xx_it.o
    0x08001c86   0x08001c86   0x00000002   PAD
    0x08001c88   0x08001c88   0x000000d4   Code   RO          410    i.MX_GPIO_Init      gpio.o
    0x08001d5c   0x08001d5c   0x00000040   Code   RO          436    i.MX_I2C1_Init      i2c.o
    0x08001d9c   0x08001d9c   0x00000040   Code   RO          437    i.MX_I2C2_Init      i2c.o
    0x08001ddc   0x08001ddc   0x00000040   Code   RO          438    i.MX_I2C3_Init      i2c.o
    0x08001e1c   0x08001e1c   0x000000e8   Code   RO          527    i.MX_TIM1_Init      tim.o
    0x08001f04   0x08001f04   0x00000094   Code   RO          528    i.MX_TIM3_Init      tim.o
    0x08001f98   0x08001f98   0x00000094   Code   RO          529    i.MX_TIM4_Init      tim.o
    0x0800202c   0x0800202c   0x00000002   Code   RO          587    i.MemManage_Handler  stm32f4xx_it.o
    0x0800202e   0x0800202e   0x00000002   Code   RO          588    i.NMI_Handler       stm32f4xx_it.o
    0x08002030   0x08002030   0x00000002   Code   RO          589    i.PendSV_Handler    stm32f4xx_it.o
    0x08002032   0x08002032   0x00000002   Code   RO          590    i.SVC_Handler       stm32f4xx_it.o
    0x08002034   0x08002034   0x00000004   Code   RO          591    i.SysTick_Handler   stm32f4xx_it.o
    0x08002038   0x08002038   0x00000098   Code   RO          320    i.SystemClock_Config  main.o
    0x080020d0   0x080020d0   0x00000010   Code   RO         3533    i.SystemInit        system_stm32f4xx.o
    0x080020e0   0x080020e0   0x00000054   Code   RO         3752    i.TIM6_1ms_Init     timer.o
    0x08002134   0x08002134   0x00000020   Code   RO          592    i.TIM6_DAC_IRQHandler  stm32f4xx_it.o
    0x08002154   0x08002154   0x000000d0   Code   RO         2654    i.TIM_Base_SetConfig  stm32f4xx_hal_tim.o
    0x08002224   0x08002224   0x0000001a   Code   RO         2655    i.TIM_CCxChannelCmd  stm32f4xx_hal_tim.o
    0x0800223e   0x0800223e   0x00000002   PAD
    0x08002240   0x08002240   0x00000060   Code   RO         2667    i.TIM_OC1_SetConfig  stm32f4xx_hal_tim.o
    0x080022a0   0x080022a0   0x0000006c   Code   RO         2668    i.TIM_OC2_SetConfig  stm32f4xx_hal_tim.o
    0x0800230c   0x0800230c   0x00000068   Code   RO         2669    i.TIM_OC3_SetConfig  stm32f4xx_hal_tim.o
    0x08002374   0x08002374   0x00000050   Code   RO         2670    i.TIM_OC4_SetConfig  stm32f4xx_hal_tim.o
    0x080023c4   0x080023c4   0x00000004   Code   RO          593    i.USART2_IRQHandler  stm32f4xx_it.o
    0x080023c8   0x080023c8   0x00000064   Code   RO           16    i.USART2_IRQHandler_User  usart.o
    0x0800242c   0x0800242c   0x00000002   Code   RO          594    i.UsageFault_Handler  stm32f4xx_it.o
    0x0800242e   0x0800242e   0x00000002   PAD
    0x08002430   0x08002430   0x00000020   Code   RO         4079    i.__0printf         mc_w.l(printfa.o)
    0x08002450   0x08002450   0x00000026   Code   RO         4115    i.__ARM_fpclassifyf  m_wm.l(fpclassifyf.o)
    0x08002476   0x08002476   0x00000020   Code   RO         2169    i.__NVIC_SetPriority  stm32f4xx_hal_cortex.o
    0x08002496   0x08002496   0x00000002   PAD
    0x08002498   0x08002498   0x000002ac   Code   RO         3809    i.__hardfp_atan2f   m_wm.l(atan2f.o)
    0x08002744   0x08002744   0x00000004   PAD
    0x08002748   0x08002748   0x00000038   Code   RO         3821    i.__hardfp_atof     m_wm.l(atof.o)
    0x08002780   0x08002780   0x000000b0   Code   RO         3827    i.__hardfp_fmodf    m_wm.l(fmodf.o)
    0x08002830   0x08002830   0x00000006   Code   RO         4119    i.__mathlib_flt_infnan2  m_wm.l(funder.o)
    0x08002836   0x08002836   0x00000002   PAD
    0x08002838   0x08002838   0x00000010   Code   RO         4120    i.__mathlib_flt_invalid  m_wm.l(funder.o)
    0x08002848   0x08002848   0x00000010   Code   RO         4123    i.__mathlib_flt_underflow  m_wm.l(funder.o)
    0x08002858   0x08002858   0x0000000c   Code   RO         4157    i.__read_errno      mc_w.l(errno.o)
    0x08002864   0x08002864   0x0000000e   Code   RO         4197    i.__scatterload_copy  mc_w.l(handlers.o)
    0x08002872   0x08002872   0x00000002   Code   RO         4198    i.__scatterload_null  mc_w.l(handlers.o)
    0x08002874   0x08002874   0x0000000e   Code   RO         4199    i.__scatterload_zeroinit  mc_w.l(handlers.o)
    0x08002882   0x08002882   0x00000002   PAD
    0x08002884   0x08002884   0x0000000c   Code   RO         4158    i.__set_errno       mc_w.l(errno.o)
    0x08002890   0x08002890   0x0000000e   Code   RO         3571    i._electricalAngle  foc_utils.o
    0x0800289e   0x0800289e   0x00000002   PAD
    0x080028a0   0x080028a0   0x00000184   Code   RO         4086    i._fp_digits        mc_w.l(printfa.o)
    0x08002a24   0x08002a24   0x0000000e   Code   RO         4186    i._is_digit         mc_w.l(scanf_fp.o)
    0x08002a32   0x08002a32   0x00000002   PAD
    0x08002a34   0x08002a34   0x0000002c   Code   RO         3572    i._normalizeAngle   foc_utils.o
    0x08002a60   0x08002a60   0x000006b4   Code   RO         4087    i._printf_core      mc_w.l(printfa.o)
    0x08003114   0x08003114   0x00000024   Code   RO         4088    i._printf_post_padding  mc_w.l(printfa.o)
    0x08003138   0x08003138   0x0000002e   Code   RO         4089    i._printf_pre_padding  mc_w.l(printfa.o)
    0x08003166   0x08003166   0x00000002   PAD
    0x08003168   0x08003168   0x00000140   Code   RO         3573    i._sin              foc_utils.o
    0x080032a8   0x080032a8   0x00000018   Code   RO         3574    i._sqrtApprox       foc_utils.o
    0x080032c0   0x080032c0   0x000000e8   Code   RO         3660    i.angleOpenloop     bldcmotor.o
    0x080033a8   0x080033a8   0x000000b4   Code   RO          321    i.commander_run     main.o
    0x0800345c   0x0800345c   0x0000002e   Code   RO         3776    i.delay_ms          delay.o
    0x0800348a   0x0800348a   0x00000002   PAD
    0x0800348c   0x0800348c   0x00000018   Code   RO           17    i.fputc             usart.o
    0x080034a4   0x080034a4   0x0000020c   Code   RO          322    i.main              main.o
    0x080036b0   0x080036b0   0x00000054   Code   RO         3661    i.move              bldcmotor.o
    0x08003704   0x08003704   0x0000019c   Code   RO         3662    i.setPhaseVoltage   bldcmotor.o
    0x080038a0   0x080038a0   0x00000018   Code   RO         3778    i.systick_CountMode  delay.o
    0x080038b8   0x080038b8   0x000000a0   Code   RO         3663    i.velocityOpenloop  bldcmotor.o
    0x08003958   0x08003958   0x00000010   Data   RO         3534    .constdata          system_stm32f4xx.o
    0x08003968   0x08003968   0x00000008   Data   RO         3535    .constdata          system_stm32f4xx.o
    0x08003970   0x08003970   0x00000320   Data   RO         3575    .constdata          foc_utils.o
    0x08003c90   0x08003c90   0x00000040   Data   RO         4191    .constdata          mc_w.l(ctype_c.o)
    0x08003cd0   0x08003cd0   0x00000020   Data   RO         4195    Region$$Table       anon$$obj.o


    Execution Region RW_IRAM1 (Exec base: 0x20000000, Load base: 0x08003cf0, Size: 0x00000778, Max: 0x0001c000, ABSOLUTE)

    Exec Addr    Load Addr    Size         Type   Attr      Idx    E Section Name        Object

    0x20000000   0x08003cf0   0x00000002   Data   RW           19    .data               usart.o
    0x20000002   0x08003cf2   0x00000002   PAD
    0x20000004   0x08003cf4   0x00000008   Data   RW          323    .data               main.o
    0x2000000c   0x08003cfc   0x00000004   Data   RW          595    .data               stm32f4xx_it.o
    0x20000010   0x08003d00   0x0000000c   Data   RW         2328    .data               stm32f4xx_hal.o
    0x2000001c   0x08003d0c   0x00000004   Data   RW         3536    .data               system_stm32f4xx.o
    0x20000020   0x08003d10   0x0000000c   Data   RW         3622    .data               focmotor.o
    0x2000002c   0x08003d1c   0x00000004   Data   RW         3626    .data               focmotor.o
    0x20000030   0x08003d20   0x00000004   Data   RW         3627    .data               focmotor.o
    0x20000034   0x08003d24   0x00000008   Data   RW         3628    .data               focmotor.o
    0x2000003c   0x08003d2c   0x00000001   Data   RW         3631    .data               focmotor.o
    0x2000003d   0x08003d2d   0x00000003   PAD
    0x20000040   0x08003d30   0x00000014   Data   RW         3664    .data               bldcmotor.o
    0x20000054   0x08003d44   0x00000004   Data   RW         4147    .data               mc_w.l(stdout.o)
    0x20000058   0x08003d48   0x00000004   Data   RW         4159    .data               mc_w.l(errno.o)
    0x2000005c        -       0x00000144   Zero   RW           18    .bss                usart.o
    0x200001a0        -       0x000000fc   Zero   RW          445    .bss                i2c.o
    0x2000029c        -       0x000000d8   Zero   RW          530    .bss                tim.o
    0x20000374   0x08003d4c   0x00000004   PAD
    0x20000378        -       0x00000400   Zero   RW            1    STACK               startup_stm32f407xx.o


    Execution Region RW_IRAM2 (Exec base: 0x2001c000, Load base: 0x08003d4c, Size: 0x00000000, Max: 0x00004000, ABSOLUTE)

    **** No section assigned to this execution region ****


==============================================================================

Image component sizes


      Code (inc. data)   RO Data    RW Data    ZI Data      Debug   Object Name

       888         98          0         20          0       4911   bldcmotor.o
        70          6          0          0          0       1159   delay.o
       402         46        800          0          0       3459   foc_utils.o
         0          0          0         29          0       1309   focmotor.o
       212          8          0          0          0       1203   gpio.o
       468         74          0          0        252       3649   i2c.o
       860        308          0          8          0       4513   main.o
        36          8        392          0       1024        884   startup_stm32f407xx.o
       144         24          0         12          0       9213   stm32f4xx_hal.o
       198         14          0          0          0      34203   stm32f4xx_hal_cortex.o
       522         46          0          0          0       3093   stm32f4xx_hal_gpio.o
       392         16          0          0          0       3351   stm32f4xx_hal_i2c.o
        48          6          0          0          0        986   stm32f4xx_hal_msp.o
      1360         82          0          0          0       6180   stm32f4xx_hal_rcc.o
      1116        108          0          0          0       9070   stm32f4xx_hal_tim.o
       228         28          0          0          0       2384   stm32f4xx_hal_tim_ex.o
        56          8          0          4          0       6097   stm32f4xx_it.o
        16          4         24          4          0       1319   system_stm32f4xx.o
       844         80          0          0        216       4513   tim.o
        84         10          0          0          0        928   timer.o
       124         18          0          2        324     700817   usart.o

    ----------------------------------------------------------------------
      8086        992       1248         84       1820     803241   Object Totals
         0          0         32          0          0          0   (incl. Generated)
        18          0          0          5          4          0   (incl. Padding)

    ----------------------------------------------------------------------

      Code (inc. data)   RO Data    RW Data    ZI Data      Debug   Library Member Name

       684         90          0          0          0        208   atan2f.o
        56         12          0          0          0        132   atof.o
       176          0          0          0          0        168   fmodf.o
        38          0          0          0          0        116   fpclassifyf.o
        38         12          0          0          0        348   funder.o
        64          0          0          0          0         84   _sgetc.o
        40          6         64          0          0         68   ctype_c.o
         0          0          0          0          0          0   entry.o
         0          0          0          0          0          0   entry10a.o
         0          0          0          0          0          0   entry11a.o
         4          0          0          0          0          0   entry12b.o
         8          4          0          0          0          0   entry2.o
         4          0          0          0          0          0   entry5.o
         0          0          0          0          0          0   entry7b.o
         0          0          0          0          0          0   entry8b.o
         8          4          0          0          0          0   entry9a.o
        24         12          0          4          0        136   errno.o
        30          0          0          0          0          0   handlers.o
        36          8          0          0          0         68   init.o
        10          0          0          0          0         68   isspace_c.o
         0          0          0          0          0          0   iusefp.o
        30          0          0          0          0         68   llshl.o
        36          0          0          0          0         68   llsshr.o
        32          0          0          0          0         68   llushr.o
        36          0          0          0          0        108   memseta.o
      2218         90          0          0          0        464   printfa.o
       878         12          0          0          0        216   scanf_fp.o
         0          0          0          4          0          0   stdout.o
       156         12          0          0          0        120   strtod.o
        44          0          0          0          0         80   uidiv.o
        98          0          0          0          0         92   uldiv.o
        48          0          0          0          0         68   cdrcmple.o
        56          0          0          0          0         88   d2f.o
       334          0          0          0          0        148   dadd.o
       222          0          0          0          0        100   ddiv.o
       186          0          0          0          0        176   depilogue.o
        62          0          0          0          0         80   dfixi.o
        48          0          0          0          0         68   dfixul.o
        24          0          0          0          0         76   dfltul.o
       228          0          0          0          0         96   dmul.o
        38          0          0          0          0         68   f2d.o
       110          0          0          0          0        168   fepilogue.o
        82          0          0          0          0         96   frem.o

    ----------------------------------------------------------------------
      6202        266         64          8          0       3912   Library Totals
        16          4          0          0          0          0   (incl. Padding)

    ----------------------------------------------------------------------

      Code (inc. data)   RO Data    RW Data    ZI Data      Debug   Library Name

       992        114          0          0          0        972   m_wm.l
      3756        148         64          8          0       1708   mc_w.l
      1438          0          0          0          0       1232   mf_w.l

    ----------------------------------------------------------------------
      6202        266         64          8          0       3912   Library Totals

    ----------------------------------------------------------------------

==============================================================================


      Code (inc. data)   RO Data    RW Data    ZI Data      Debug   

     14288       1258       1312         92       1820     799201   Grand Totals
     14288       1258       1312         92       1820     799201   ELF Image Totals
     14288       1258       1312         92          0          0   ROM Totals

==============================================================================

    Total RO  Size (Code + RO Data)                15600 (  15.23kB)
    Total RW  Size (RW Data + ZI Data)              1912 (   1.87kB)
    Total ROM Size (Code + RO Data + RW Data)      15692 (  15.32kB)

==============================================================================

