*** Using Compiler 'V5.06 update 7 (build 960)', folder: 'D:\Program Files\Keil5\ARM\ARMCC\Bin'
Rebuild target 'CubeMX'
assembling startup_stm32f407xx.s...
compiling stm32f4xx_hal_i2c_ex.c...
compiling i2c.c...
compiling stm32f4xx_hal_msp.c...
compiling main.c...
../Hardware/timer.h(22): warning:  #1-D: last line of file ends without a newline
  #endif
../Core/Src/main.c: 1 warning, 0 errors
compiling usart.c...
compiling stm32f4xx_it.c...
compiling tim.c...
../Hardware/timer.h(22): warning:  #1-D: last line of file ends without a newline
  #endif
../Core/Src/tim.c: 1 warning, 0 errors
compiling gpio.c...
compiling stm32f4xx_hal_i2c.c...
compiling stm32f4xx_hal_rcc.c...
compiling stm32f4xx_hal_uart.c...
compiling stm32f4xx_hal_flash.c...
compiling stm32f4xx_hal_pwr_ex.c...
compiling stm32f4xx_hal_pwr.c...
compiling stm32f4xx_hal_cortex.c...
compiling stm32f4xx_hal_dma.c...
compiling stm32f4xx_hal_flash_ramfunc.c...
compiling stm32f4xx_hal_flash_ex.c...
compiling stm32f4xx_hal_dma_ex.c...
compiling stm32f4xx_hal_gpio.c...
compiling stm32f4xx_hal_rcc_ex.c...
compiling stm32f4xx_hal.c...
compiling delay.c...
compiling system_stm32f4xx.c...
compiling BLDCMotor.c...
../Hardware/timer.h(22): warning:  #1-D: last line of file ends without a newline
  #endif
../SimpleFOC/BLDCMotor.c: 1 warning, 0 errors
compiling timer.c...
../Hardware/timer.h(22): warning:  #1-D: last line of file ends without a newline
  #endif
../Hardware/timer.c: 1 warning, 0 errors
compiling FOCMotor.c...
../Hardware/timer.h(22): warning:  #1-D: last line of file ends without a newline
  #endif
../SimpleFOC/FOCMotor.c: 1 warning, 0 errors
compiling stm32f4xx_hal_exti.c...
compiling CurrentSense.c...
../Hardware/timer.h(22): warning:  #1-D: last line of file ends without a newline
  #endif
../SimpleFOC/CurrentSense.c: 1 warning, 0 errors
compiling foc_utils.c...
../Hardware/timer.h(22): warning:  #1-D: last line of file ends without a newline
  #endif
../SimpleFOC/foc_utils.c(19): warning:  #1035-D: single-precision operand implicitly converted to double-precision
      return 0.0001f*sine_array[_round(126.6873f* a)];
../SimpleFOC/foc_utils.c(19): warning:  #1035-D: single-precision operand implicitly converted to double-precision
      return 0.0001f*sine_array[_round(126.6873f* a)];
../SimpleFOC/foc_utils.c(21): warning:  #1035-D: single-precision operand implicitly converted to double-precision
      return 0.0001f*sine_array[398 - _round(126.6873f*a)];
../SimpleFOC/foc_utils.c(21): warning:  #1035-D: single-precision operand implicitly converted to double-precision
      return 0.0001f*sine_array[398 - _round(126.6873f*a)];
../SimpleFOC/foc_utils.c(23): warning:  #1035-D: single-precision operand implicitly converted to double-precision
      return -0.0001f*sine_array[-398 + _round(126.6873f*a)];
../SimpleFOC/foc_utils.c(23): warning:  #1035-D: single-precision operand implicitly converted to double-precision
      return -0.0001f*sine_array[-398 + _round(126.6873f*a)];
../SimpleFOC/foc_utils.c(25): warning:  #1035-D: single-precision operand implicitly converted to double-precision
      return -0.0001f*sine_array[796 - _round(126.6873f*a)];
../SimpleFOC/foc_utils.c(25): warning:  #1035-D: single-precision operand implicitly converted to double-precision
      return -0.0001f*sine_array[796 - _round(126.6873f*a)];
../SimpleFOC/foc_utils.c: 9 warnings, 0 errors
compiling stm32f4xx_hal_tim_ex.c...
compiling stm32f4xx_hal_tim.c...
linking...
Program Size: Code=15980 RO-data=1312 RW-data=92 ZI-data=1820  
FromELF: creating hex file...
"CubeMX\CubeMX.axf" - 0 Error(s), 15 Warning(s).
Build Time Elapsed:  00:00:17
