Component: ARM Compiler 5.06 update 7 (build 960) Tool: armlink [4d3601]

==============================================================================

Section Cross References

    startup_stm32f407xx.o(RESET) refers to startup_stm32f407xx.o(STACK) for __initial_sp
    startup_stm32f407xx.o(RESET) refers to startup_stm32f407xx.o(.text) for Reset_Handler
    startup_stm32f407xx.o(RESET) refers to stm32f4xx_it.o(i.NMI_Handler) for NMI_Handler
    startup_stm32f407xx.o(RESET) refers to stm32f4xx_it.o(i.HardFault_Handler) for HardFault_Handler
    startup_stm32f407xx.o(RESET) refers to stm32f4xx_it.o(i.MemManage_Handler) for MemManage_Handler
    startup_stm32f407xx.o(RESET) refers to stm32f4xx_it.o(i.BusFault_Handler) for BusFault_Handler
    startup_stm32f407xx.o(RESET) refers to stm32f4xx_it.o(i.UsageFault_Handler) for UsageFault_Handler
    startup_stm32f407xx.o(RESET) refers to stm32f4xx_it.o(i.SVC_Handler) for SVC_Handler
    startup_stm32f407xx.o(RESET) refers to stm32f4xx_it.o(i.DebugMon_Handler) for DebugMon_Handler
    startup_stm32f407xx.o(RESET) refers to stm32f4xx_it.o(i.PendSV_Handler) for PendSV_Handler
    startup_stm32f407xx.o(RESET) refers to stm32f4xx_it.o(i.SysTick_Handler) for SysTick_Handler
    startup_stm32f407xx.o(RESET) refers to stm32f4xx_it.o(i.USART2_IRQHandler) for USART2_IRQHandler
    startup_stm32f407xx.o(RESET) refers to stm32f4xx_it.o(i.TIM6_DAC_IRQHandler) for TIM6_DAC_IRQHandler
    startup_stm32f407xx.o(.text) refers to system_stm32f4xx.o(i.SystemInit) for SystemInit
    startup_stm32f407xx.o(.text) refers to entry.o(.ARM.Collect$$$$00000000) for __main
    main.o(i.Boot_PG4_Blink_5s) refers to printfa.o(i.__0printf) for __2printf
    main.o(i.Boot_PG4_Blink_5s) refers to stm32f4xx_hal_gpio.o(i.HAL_GPIO_TogglePin) for HAL_GPIO_TogglePin
    main.o(i.Boot_PG4_Blink_5s) refers to delay.o(i.delay_ms) for delay_ms
    main.o(i.Boot_PG4_Blink_5s) refers to stm32f4xx_hal_gpio.o(i.HAL_GPIO_WritePin) for HAL_GPIO_WritePin
    main.o(i.Boot_PG4_Blink_5s) refers to main.o(.conststring) for .conststring
    main.o(i.Motor_Encoder_OpenLoop_SelfTest) refers to printfa.o(i.__0printf) for __2printf
    main.o(i.Motor_Encoder_OpenLoop_SelfTest) refers to stm32f4xx_hal_gpio.o(i.HAL_GPIO_TogglePin) for HAL_GPIO_TogglePin
    main.o(i.Motor_Encoder_OpenLoop_SelfTest) refers to delay.o(i.delay_ms) for delay_ms
    main.o(i.Motor_Encoder_OpenLoop_SelfTest) refers to stm32f4xx_hal_gpio.o(i.HAL_GPIO_WritePin) for HAL_GPIO_WritePin
    main.o(i.Motor_Encoder_OpenLoop_SelfTest) refers to delay.o(i.systick_CountMode) for systick_CountMode
    main.o(i.Motor_Encoder_OpenLoop_SelfTest) refers to i2c.o(i.i2c_mt6701_1_get_angle) for i2c_mt6701_1_get_angle
    main.o(i.Motor_Encoder_OpenLoop_SelfTest) refers to i2c.o(i.i2c_mt6701_2_get_angle) for i2c_mt6701_2_get_angle
    main.o(i.Motor_Encoder_OpenLoop_SelfTest) refers to i2c.o(i.i2c_mt6701_3_get_angle) for i2c_mt6701_3_get_angle
    main.o(i.Motor_Encoder_OpenLoop_SelfTest) refers to main.o(i.set_motor_enable) for set_motor_enable
    main.o(i.Motor_Encoder_OpenLoop_SelfTest) refers to stm32f4xx_hal.o(i.HAL_GetTick) for HAL_GetTick
    main.o(i.Motor_Encoder_OpenLoop_SelfTest) refers to bldcmotor.o(i.velocityOpenloop) for velocityOpenloop
    main.o(i.Motor_Encoder_OpenLoop_SelfTest) refers to bldcmotor.o(i.setPhaseVoltage) for setPhaseVoltage
    main.o(i.Motor_Encoder_OpenLoop_SelfTest) refers to f2d.o(.text) for __aeabi_f2d
    main.o(i.Motor_Encoder_OpenLoop_SelfTest) refers to bldcmotor.o(.data) for voltage_limit
    main.o(i.Motor_Encoder_OpenLoop_SelfTest) refers to main.o(.conststring) for .conststring
    main.o(i.Motor_Encoder_OpenLoop_SelfTest) refers to focmotor.o(.data) for controller
    main.o(i.Motor_Encoder_OpenLoop_SelfTest) refers to bldcmotor.o(.bss) for open_loop_timestamp
    main.o(i.Motor_Encoder_OpenLoop_SelfTest) refers to focmotor.o(.bss) for shaft_angle
    main.o(i.Motor_Encoder_OpenLoop_SelfTest) refers to focmotor.o(.data) for motor_sensor_map
    main.o(i.Motor_Encoder_OpenLoop_SelfTest) refers to focmotor.o(i.updateSensor) for updateSensor
    main.o(i.Motor_Encoder_OpenLoop_SelfTest) refers to focmotor.o(i.electricalAngle) for electricalAngle
    main.o(i.Motor_Encoder_OpenLoop_SelfTest) refers to focmotor.o(.data) for motor_aligned
    main.o(i.Motor_Encoder_OpenLoop_SelfTest) refers to main.o(.data) for .data
    main.o(i.Motor_Measure_PolePairs) refers to printfa.o(i.__0printf) for __2printf
    main.o(i.Motor_Measure_PolePairs) refers to main.o(i.set_motor_enable) for set_motor_enable
    main.o(i.Motor_Measure_PolePairs) refers to delay.o(i.delay_ms) for delay_ms
    main.o(i.Motor_Measure_PolePairs) refers to bldcmotor.o(i.setPhaseVoltage) for setPhaseVoltage
    main.o(i.Motor_Measure_PolePairs) refers to i2c.o(i.i2c_mt6701_1_get_angle) for i2c_mt6701_1_get_angle
    main.o(i.Motor_Measure_PolePairs) refers to i2c.o(i.i2c_mt6701_2_get_angle) for i2c_mt6701_2_get_angle
[...]
    i.HAL_InitTick                           0x08001c28   Section        0  stm32f4xx_hal.o(i.HAL_InitTick)
    i.HAL_MspInit                            0x08001c68   Section        0  stm32f4xx_hal_msp.o(i.HAL_MspInit)
    i.HAL_NVIC_EnableIRQ                     0x08001c98   Section        0  stm32f4xx_hal_cortex.o(i.HAL_NVIC_EnableIRQ)
    i.HAL_NVIC_SetPriority                   0x08001cb4   Section        0  stm32f4xx_hal_cortex.o(i.HAL_NVIC_SetPriority)
    i.HAL_NVIC_SetPriorityGrouping           0x08001cf4   Section        0  stm32f4xx_hal_cortex.o(i.HAL_NVIC_SetPriorityGrouping)
    i.HAL_RCC_ClockConfig                    0x08001d18   Section        0  stm32f4xx_hal_rcc.o(i.HAL_RCC_ClockConfig)
    i.HAL_RCC_GetHCLKFreq                    0x08001e4c   Section        0  stm32f4xx_hal_rcc.o(i.HAL_RCC_GetHCLKFreq)
    i.HAL_RCC_GetPCLK1Freq                   0x08001e58   Section        0  stm32f4xx_hal_rcc.o(i.HAL_RCC_GetPCLK1Freq)
    i.HAL_RCC_GetPCLK2Freq                   0x08001e78   Section        0  stm32f4xx_hal_rcc.o(i.HAL_RCC_GetPCLK2Freq)
    i.HAL_RCC_GetSysClockFreq                0x08001e98   Section        0  stm32f4xx_hal_rcc.o(i.HAL_RCC_GetSysClockFreq)
    i.HAL_RCC_OscConfig                      0x08001efc   Section        0  stm32f4xx_hal_rcc.o(i.HAL_RCC_OscConfig)
    i.HAL_SYSTICK_Config                     0x08002268   Section        0  stm32f4xx_hal_cortex.o(i.HAL_SYSTICK_Config)
    i.HAL_TIMEx_ConfigBreakDeadTime          0x08002290   Section        0  stm32f4xx_hal_tim_ex.o(i.HAL_TIMEx_ConfigBreakDeadTime)
    i.HAL_TIMEx_MasterConfigSynchronization  0x080022e4   Section        0  stm32f4xx_hal_tim_ex.o(i.HAL_TIMEx_MasterConfigSynchronization)
    i.HAL_TIM_MspPostInit                    0x08002374   Section        0  tim.o(i.HAL_TIM_MspPostInit)
    i.HAL_TIM_PWM_ConfigChannel              0x08002450   Section        0  stm32f4xx_hal_tim.o(i.HAL_TIM_PWM_ConfigChannel)
    i.HAL_TIM_PWM_Init                       0x0800251c   Section        0  stm32f4xx_hal_tim.o(i.HAL_TIM_PWM_Init)
    i.HAL_TIM_PWM_MspInit                    0x08002578   Section        0  tim.o(i.HAL_TIM_PWM_MspInit)
    i.HAL_TIM_PWM_Start                      0x080025d8   Section        0  stm32f4xx_hal_tim.o(i.HAL_TIM_PWM_Start)
    i.HAL_UARTEx_RxEventCallback             0x080026a0   Section        0  stm32f4xx_hal_uart.o(i.HAL_UARTEx_RxEventCallback)
    i.HAL_UART_ErrorCallback                 0x080026a2   Section        0  stm32f4xx_hal_uart.o(i.HAL_UART_ErrorCallback)
    i.HAL_UART_IRQHandler                    0x080026a4   Section        0  stm32f4xx_hal_uart.o(i.HAL_UART_IRQHandler)
    i.HAL_UART_Init                          0x08002924   Section        0  stm32f4xx_hal_uart.o(i.HAL_UART_Init)
    i.HAL_UART_MspInit                       0x08002988   Section        0  usart.o(i.HAL_UART_MspInit)
    i.HAL_UART_RxCpltCallback                0x08002a00   Section        0  stm32f4xx_hal_uart.o(i.HAL_UART_RxCpltCallback)
    i.HAL_UART_TxCpltCallback                0x08002a02   Section        0  stm32f4xx_hal_uart.o(i.HAL_UART_TxCpltCallback)
    i.HardFault_Handler                      0x08002a04   Section        0  stm32f4xx_it.o(i.HardFault_Handler)
    i.I2C_IsAcknowledgeFailed                0x08002a06   Section        0  stm32f4xx_hal_i2c.o(i.I2C_IsAcknowledgeFailed)
    I2C_IsAcknowledgeFailed                  0x08002a07   Thumb Code    46  stm32f4xx_hal_i2c.o(i.I2C_IsAcknowledgeFailed)
    i.I2C_RequestMemoryRead                  0x08002a34   Section        0  stm32f4xx_hal_i2c.o(i.I2C_RequestMemoryRead)
    I2C_RequestMemoryRead                    0x08002a35   Thumb Code   246  stm32f4xx_hal_i2c.o(i.I2C_RequestMemoryRead)
    i.I2C_WaitOnFlagUntilTimeout             0x08002b30   Section        0  stm32f4xx_hal_i2c.o(i.I2C_WaitOnFlagUntilTimeout)
    I2C_WaitOnFlagUntilTimeout               0x08002b31   Thumb Code   144  stm32f4xx_hal_i2c.o(i.I2C_WaitOnFlagUntilTimeout)
    i.I2C_WaitOnMasterAddressFlagUntilTimeout 0x08002bc0   Section        0  stm32f4xx_hal_i2c.o(i.I2C_WaitOnMasterAddressFlagUntilTimeout)
    I2C_WaitOnMasterAddressFlagUntilTimeout  0x08002bc1   Thumb Code   188  stm32f4xx_hal_i2c.o(i.I2C_WaitOnMasterAddressFlagUntilTimeout)
    i.I2C_WaitOnRXNEFlagUntilTimeout         0x08002c7c   Section        0  stm32f4xx_hal_i2c.o(i.I2C_WaitOnRXNEFlagUntilTimeout)
    I2C_WaitOnRXNEFlagUntilTimeout           0x08002c7d   Thumb Code   112  stm32f4xx_hal_i2c.o(i.I2C_WaitOnRXNEFlagUntilTimeout)
    i.I2C_WaitOnTXEFlagUntilTimeout          0x08002cec   Section        0  stm32f4xx_hal_i2c.o(i.I2C_WaitOnTXEFlagUntilTimeout)
    I2C_WaitOnTXEFlagUntilTimeout            0x08002ced   Thumb Code    86  stm32f4xx_hal_i2c.o(i.I2C_WaitOnTXEFlagUntilTimeout)
    i.LPF_operator                           0x08002d44   Section        0  foc_utils.o(i.LPF_operator)
    i.LSM6DSR_Get_Data                       0x08002dd4   Section        0  lsm6dsr.o(i.LSM6DSR_Get_Data)
    i.LSM6DSR_Init                           0x08002e78   Section        0  lsm6dsr.o(i.LSM6DSR_Init)
    i.LSM6DSR_Read_ID                        0x08002ec0   Section        0  lsm6dsr.o(i.LSM6DSR_Read_ID)
    i.LSM6DSR_Read_Raw                       0x08002ed8   Section        0  lsm6dsr.o(i.LSM6DSR_Read_Raw)
    i.MPU6050_Get_Data                       0x08002f10   Section        0  mpu6050.o(i.MPU6050_Get_Data)
    i.MPU6050_Init                           0x08002fb4   Section        0  mpu6050.o(i.MPU6050_Init)
    i.MPU6050_Read_ID                        0x08003068   Section        0  mpu6050.o(i.MPU6050_Read_ID)
    i.MPU6050_Read_Raw                       0x08003080   Section        0  mpu6050.o(i.MPU6050_Read_Raw)
    i.MX_GPIO_Init                           0x080030cc   Section        0  gpio.o(i.MX_GPIO_Init)
    i.MX_I2C1_Init                           0x080031bc   Section        0  i2c.o(i.MX_I2C1_Init)
    i.MX_I2C2_Init                           0x080031fc   Section        0  i2c.o(i.MX_I2C2_Init)
    i.MX_I2C3_Init                           0x0800323c   Section        0  i2c.o(i.MX_I2C3_Init)
    i.MX_TIM1_Init                           0x0800327c   Section        0  tim.o(i.MX_TIM1_Init)
    i.MX_TIM3_Init                           0x08003364   Section        0  tim.o(i.MX_TIM3_Init)
    i.MX_TIM4_Init                           0x080033f8   Section        0  tim.o(i.MX_TIM4_Init)
    i.MX_USART2_UART_Init                    0x0800348c   Section        0  usart.o(i.MX_USART2_UART_Init)
    i.MemManage_Handler                      0x080034cc   Section        0  stm32f4xx_it.o(i.MemManage_Handler)
    i.Motor_Encoder_OpenLoop_SelfTest        0x080034d0   Section        0  main.o(i.Motor_Encoder_OpenLoop_SelfTest)
    i.Motor_GPIO_Safety_Check                0x08003f2c   Section        0  gpio.o(i.Motor_GPIO_Safety_Check)
    i.Motor_Measure_PolePairs                0x08003f78   Section        0  main.o(i.Motor_Measure_PolePairs)
    i.Motor_alignAll                         0x0800450c   Section        0  bldcmotor.o(i.Motor_alignAll)
    i.Motor_alignSensor                      0x080045dc   Section        0  bldcmotor.o(i.Motor_alignSensor)
    i.NMI_Handler                            0x08004884   Section        0  stm32f4xx_it.o(i.NMI_Handler)
    i.PID_operator                           0x08004888   Section        0  foc_utils.o(i.PID_operator)
    i.PendSV_Handler                         0x080049fc   Section        0  stm32f4xx_it.o(i.PendSV_Handler)
    i.SPI2_Init                              0x08004a00   Section        0  spi.o(i.SPI2_Init)
    i.SPI2_ReadBytes                         0x08004ac4   Section        0  spi.o(i.SPI2_ReadBytes)
    i.SPI2_ReadWriteByte                     0x08004afc   Section        0  spi.o(i.SPI2_ReadWriteByte)
    i.SPI2_WriteByte                         0x08004b34   Section        0  spi.o(i.SPI2_WriteByte)
    i.SVC_Handler                            0x08004b58   Section        0  stm32f4xx_it.o(i.SVC_Handler)
    i.SimpleFOC_PID_Init                     0x08004b5c   Section        0  focmotor.o(i.SimpleFOC_PID_Init)
    i.SysTick_Handler                        0x08004bd4   Section        0  stm32f4xx_it.o(i.SysTick_Handler)
    i.SystemClock_Config                     0x08004bd8   Section        0  main.o(i.SystemClock_Config)
    i.SystemInit                             0x08004c70   Section        0  system_stm32f4xx.o(i.SystemInit)
    i.TIM5_Micros_Init                       0x08004c80   Section        0  timer.o(i.TIM5_Micros_Init)
    i.TIM6_1ms_Init                          0x08004ccc   Section        0  timer.o(i.TIM6_1ms_Init)
    i.TIM6_DAC_IRQHandler                    0x08004d20   Section        0  stm32f4xx_it.o(i.TIM6_DAC_IRQHandler)
    i.TIM_Base_SetConfig                     0x08004d44   Section        0  stm32f4xx_hal_tim.o(i.TIM_Base_SetConfig)
    i.TIM_CCxChannelCmd                      0x08004e14   Section        0  stm32f4xx_hal_tim.o(i.TIM_CCxChannelCmd)
    i.TIM_OC1_SetConfig                      0x08004e30   Section        0  stm32f4xx_hal_tim.o(i.TIM_OC1_SetConfig)
    TIM_OC1_SetConfig                        0x08004e31   Thumb Code    88  stm32f4xx_hal_tim.o(i.TIM_OC1_SetConfig)
    i.TIM_OC2_SetConfig                      0x08004e90   Section        0  stm32f4xx_hal_tim.o(i.TIM_OC2_SetConfig)
    i.TIM_OC3_SetConfig                      0x08004efc   Section        0  stm32f4xx_hal_tim.o(i.TIM_OC3_SetConfig)
    TIM_OC3_SetConfig                        0x08004efd   Thumb Code    96  stm32f4xx_hal_tim.o(i.TIM_OC3_SetConfig)
    i.TIM_OC4_SetConfig                      0x08004f64   Section        0  stm32f4xx_hal_tim.o(i.TIM_OC4_SetConfig)
    TIM_OC4_SetConfig                        0x08004f65   Thumb Code    70  stm32f4xx_hal_tim.o(i.TIM_OC4_SetConfig)
    i.UART_DMAAbortOnError                   0x08004fb4   Section        0  stm32f4xx_hal_uart.o(i.UART_DMAAbortOnError)
    UART_DMAAbortOnError                     0x08004fb5   Thumb Code    14  stm32f4xx_hal_uart.o(i.UART_DMAAbortOnError)
    i.UART_EndRxTransfer                     0x08004fc2   Section        0  stm32f4xx_hal_uart.o(i.UART_EndRxTransfer)
    UART_EndRxTransfer                       0x08004fc3   Thumb Code    78  stm32f4xx_hal_uart.o(i.UART_EndRxTransfer)
    i.UART_Receive_IT                        0x08005010   Section        0  stm32f4xx_hal_uart.o(i.UART_Receive_IT)
    UART_Receive_IT                          0x08005011   Thumb Code   194  stm32f4xx_hal_uart.o(i.UART_Receive_IT)
    i.UART_SetConfig                         0x080050d4   Section        0  stm32f4xx_hal_uart.o(i.UART_SetConfig)
    UART_SetConfig                           0x080050d5   Thumb Code   258  stm32f4xx_hal_uart.o(i.UART_SetConfig)
    i.USART2_IRQHandler                      0x080051e0   Section        0  stm32f4xx_it.o(i.USART2_IRQHandler)
    i.USART2_IRQHandler_User                 0x080051f4   Section        0  usart.o(i.USART2_IRQHandler_User)
    i.UsageFault_Handler                     0x08005290   Section        0  stm32f4xx_it.o(i.UsageFault_Handler)
    i.__0printf                              0x08005294   Section        0  printfa.o(i.__0printf)
    i.__ARM_fpclassifyf                      0x080052b4   Section        0  fpclassifyf.o(i.__ARM_fpclassifyf)
    i.__NVIC_SetPriority                     0x080052da   Section        0  stm32f4xx_hal_cortex.o(i.__NVIC_SetPriority)
    __NVIC_SetPriority                       0x080052db   Thumb Code    32  stm32f4xx_hal_cortex.o(i.__NVIC_SetPriority)
    i.__aeabi_errno_addr                     0x080052fc   Section        0  errno.o(i.__aeabi_errno_addr)
    i.__hardfp_atof                          0x08005308   Section        0  atof.o(i.__hardfp_atof)
    i.__hardfp_cosf                          0x08005340   Section        0  cosf.o(i.__hardfp_cosf)
    i.__hardfp_fmodf                         0x08005490   Section        0  fmodf.o(i.__hardfp_fmodf)
    i.__hardfp_sinf                          0x08005540   Section        0  sinf.o(i.__hardfp_sinf)
    i.__mathlib_flt_infnan                   0x080056d0   Section        0  funder.o(i.__mathlib_flt_infnan)
    i.__mathlib_flt_invalid                  0x080056d8   Section        0  funder.o(i.__mathlib_flt_invalid)
    i.__mathlib_flt_underflow                0x080056e8   Section        0  funder.o(i.__mathlib_flt_underflow)
    i.__mathlib_rredf2                       0x080056f8   Section        0  rredf.o(i.__mathlib_rredf2)
    i.__read_errno                           0x0800584c   Section        0  errno.o(i.__read_errno)
    i.__scatterload_copy                     0x08005858   Section       14  handlers.o(i.__scatterload_copy)
    i.__scatterload_null                     0x08005866   Section        2  handlers.o(i.__scatterload_null)
    i.__scatterload_zeroinit                 0x08005868   Section       14  handlers.o(i.__scatterload_zeroinit)
    i.__set_errno                            0x08005878   Section        0  errno.o(i.__set_errno)
    i._electricalAngle                       0x08005884   Section        0  foc_utils.o(i._electricalAngle)
    i._fp_digits                             0x08005894   Section        0  printfa.o(i._fp_digits)
    _fp_digits                               0x08005895   Thumb Code   366  printfa.o(i._fp_digits)
    i._is_digit                              0x08005a18   Section        0  scanf_fp.o(i._is_digit)
    i._normalizeAngle                        0x08005a28   Section        0  foc_utils.o(i._normalizeAngle)
    i._printf_core                           0x08005a54   Section        0  printfa.o(i._printf_core)
    _printf_core                             0x08005a55   Thumb Code  1704  printfa.o(i._printf_core)
    i._printf_post_padding                   0x08006108   Section        0  printfa.o(i._printf_post_padding)
    _printf_post_padding                     0x08006109   Thumb Code    36  printfa.o(i._printf_post_padding)
    i._printf_pre_padding                    0x0800612c   Section        0  printfa.o(i._printf_pre_padding)
    _printf_pre_padding                      0x0800612d   Thumb Code    46  printfa.o(i._printf_pre_padding)
    i.angleOpenloop                          0x0800615c   Section        0  bldcmotor.o(i.angleOpenloop)
    i.commander_run                          0x08006254   Section        0  main.o(i.commander_run)
    i.delay_ms                               0x08007098   Section        0  delay.o(i.delay_ms)
    i.delay_us                               0x080070b0   Section        0  delay.o(i.delay_us)
    i.electricalAngle                        0x080070c8   Section        0  focmotor.o(i.electricalAngle)
    i.fputc                                  0x0800711c   Section        0  usart.o(i.fputc)
    i.i2c_bus_recover                        0x08007158   Section        0  i2c.o(i.i2c_bus_recover)
    i.i2c_delay                              0x080072d8   Section        0  mpu6050.o(i.i2c_delay)
    i2c_delay                                0x080072d9   Thumb Code    16  mpu6050.o(i.i2c_delay)
    i.i2c_mt6701_1_get_angle                 0x080072e8   Section        0  i2c.o(i.i2c_mt6701_1_get_angle)
    i.i2c_mt6701_2_get_angle                 0x08007378   Section        0  i2c.o(i.i2c_mt6701_2_get_angle)
    i.i2c_mt6701_3_get_angle                 0x080073fc   Section        0  i2c.o(i.i2c_mt6701_3_get_angle)
    i.i2c_read_byte                          0x08007480   Section        0  mpu6050.o(i.i2c_read_byte)
    i2c_read_byte                            0x08007481   Thumb Code   118  mpu6050.o(i.i2c_read_byte)
    i.i2c_start                              0x080074fc   Section        0  mpu6050.o(i.i2c_start)
    i2c_start                                0x080074fd   Thumb Code    42  mpu6050.o(i.i2c_start)
    i.i2c_stop                               0x0800752c   Section        0  mpu6050.o(i.i2c_stop)
    i2c_stop                                 0x0800752d   Thumb Code    30  mpu6050.o(i.i2c_stop)
    i.i2c_write_byte                         0x08007550   Section        0  mpu6050.o(i.i2c_write_byte)
    i2c_write_byte                           0x08007551   Thumb Code   110  mpu6050.o(i.i2c_write_byte)
    i.loopFOC                                0x080075c4   Section        0  bldcmotor.o(i.loopFOC)
    i.main                                   0x080075e8   Section        0  main.o(i.main)
    i.micros                                 0x08007db4   Section        0  timer.o(i.micros)
    i.move                                   0x08007dc0   Section        0  bldcmotor.o(i.move)
    i.mpu_read_regs                          0x08007edc   Section        0  mpu6050.o(i.mpu_read_regs)
    mpu_read_regs                            0x08007edd   Thumb Code    90  mpu6050.o(i.mpu_read_regs)
    i.mpu_write_reg                          0x08007f36   Section        0  mpu6050.o(i.mpu_write_reg)
    mpu_write_reg                            0x08007f37   Thumb Code    50  mpu6050.o(i.mpu_write_reg)
    i.setPhaseVoltage                        0x08007f68   Section        0  bldcmotor.o(i.setPhaseVoltage)
    i.set_motor_enable                       0x08008168   Section        0  main.o(i.set_motor_enable)
    i.shaftAngle                             0x0800822c   Section        0  focmotor.o(i.shaftAngle)
    i.systick_CountMode                      0x0800824c   Section        0  delay.o(i.systick_CountMode)
    i.updateSensor                           0x08008250   Section        0  focmotor.o(i.updateSensor)
    i.velocityOpenloop                       0x08008420   Section        0  bldcmotor.o(i.velocityOpenloop)
    .constdata                               0x080084d0   Section       16  system_stm32f4xx.o(.constdata)
    .constdata                               0x080084e0   Section        8  system_stm32f4xx.o(.constdata)
    .constdata                               0x080084e8   Section       32  rredf.o(.constdata)
    twooverpi                                0x080084e8   Data          32  rredf.o(.constdata)
    .constdata                               0x08008508   Section      129  ctype_o.o(.constdata)
    .constdata                               0x0800858c   Section        4  ctype_o.o(.constdata)
    table                                    0x0800858c   Data           4  ctype_o.o(.constdata)
    .conststring                             0x08008590   Section     3233  main.o(.conststring)
    .conststring                             0x08009234   Section       68  bldcmotor.o(.conststring)
    .data                                    0x20000000   Section       38  main.o(.data)
    .data                                    0x20000028   Section        8  i2c.o(.data)
    .data                                    0x20000030   Section        6  usart.o(.data)
    uart_tx_head                             0x20000032   Data           2  usart.o(.data)
    uart_tx_tail                             0x20000034   Data           2  usart.o(.data)
    .data                                    0x20000038   Section        4  stm32f4xx_it.o(.data)
    .data                                    0x2000003c   Section       12  stm32f4xx_hal.o(.data)
    .data                                    0x20000048   Section        4  system_stm32f4xx.o(.data)
    .data                                    0x2000004c   Section        1  focmotor.o(.data)
    .data                                    0x20000050   Section       16  focmotor.o(.data)
    .data                                    0x20000060   Section        3  focmotor.o(.data)
    .data                                    0x20000064   Section       20  bldcmotor.o(.data)
    .data                                    0x20000078   Section        4  stdout.o(.data)
    .data                                    0x2000007c   Section        4  errno.o(.data)
    _errno                                   0x2000007c   Data           4  errno.o(.data)
    .bss                                     0x20000080   Section       36  main.o(.bss)
    .bss                                     0x200000a4   Section      252  i2c.o(.bss)
    .bss                                     0x200001a0   Section      216  tim.o(.bss)
    .bss                                     0x20000278   Section     1352  usart.o(.bss)
    uart_tx_buf                              0x20000378   Data        1024  usart.o(.bss)
    .bss                                     0x200007c0   Section      228  focmotor.o(.bss)
    angle_prev_ts                            0x200007f0   Data          12  focmotor.o(.bss)
    angle_vel_prev                           0x200007fc   Data          12  focmotor.o(.bss)
    vel_prev_ts                              0x20000808   Data          12  focmotor.o(.bss)
    .bss                                     0x200008a4   Section       12  focmotor.o(.bss)
    .bss                                     0x200008b0   Section       12  focmotor.o(.bss)
    .bss                                     0x200008bc   Section       12  focmotor.o(.bss)
    .bss                                     0x200008c8   Section       24  focmotor.o(.bss)
    .bss                                     0x200008e0   Section       24  bldcmotor.o(.bss)
    STACK                                    0x200008f8   Section     1024  startup_stm32f407xx.o(STACK)

    Global Symbols

    Symbol Name                              Value     Ov Type        Size  Object(Section)

    BuildAttributes$$THM_ISAv4$E$P$D$K$B$S$7EM$VFPi3$EXTD16$VFPS$VFMA$PE$A:L22UL41UL21$X:L11$S22US41US21$IEEE1$IW$USESV6$~STKCKD$USESV7$~SHL$OTIME$ROPI$IEEEX$EBA8$MICROLIB$REQ8$PRES8$EABIv2 0x00000000   Number         0  anon$$obj.o ABSOLUTE
    __ARM_use_no_argv                        0x00000000   Number         0  main.o ABSOLUTE
    _printf_a                                0x00000000   Number         0  stubs.o ABSOLUTE
    _printf_c                                0x00000000   Number         0  stubs.o ABSOLUTE
    _printf_charcount                        0x00000000   Number         0  stubs.o ABSOLUTE
    _printf_d                                0x00000000   Number         0  stubs.o ABSOLUTE
    _printf_e                                0x00000000   Number         0  stubs.o ABSOLUTE
    _printf_f                                0x00000000   Number         0  stubs.o ABSOLUTE
    _printf_flags                            0x00000000   Number         0  stubs.o ABSOLUTE
    _printf_fp_dec                           0x00000000   Number         0  stubs.o ABSOLUTE
    _printf_fp_hex                           0x00000000   Number         0  stubs.o ABSOLUTE
    _printf_g                                0x00000000   Number         0  stubs.o ABSOLUTE
    _printf_i                                0x00000000   Number         0  stubs.o ABSOLUTE
    _printf_int_dec                          0x00000000   Number         0  stubs.o ABSOLUTE
    _printf_l                                0x00000000   Number         0  stubs.o ABSOLUTE
    _printf_lc                               0x00000000   Number         0  stubs.o ABSOLUTE
    _printf_ll                               0x00000000   Number         0  stubs.o ABSOLUTE
    _printf_lld                              0x00000000   Number         0  stubs.o ABSOLUTE
    _printf_lli                              0x00000000   Number         0  stubs.o ABSOLUTE
    _printf_llo                              0x00000000   Number         0  stubs.o ABSOLUTE
    _printf_llu                              0x00000000   Number         0  stubs.o ABSOLUTE
    _printf_llx                              0x00000000   Number         0  stubs.o ABSOLUTE
    _printf_longlong_dec                     0x00000000   Number         0  stubs.o ABSOLUTE
    _printf_longlong_hex                     0x00000000   Number         0  stubs.o ABSOLUTE
    _printf_longlong_oct                     0x00000000   Number         0  stubs.o ABSOLUTE
    _printf_ls                               0x00000000   Number         0  stubs.o ABSOLUTE
    _printf_mbtowc                           0x00000000   Number         0  stubs.o ABSOLUTE
    _printf_n                                0x00000000   Number         0  stubs.o ABSOLUTE
    _printf_o                                0x00000000   Number         0  stubs.o ABSOLUTE
    _printf_p                                0x00000000   Number         0  stubs.o ABSOLUTE
    _printf_percent                          0x00000000   Number         0  stubs.o ABSOLUTE
    _printf_pre_padding                      0x00000000   Number         0  stubs.o ABSOLUTE
    _printf_return_value                     0x00000000   Number         0  stubs.o ABSOLUTE
    _printf_s                                0x00000000   Number         0  stubs.o ABSOLUTE
    _printf_sizespec                         0x00000000   Number         0  stubs.o ABSOLUTE
    _printf_str                              0x00000000   Number         0  stubs.o ABSOLUTE
    _printf_truncate_signed                  0x00000000   Number         0  stubs.o ABSOLUTE
    _printf_truncate_unsigned                0x00000000   Number         0  stubs.o ABSOLUTE
    _printf_u                                0x00000000   Number         0  stubs.o ABSOLUTE
    _printf_wc                               0x00000000   Number         0  stubs.o ABSOLUTE
    _printf_wctomb                           0x00000000   Number         0  stubs.o ABSOLUTE
    _printf_widthprec                        0x00000000   Number         0  stubs.o ABSOLUTE
    _printf_x                                0x00000000   Number         0  stubs.o ABSOLUTE
    __arm_fini_                               - Undefined Weak Reference
    __cpp_initialize__aeabi_                  - Undefined Weak Reference
    __cxa_finalize                            - Undefined Weak Reference
    __decompress                              - Undefined Weak Reference
    _clock_init                               - Undefined Weak Reference
    _microlib_exit                            - Undefined Weak Reference
    _scanf_longlong                           - Undefined Weak Reference
    _scanf_string                             - Undefined Weak Reference
    __Vectors_Size                           0x00000188   Number         0  startup_stm32f407xx.o ABSOLUTE
    __Vectors                                0x08000000   Data           4  startup_stm32f407xx.o(RESET)
    __Vectors_End                            0x08000188   Data           0  startup_stm32f407xx.o(RESET)
    __main                                   0x08000189   Thumb Code     0  entry.o(.ARM.Collect$$$$00000000)
    _main_stk                                0x08000189   Thumb Code     0  entry2.o(.ARM.Collect$$$$00000001)
    _main_scatterload                        0x0800018d   Thumb Code     0  entry5.o(.ARM.Collect$$$$00000004)
    __main_after_scatterload                 0x08000191   Thumb Code     0  entry5.o(.ARM.Collect$$$$00000004)
    _main_clock                              0x08000191   Thumb Code     0  entry7b.o(.ARM.Collect$$$$00000008)
    _main_cpp_init                           0x08000191   Thumb Code     0  entry8b.o(.ARM.Collect$$$$0000000A)
    _main_init                               0x08000191   Thumb Code     0  entry9a.o(.ARM.Collect$$$$0000000B)
    __rt_lib_shutdown_fini                   0x08000199   Thumb Code     0  entry12b.o(.ARM.Collect$$$$0000000E)
    __rt_final_cpp                           0x0800019d   Thumb Code     0  entry10a.o(.ARM.Collect$$$$0000000F)
    __rt_final_exit                          0x0800019d   Thumb Code     0  entry11a.o(.ARM.Collect$$$$00000011)
    Reset_Handler                            0x080001a1   Thumb Code     8  startup_stm32f407xx.o(.text)
    ADC_IRQHandler                           0x080001bb   Thumb Code     0  startup_stm32f407xx.o(.text)
    CAN1_RX0_IRQHandler                      0x080001bb   Thumb Code     0  startup_stm32f407xx.o(.text)
    CAN1_RX1_IRQHandler                      0x080001bb   Thumb Code     0  startup_stm32f407xx.o(.text)
    CAN1_SCE_IRQHandler                      0x080001bb   Thumb Code     0  startup_stm32f407xx.o(.text)
    CAN1_TX_IRQHandler                       0x080001bb   Thumb Code     0  startup_stm32f407xx.o(.text)
    CAN2_RX0_IRQHandler                      0x080001bb   Thumb Code     0  startup_stm32f407xx.o(.text)
    CAN2_RX1_IRQHandler                      0x080001bb   Thumb Code     0  startup_stm32f407xx.o(.text)
    CAN2_SCE_IRQHandler                      0x080001bb   Thumb Code     0  startup_stm32f407xx.o(.text)
    CAN2_TX_IRQHandler                       0x080001bb   Thumb Code     0  startup_stm32f407xx.o(.text)
    DCMI_IRQHandler                          0x080001bb   Thumb Code     0  startup_stm32f407xx.o(.text)
    DMA1_Stream0_IRQHandler                  0x080001bb   Thumb Code     0  startup_stm32f407xx.o(.text)
    DMA1_Stream1_IRQHandler                  0x080001bb   Thumb Code     0  startup_stm32f407xx.o(.text)
    DMA1_Stream2_IRQHandler                  0x080001bb   Thumb Code     0  startup_stm32f407xx.o(.text)
    DMA1_Stream3_IRQHandler                  0x080001bb   Thumb Code     0  startup_stm32f407xx.o(.text)
    DMA1_Stream4_IRQHandler                  0x080001bb   Thumb Code     0  startup_stm32f407xx.o(.text)
    DMA1_Stream5_IRQHandler                  0x080001bb   Thumb Code     0  startup_stm32f407xx.o(.text)
    DMA1_Stream6_IRQHandler                  0x080001bb   Thumb Code     0  startup_stm32f407xx.o(.text)
    DMA1_Stream7_IRQHandler                  0x080001bb   Thumb Code     0  startup_stm32f407xx.o(.text)
    DMA2_Stream0_IRQHandler                  0x080001bb   Thumb Code     0  startup_stm32f407xx.o(.text)
    DMA2_Stream1_IRQHandler                  0x080001bb   Thumb Code     0  startup_stm32f407xx.o(.text)
    DMA2_Stream2_IRQHandler                  0x080001bb   Thumb Code     0  startup_stm32f407xx.o(.text)
    DMA2_Stream3_IRQHandler                  0x080001bb   Thumb Code     0  startup_stm32f407xx.o(.text)
    DMA2_Stream4_IRQHandler                  0x080001bb   Thumb Code     0  startup_stm32f407xx.o(.text)
    DMA2_Stream5_IRQHandler                  0x080001bb   Thumb Code     0  startup_stm32f407xx.o(.text)
    DMA2_Stream6_IRQHandler                  0x080001bb   Thumb Code     0  startup_stm32f407xx.o(.text)
    DMA2_Stream7_IRQHandler                  0x080001bb   Thumb Code     0  startup_stm32f407xx.o(.text)
    ETH_IRQHandler                           0x080001bb   Thumb Code     0  startup_stm32f407xx.o(.text)
    ETH_WKUP_IRQHandler                      0x080001bb   Thumb Code     0  startup_stm32f407xx.o(.text)
    EXTI0_IRQHandler                         0x080001bb   Thumb Code     0  startup_stm32f407xx.o(.text)
    EXTI15_10_IRQHandler                     0x080001bb   Thumb Code     0  startup_stm32f407xx.o(.text)
    EXTI1_IRQHandler                         0x080001bb   Thumb Code     0  startup_stm32f407xx.o(.text)
    EXTI2_IRQHandler                         0x080001bb   Thumb Code     0  startup_stm32f407xx.o(.text)
    EXTI3_IRQHandler                         0x080001bb   Thumb Code     0  startup_stm32f407xx.o(.text)
    EXTI4_IRQHandler                         0x080001bb   Thumb Code     0  startup_stm32f407xx.o(.text)
    EXTI9_5_IRQHandler                       0x080001bb   Thumb Code     0  startup_stm32f407xx.o(.text)
    FLASH_IRQHandler                         0x080001bb   Thumb Code     0  startup_stm32f407xx.o(.text)
    FMC_IRQHandler                           0x080001bb   Thumb Code     0  startup_stm32f407xx.o(.text)
    FPU_IRQHandler                           0x080001bb   Thumb Code     0  startup_stm32f407xx.o(.text)
    HASH_RNG_IRQHandler                      0x080001bb   Thumb Code     0  startup_stm32f407xx.o(.text)
    I2C1_ER_IRQHandler                       0x080001bb   Thumb Code     0  startup_stm32f407xx.o(.text)
    I2C1_EV_IRQHandler                       0x080001bb   Thumb Code     0  startup_stm32f407xx.o(.text)
    I2C2_ER_IRQHandler                       0x080001bb   Thumb Code     0  startup_stm32f407xx.o(.text)
    I2C2_EV_IRQHandler                       0x080001bb   Thumb Code     0  startup_stm32f407xx.o(.text)
    I2C3_ER_IRQHandler                       0x080001bb   Thumb Code     0  startup_stm32f407xx.o(.text)
    I2C3_EV_IRQHandler                       0x080001bb   Thumb Code     0  startup_stm32f407xx.o(.text)
    OTG_FS_IRQHandler                        0x080001bb   Thumb Code     0  startup_stm32f407xx.o(.text)
    OTG_FS_WKUP_IRQHandler                   0x080001bb   Thumb Code     0  startup_stm32f407xx.o(.text)
    OTG_HS_EP1_IN_IRQHandler                 0x080001bb   Thumb Code     0  startup_stm32f407xx.o(.text)
    OTG_HS_EP1_OUT_IRQHandler                0x080001bb   Thumb Code     0  startup_stm32f407xx.o(.text)
    OTG_HS_IRQHandler                        0x080001bb   Thumb Code     0  startup_stm32f407xx.o(.text)
    OTG_HS_WKUP_IRQHandler                   0x080001bb   Thumb Code     0  startup_stm32f407xx.o(.text)
    PVD_IRQHandler                           0x080001bb   Thumb Code     0  startup_stm32f407xx.o(.text)
    RCC_IRQHandler                           0x080001bb   Thumb Code     0  startup_stm32f407xx.o(.text)
    RTC_Alarm_IRQHandler                     0x080001bb   Thumb Code     0  startup_stm32f407xx.o(.text)
    RTC_WKUP_IRQHandler                      0x080001bb   Thumb Code     0  startup_stm32f407xx.o(.text)
    SDIO_IRQHandler                          0x080001bb   Thumb Code     0  startup_stm32f407xx.o(.text)
    SPI1_IRQHandler                          0x080001bb   Thumb Code     0  startup_stm32f407xx.o(.text)
    SPI2_IRQHandler                          0x080001bb   Thumb Code     0  startup_stm32f407xx.o(.text)
    SPI3_IRQHandler                          0x080001bb   Thumb Code     0  startup_stm32f407xx.o(.text)
    TAMP_STAMP_IRQHandler                    0x080001bb   Thumb Code     0  startup_stm32f407xx.o(.text)
    TIM1_BRK_TIM9_IRQHandler                 0x080001bb   Thumb Code     0  startup_stm32f407xx.o(.text)
    TIM1_CC_IRQHandler                       0x080001bb   Thumb Code     0  startup_stm32f407xx.o(.text)
    TIM1_TRG_COM_TIM11_IRQHandler            0x080001bb   Thumb Code     0  startup_stm32f407xx.o(.text)
    TIM1_UP_TIM10_IRQHandler                 0x080001bb   Thumb Code     0  startup_stm32f407xx.o(.text)
    TIM2_IRQHandler                          0x080001bb   Thumb Code     0  startup_stm32f407xx.o(.text)
    TIM3_IRQHandler                          0x080001bb   Thumb Code     0  startup_stm32f407xx.o(.text)
    TIM4_IRQHandler                          0x080001bb   Thumb Code     0  startup_stm32f407xx.o(.text)
    TIM5_IRQHandler                          0x080001bb   Thumb Code     0  startup_stm32f407xx.o(.text)
    TIM7_IRQHandler                          0x080001bb   Thumb Code     0  startup_stm32f407xx.o(.text)
    TIM8_BRK_TIM12_IRQHandler                0x080001bb   Thumb Code     0  startup_stm32f407xx.o(.text)
    TIM8_CC_IRQHandler                       0x080001bb   Thumb Code     0  startup_stm32f407xx.o(.text)
    TIM8_TRG_COM_TIM14_IRQHandler            0x080001bb   Thumb Code     0  startup_stm32f407xx.o(.text)
    TIM8_UP_TIM13_IRQHandler                 0x080001bb   Thumb Code     0  startup_stm32f407xx.o(.text)
    UART4_IRQHandler                         0x080001bb   Thumb Code     0  startup_stm32f407xx.o(.text)
    UART5_IRQHandler                         0x080001bb   Thumb Code     0  startup_stm32f407xx.o(.text)
    USART1_IRQHandler                        0x080001bb   Thumb Code     0  startup_stm32f407xx.o(.text)
    USART3_IRQHandler                        0x080001bb   Thumb Code     0  startup_stm32f407xx.o(.text)
    USART6_IRQHandler                        0x080001bb   Thumb Code     0  startup_stm32f407xx.o(.text)
    WWDG_IRQHandler                          0x080001bb   Thumb Code     0  startup_stm32f407xx.o(.text)
    __aeabi_uldivmod                         0x080001c5   Thumb Code    98  uldiv.o(.text)
    __aeabi_memset                           0x08000227   Thumb Code    14  memseta.o(.text)
    __aeabi_memset4                          0x08000227   Thumb Code     0  memseta.o(.text)
    __aeabi_memset8                          0x08000227   Thumb Code     0  memseta.o(.text)
    __aeabi_memclr                           0x08000235   Thumb Code     4  memseta.o(.text)
    __aeabi_memclr4                          0x08000235   Thumb Code     0  memseta.o(.text)
    __aeabi_memclr8                          0x08000235   Thumb Code     0  memseta.o(.text)
    _memset$wrapper                          0x08000239   Thumb Code    18  memseta.o(.text)
    strncmp                                  0x0800024b   Thumb Code    30  strncmp.o(.text)
    __0sscanf                                0x08000269   Thumb Code    48  __0sscanf.o(.text)
    _scanf_int                               0x080002a1   Thumb Code   332  _scanf_int.o(.text)
    _scanf_real                              0x08000515   Thumb Code     0  scanf_fp.o(.text)
    _scanf_really_real                       0x08000515   Thumb Code   556  scanf_fp.o(.text)
    atoi                                     0x0800074d   Thumb Code    26  atoi.o(.text)
    __aeabi_f2d                              0x08000767   Thumb Code    38  f2d.o(.text)
    __aeabi_d2f                              0x0800078d   Thumb Code    56  d2f.o(.text)
    __aeabi_uidiv                            0x080007c5   Thumb Code     0  uidiv.o(.text)
    __aeabi_uidivmod                         0x080007c5   Thumb Code    44  uidiv.o(.text)
    __aeabi_llsl                             0x080007f1   Thumb Code    30  llshl.o(.text)
    _ll_shift_l                              0x080007f1   Thumb Code     0  llshl.o(.text)
    __aeabi_llsr                             0x0800080f   Thumb Code    32  llushr.o(.text)
    _ll_ushift_r                             0x0800080f   Thumb Code     0  llushr.o(.text)
    _chval                                   0x0800082f   Thumb Code    28  _chval.o(.text)
    __vfscanf_char                           0x08000859   Thumb Code    20  scanf_char.o(.text)
    _sgetc                                   0x08000875   Thumb Code    30  _sgetc.o(.text)
    _sbackspace                              0x08000893   Thumb Code    34  _sgetc.o(.text)
    __strtod_int                             0x080008eb   Thumb Code    90  strtod.o(.text)
    strtol                                   0x08000951   Thumb Code   112  strtol.o(.text)
    __I$use$fp                               0x080009c1   Thumb Code     0  iusefp.o(.text)
    _float_round                             0x080009c1   Thumb Code    18  fepilogue.o(.text)
    _float_epilogue                          0x080009d3   Thumb Code    92  fepilogue.o(.text)
    _frem                                    0x08000a2f   Thumb Code    82  frem.o(.text)
    __aeabi_dadd                             0x08000a81   Thumb Code   322  dadd.o(.text)
    __aeabi_dsub                             0x08000bc3   Thumb Code     6  dadd.o(.text)
    __aeabi_drsub                            0x08000bc9   Thumb Code     6  dadd.o(.text)
    __aeabi_dmul                             0x08000bcf   Thumb Code   228  dmul.o(.text)
    __aeabi_ddiv                             0x08000cb3   Thumb Code   222  ddiv.o(.text)
    __aeabi_ul2d                             0x08000d91   Thumb Code    24  dfltul.o(.text)
    __aeabi_d2ulz                            0x08000da9   Thumb Code    48  dfixul.o(.text)
    __aeabi_cdrcmple                         0x08000dd9   Thumb Code    48  cdrcmple.o(.text)
    __scatterload                            0x08000e09   Thumb Code    28  init.o(.text)
    __scatterload_rt2                        0x08000e09   Thumb Code     0  init.o(.text)
    __aeabi_lasr                             0x08000e2d   Thumb Code    36  llsshr.o(.text)
    _ll_sshift_r                             0x08000e2d   Thumb Code     0  llsshr.o(.text)
    __rt_ctype_table                         0x08000e51   Thumb Code     4  ctype_o.o(.text)
    isspace                                  0x08000e59   Thumb Code    18  isspace_o.o(.text)
    __vfscanf                                0x08000e6d   Thumb Code   810  _scanf.o(.text)
    _strtoul                                 0x0800119d   Thumb Code   158  _strtoul.o(.text)
    _double_round                            0x0800123b   Thumb Code    30  depilogue.o(.text)
    _double_epilogue                         0x08001259   Thumb Code   156  depilogue.o(.text)
    BusFault_Handler                         0x080012f5   Thumb Code     2  stm32f4xx_it.o(i.BusFault_Handler)
    DebugMon_Handler                         0x080012f7   Thumb Code     2  stm32f4xx_it.o(i.DebugMon_Handler)
    Error_Handler                            0x080012f9   Thumb Code     4  main.o(i.Error_Handler)
    HAL_DMA_Abort                            0x080012fd   Thumb Code   146  stm32f4xx_hal_dma.o(i.HAL_DMA_Abort)
    HAL_DMA_Abort_IT                         0x0800138f   Thumb Code    36  stm32f4xx_hal_dma.o(i.HAL_DMA_Abort_IT)
    HAL_GPIO_Init                            0x080013b5   Thumb Code   450  stm32f4xx_hal_gpio.o(i.HAL_GPIO_Init)
    HAL_GPIO_ReadPin                         0x080015a5   Thumb Code    10  stm32f4xx_hal_gpio.o(i.HAL_GPIO_ReadPin)
    HAL_GPIO_TogglePin                       0x080015af   Thumb Code    16  stm32f4xx_hal_gpio.o(i.HAL_GPIO_TogglePin)
    HAL_GPIO_WritePin                        0x080015bf   Thumb Code    10  stm32f4xx_hal_gpio.o(i.HAL_GPIO_WritePin)
    HAL_GetTick                              0x080015c9   Thumb Code     6  stm32f4xx_hal.o(i.HAL_GetTick)
    HAL_I2C_Init                             0x080015d5   Thumb Code   376  stm32f4xx_hal_i2c.o(i.HAL_I2C_Init)
    HAL_I2C_IsDeviceReady                    0x0800175d   Thumb Code   354  stm32f4xx_hal_i2c.o(i.HAL_I2C_IsDeviceReady)
    HAL_I2C_Mem_Read                         0x080018c9   Thumb Code   502  stm32f4xx_hal_i2c.o(i.HAL_I2C_Mem_Read)
    HAL_I2C_MspInit                          0x08001acd   Thumb Code   248  i2c.o(i.HAL_I2C_MspInit)
    HAL_IncTick                              0x08001be5   Thumb Code    12  stm32f4xx_hal.o(i.HAL_IncTick)
    HAL_Init                                 0x08001bf5   Thumb Code    48  stm32f4xx_hal.o(i.HAL_Init)
    HAL_InitTick                             0x08001c29   Thumb Code    54  stm32f4xx_hal.o(i.HAL_InitTick)
    HAL_MspInit                              0x08001c69   Thumb Code    42  stm32f4xx_hal_msp.o(i.HAL_MspInit)
    HAL_NVIC_EnableIRQ                       0x08001c99   Thumb Code    26  stm32f4xx_hal_cortex.o(i.HAL_NVIC_EnableIRQ)
    HAL_NVIC_SetPriority                     0x08001cb5   Thumb Code    60  stm32f4xx_hal_cortex.o(i.HAL_NVIC_SetPriority)
    HAL_NVIC_SetPriorityGrouping             0x08001cf5   Thumb Code    26  stm32f4xx_hal_cortex.o(i.HAL_NVIC_SetPriorityGrouping)
    HAL_RCC_ClockConfig                      0x08001d19   Thumb Code   288  stm32f4xx_hal_rcc.o(i.HAL_RCC_ClockConfig)
    HAL_RCC_GetHCLKFreq                      0x08001e4d   Thumb Code     6  stm32f4xx_hal_rcc.o(i.HAL_RCC_GetHCLKFreq)
    HAL_RCC_GetPCLK1Freq                     0x08001e59   Thumb Code    20  stm32f4xx_hal_rcc.o(i.HAL_RCC_GetPCLK1Freq)
    HAL_RCC_GetPCLK2Freq                     0x08001e79   Thumb Code    20  stm32f4xx_hal_rcc.o(i.HAL_RCC_GetPCLK2Freq)
    HAL_RCC_GetSysClockFreq                  0x08001e99   Thumb Code    88  stm32f4xx_hal_rcc.o(i.HAL_RCC_GetSysClockFreq)
    HAL_RCC_OscConfig                        0x08001efd   Thumb Code   856  stm32f4xx_hal_rcc.o(i.HAL_RCC_OscConfig)
    HAL_SYSTICK_Config                       0x08002269   Thumb Code    40  stm32f4xx_hal_cortex.o(i.HAL_SYSTICK_Config)
    HAL_TIMEx_ConfigBreakDeadTime            0x08002291   Thumb Code    84  stm32f4xx_hal_tim_ex.o(i.HAL_TIMEx_ConfigBreakDeadTime)
    HAL_TIMEx_MasterConfigSynchronization    0x080022e5   Thumb Code   116  stm32f4xx_hal_tim_ex.o(i.HAL_TIMEx_MasterConfigSynchronization)
    HAL_TIM_MspPostInit                      0x08002375   Thumb Code   186  tim.o(i.HAL_TIM_MspPostInit)
    HAL_TIM_PWM_ConfigChannel                0x08002451   Thumb Code   204  stm32f4xx_hal_tim.o(i.HAL_TIM_PWM_ConfigChannel)
    HAL_TIM_PWM_Init                         0x0800251d   Thumb Code    90  stm32f4xx_hal_tim.o(i.HAL_TIM_PWM_Init)
    HAL_TIM_PWM_MspInit                      0x08002579   Thumb Code    78  tim.o(i.HAL_TIM_PWM_MspInit)
    HAL_TIM_PWM_Start                        0x080025d9   Thumb Code   172  stm32f4xx_hal_tim.o(i.HAL_TIM_PWM_Start)
    HAL_UARTEx_RxEventCallback               0x080026a1   Thumb Code     2  stm32f4xx_hal_uart.o(i.HAL_UARTEx_RxEventCallback)
    HAL_UART_ErrorCallback                   0x080026a3   Thumb Code     2  stm32f4xx_hal_uart.o(i.HAL_UART_ErrorCallback)
    HAL_UART_IRQHandler                      0x080026a5   Thumb Code   636  stm32f4xx_hal_uart.o(i.HAL_UART_IRQHandler)
    HAL_UART_Init                            0x08002925   Thumb Code   100  stm32f4xx_hal_uart.o(i.HAL_UART_Init)
    HAL_UART_MspInit                         0x08002989   Thumb Code   108  usart.o(i.HAL_UART_MspInit)
    HAL_UART_RxCpltCallback                  0x08002a01   Thumb Code     2  stm32f4xx_hal_uart.o(i.HAL_UART_RxCpltCallback)
    HAL_UART_TxCpltCallback                  0x08002a03   Thumb Code     2  stm32f4xx_hal_uart.o(i.HAL_UART_TxCpltCallback)
    HardFault_Handler                        0x08002a05   Thumb Code     2  stm32f4xx_it.o(i.HardFault_Handler)
    LPF_operator                             0x08002d45   Thumb Code   134  foc_utils.o(i.LPF_operator)
    LSM6DSR_Get_Data                         0x08002dd5   Thumb Code   154  lsm6dsr.o(i.LSM6DSR_Get_Data)
    LSM6DSR_Init                             0x08002e79   Thumb Code    72  lsm6dsr.o(i.LSM6DSR_Init)
    LSM6DSR_Read_ID                          0x08002ec1   Thumb Code    24  lsm6dsr.o(i.LSM6DSR_Read_ID)
    LSM6DSR_Read_Raw                         0x08002ed9   Thumb Code    56  lsm6dsr.o(i.LSM6DSR_Read_Raw)
    MPU6050_Get_Data                         0x08002f11   Thumb Code   154  mpu6050.o(i.MPU6050_Get_Data)
    MPU6050_Init                             0x08002fb5   Thumb Code   170  mpu6050.o(i.MPU6050_Init)
    MPU6050_Read_ID                          0x08003069   Thumb Code    24  mpu6050.o(i.MPU6050_Read_ID)
    MPU6050_Read_Raw                         0x08003081   Thumb Code    76  mpu6050.o(i.MPU6050_Read_Raw)
    MX_GPIO_Init                             0x080030cd   Thumb Code   228  gpio.o(i.MX_GPIO_Init)
    MX_I2C1_Init                             0x080031bd   Thumb Code    50  i2c.o(i.MX_I2C1_Init)
    MX_I2C2_Init                             0x080031fd   Thumb Code    50  i2c.o(i.MX_I2C2_Init)
    MX_I2C3_Init                             0x0800323d   Thumb Code    50  i2c.o(i.MX_I2C3_Init)
    MX_TIM1_Init                             0x0800327d   Thumb Code   224  tim.o(i.MX_TIM1_Init)
    MX_TIM3_Init                             0x08003365   Thumb Code   138  tim.o(i.MX_TIM3_Init)
    MX_TIM4_Init                             0x080033f9   Thumb Code   138  tim.o(i.MX_TIM4_Init)
    MX_USART2_UART_Init                      0x0800348d   Thumb Code    54  usart.o(i.MX_USART2_UART_Init)
    MemManage_Handler                        0x080034cd   Thumb Code     2  stm32f4xx_it.o(i.MemManage_Handler)
    Motor_Encoder_OpenLoop_SelfTest          0x080034d1   Thumb Code  2480  main.o(i.Motor_Encoder_OpenLoop_SelfTest)
    Motor_GPIO_Safety_Check                  0x08003f2d   Thumb Code    68  gpio.o(i.Motor_GPIO_Safety_Check)
    Motor_Measure_PolePairs                  0x08003f79   Thumb Code   714  main.o(i.Motor_Measure_PolePairs)
    Motor_alignAll                           0x0800450d   Thumb Code   100  bldcmotor.o(i.Motor_alignAll)
    Motor_alignSensor                        0x080045dd   Thumb Code   550  bldcmotor.o(i.Motor_alignSensor)
    NMI_Handler                              0x08004885   Thumb Code     2  stm32f4xx_it.o(i.NMI_Handler)
    PID_operator                             0x08004889   Thumb Code   350  foc_utils.o(i.PID_operator)
    PendSV_Handler                           0x080049fd   Thumb Code     2  stm32f4xx_it.o(i.PendSV_Handler)
    SPI2_Init                                0x08004a01   Thumb Code   182  spi.o(i.SPI2_Init)
    SPI2_ReadBytes                           0x08004ac5   Thumb Code    50  spi.o(i.SPI2_ReadBytes)
    SPI2_ReadWriteByte                       0x08004afd   Thumb Code    50  spi.o(i.SPI2_ReadWriteByte)
    SPI2_WriteByte                           0x08004b35   Thumb Code    32  spi.o(i.SPI2_WriteByte)
    SVC_Handler                              0x08004b59   Thumb Code     2  stm32f4xx_it.o(i.SVC_Handler)
    SimpleFOC_PID_Init                       0x08004b5d   Thumb Code   100  focmotor.o(i.SimpleFOC_PID_Init)
    SysTick_Handler                          0x08004bd5   Thumb Code     4  stm32f4xx_it.o(i.SysTick_Handler)
    SystemClock_Config                       0x08004bd9   Thumb Code   142  main.o(i.SystemClock_Config)
    SystemInit                               0x08004c71   Thumb Code    12  system_stm32f4xx.o(i.SystemInit)
    TIM5_Micros_Init                         0x08004c81   Thumb Code    68  timer.o(i.TIM5_Micros_Init)
    TIM6_1ms_Init                            0x08004ccd   Thumb Code    74  timer.o(i.TIM6_1ms_Init)
    TIM6_DAC_IRQHandler                      0x08004d21   Thumb Code    28  stm32f4xx_it.o(i.TIM6_DAC_IRQHandler)
    TIM_Base_SetConfig                       0x08004d45   Thumb Code   164  stm32f4xx_hal_tim.o(i.TIM_Base_SetConfig)
    TIM_CCxChannelCmd                        0x08004e15   Thumb Code    26  stm32f4xx_hal_tim.o(i.TIM_CCxChannelCmd)
    TIM_OC2_SetConfig                        0x08004e91   Thumb Code    98  stm32f4xx_hal_tim.o(i.TIM_OC2_SetConfig)
    USART2_IRQHandler                        0x080051e1   Thumb Code    16  stm32f4xx_it.o(i.USART2_IRQHandler)
    USART2_IRQHandler_User                   0x080051f5   Thumb Code   134  usart.o(i.USART2_IRQHandler_User)
    UsageFault_Handler                       0x08005291   Thumb Code     2  stm32f4xx_it.o(i.UsageFault_Handler)
    __0printf                                0x08005295   Thumb Code    22  printfa.o(i.__0printf)
    __1printf                                0x08005295   Thumb Code     0  printfa.o(i.__0printf)
    __2printf                                0x08005295   Thumb Code     0  printfa.o(i.__0printf)
    __c89printf                              0x08005295   Thumb Code     0  printfa.o(i.__0printf)
    printf                                   0x08005295   Thumb Code     0  printfa.o(i.__0printf)
    __ARM_fpclassifyf                        0x080052b5   Thumb Code    38  fpclassifyf.o(i.__ARM_fpclassifyf)
    __aeabi_errno_addr                       0x080052fd   Thumb Code     4  errno.o(i.__aeabi_errno_addr)
    __rt_errno_addr                          0x080052fd   Thumb Code     0  errno.o(i.__aeabi_errno_addr)
    __hardfp_atof                            0x08005309   Thumb Code    44  atof.o(i.__hardfp_atof)
    __hardfp_cosf                            0x08005341   Thumb Code   280  cosf.o(i.__hardfp_cosf)
    __hardfp_fmodf                           0x08005491   Thumb Code   176  fmodf.o(i.__hardfp_fmodf)
    __hardfp_sinf                            0x08005541   Thumb Code   344  sinf.o(i.__hardfp_sinf)
    __mathlib_flt_infnan                     0x080056d1   Thumb Code     6  funder.o(i.__mathlib_flt_infnan)
    __mathlib_flt_invalid                    0x080056d9   Thumb Code    10  funder.o(i.__mathlib_flt_invalid)
    __mathlib_flt_underflow                  0x080056e9   Thumb Code    10  funder.o(i.__mathlib_flt_underflow)
    __mathlib_rredf2                         0x080056f9   Thumb Code   316  rredf.o(i.__mathlib_rredf2)
    __read_errno                             0x0800584d   Thumb Code     6  errno.o(i.__read_errno)
    __scatterload_copy                       0x08005859   Thumb Code    14  handlers.o(i.__scatterload_copy)
    __scatterload_null                       0x08005867   Thumb Code     2  handlers.o(i.__scatterload_null)
    __scatterload_zeroinit                   0x08005869   Thumb Code    14  handlers.o(i.__scatterload_zeroinit)
    __set_errno                              0x08005879   Thumb Code     6  errno.o(i.__set_errno)
    _electricalAngle                         0x08005885   Thumb Code    14  foc_utils.o(i._electricalAngle)
    _is_digit                                0x08005a19   Thumb Code    14  scanf_fp.o(i._is_digit)
    _normalizeAngle                          0x08005a29   Thumb Code    38  foc_utils.o(i._normalizeAngle)
    angleOpenloop                            0x0800615d   Thumb Code   222  bldcmotor.o(i.angleOpenloop)
    commander_run                            0x08006255   Thumb Code  3508  main.o(i.commander_run)
    delay_ms                                 0x08007099   Thumb Code    24  delay.o(i.delay_ms)
    delay_us                                 0x080070b1   Thumb Code    24  delay.o(i.delay_us)
    electricalAngle                          0x080070c9   Thumb Code    68  focmotor.o(i.electricalAngle)
    fputc                                    0x0800711d   Thumb Code    48  usart.o(i.fputc)
    i2c_bus_recover                          0x08007159   Thumb Code   354  i2c.o(i.i2c_bus_recover)
    i2c_mt6701_1_get_angle                   0x080072e9   Thumb Code   126  i2c.o(i.i2c_mt6701_1_get_angle)
    i2c_mt6701_2_get_angle                   0x08007379   Thumb Code   118  i2c.o(i.i2c_mt6701_2_get_angle)
    i2c_mt6701_3_get_angle                   0x080073fd   Thumb Code   118  i2c.o(i.i2c_mt6701_3_get_angle)
    loopFOC                                  0x080075c5   Thumb Code    30  bldcmotor.o(i.loopFOC)
    main                                     0x080075e9   Thumb Code  1964  main.o(i.main)
    micros                                   0x08007db5   Thumb Code     6  timer.o(i.micros)
    move                                     0x08007dc1   Thumb Code   242  bldcmotor.o(i.move)
    setPhaseVoltage                          0x08007f69   Thumb Code   480  bldcmotor.o(i.setPhaseVoltage)
    set_motor_enable                         0x08008169   Thumb Code   176  main.o(i.set_motor_enable)
    shaftAngle                               0x0800822d   Thumb Code    22  focmotor.o(i.shaftAngle)
    systick_CountMode                        0x0800824d   Thumb Code     2  delay.o(i.systick_CountMode)
    updateSensor                             0x08008251   Thumb Code   412  focmotor.o(i.updateSensor)
    velocityOpenloop                         0x08008421   Thumb Code   154  bldcmotor.o(i.velocityOpenloop)
    AHBPrescTable                            0x080084d0   Data          16  system_stm32f4xx.o(.constdata)
    APBPrescTable                            0x080084e0   Data           8  system_stm32f4xx.o(.constdata)
    __ctype_table                            0x08008508   Data         129  ctype_o.o(.constdata)
    Region$$Table$$Base                      0x08009278   Number         0  anon$$obj.o(Region$$Table)
    Region$$Table$$Limit                     0x08009298   Number         0  anon$$obj.o(Region$$Table)
    m1_enabled                               0x20000000   Data           1  main.o(.data)
    m2_enabled                               0x20000001   Data           1  main.o(.data)
    m3_enabled                               0x20000002   Data           1  main.o(.data)
    telemetry_enabled                        0x20000003   Data           1  main.o(.data)
    imu_online                               0x20000004   Data           1  main.o(.data)
    imu_active_type                          0x20000005   Data           1  main.o(.data)
    hall_online                              0x20000006   Data           3  main.o(.data)
    target                                   0x2000000c   Data           4  main.o(.data)
    target_m1                                0x20000010   Data           4  main.o(.data)
    target_m2                                0x20000014   Data           4  main.o(.data)
    target_m3                                0x20000018   Data           4  main.o(.data)
    tele_counter                             0x2000001c   Data           4  main.o(.data)
    hall_raw                                 0x20000020   Data           6  main.o(.data)
    i2c1_last_hal_res                        0x20000028   Data           1  i2c.o(.data)
    i2c1_last_err                            0x2000002c   Data           4  i2c.o(.data)
    USART_RX_STA                             0x20000030   Data           2  usart.o(.data)
    time1_cntr                               0x20000038   Data           4  stm32f4xx_it.o(.data)
    uwTickFreq                               0x2000003c   Data           1  stm32f4xx_hal.o(.data)
    uwTickPrio                               0x20000040   Data           4  stm32f4xx_hal.o(.data)
    uwTick                                   0x20000044   Data           4  stm32f4xx_hal.o(.data)
    SystemCoreClock                          0x20000048   Data           4  system_stm32f4xx.o(.data)
    controller                               0x2000004c   Data           1  focmotor.o(.data)
    motor_sensor_map                         0x20000050   Data           3  focmotor.o(.data)
    sensor_direction                         0x20000054   Data          12  focmotor.o(.data)
    motor_aligned                            0x20000060   Data           3  focmotor.o(.data)
    voltage_sensor_align                     0x20000064   Data           4  bldcmotor.o(.data)
    voltage_power_supply                     0x20000068   Data           4  bldcmotor.o(.data)
    voltage_limit                            0x2000006c   Data           4  bldcmotor.o(.data)
    pole_pairs                               0x20000070   Data           4  bldcmotor.o(.data)
    velocity_limit                           0x20000074   Data           4  bldcmotor.o(.data)
    __stdout                                 0x20000078   Data           4  stdout.o(.data)
    imu_accel                                0x20000080   Data          12  main.o(.bss)
    imu_gyro                                 0x2000008c   Data          12  main.o(.bss)
    hall_angle_deg                           0x20000098   Data          12  main.o(.bss)
    hi2c1                                    0x200000a4   Data          84  i2c.o(.bss)
    hi2c2                                    0x200000f8   Data          84  i2c.o(.bss)
    hi2c3                                    0x2000014c   Data          84  i2c.o(.bss)
    htim1                                    0x200001a0   Data          72  tim.o(.bss)
    htim3                                    0x200001e8   Data          72  tim.o(.bss)
    htim4                                    0x20000230   Data          72  tim.o(.bss)
    USART_RX_BUF                             0x20000278   Data         256  usart.o(.bss)
    huart2                                   0x20000778   Data          72  usart.o(.bss)
    shaft_angle                              0x200007c0   Data          12  focmotor.o(.bss)
    shaft_velocity                           0x200007cc   Data          12  focmotor.o(.bss)
    zero_electric_angle                      0x200007d8   Data          12  focmotor.o(.bss)
    angle_prev                               0x200007e4   Data          12  focmotor.o(.bss)
    pid_velocity                             0x20000814   Data         108  focmotor.o(.bss)
    lpf_velocity                             0x20000880   Data          36  focmotor.o(.bss)
    electrical_angle                         0x200008a4   Data          12  focmotor.o(.bss)
    shaft_velocity_sp                        0x200008b0   Data          12  focmotor.o(.bss)
    shaft_angle_sp                           0x200008bc   Data          12  focmotor.o(.bss)
    voltage                                  0x200008c8   Data          24  focmotor.o(.bss)
    open_loop_angle                          0x200008e0   Data          12  bldcmotor.o(.bss)
    open_loop_timestamp                      0x200008ec   Data          12  bldcmotor.o(.bss)
    __initial_sp                             0x20000cf8   Data           0  startup_stm32f407xx.o(STACK)



==============================================================================

Memory Map of the image

  Image Entry point : 0x08000189

  Load Region LR_IROM1 (Base: 0x08000000, Size: 0x00009318, Max: 0x00100000, ABSOLUTE)

    Execution Region ER_IROM1 (Exec base: 0x08000000, Load base: 0x08000000, Size: 0x00009298, Max: 0x00100000, ABSOLUTE)

    Exec Addr    Load Addr    Size         Type   Attr      Idx    E Section Name        Object

    0x08000000   0x08000000   0x00000188   Data   RO            3    RESET               startup_stm32f407xx.o
    0x08000188   0x08000188   0x00000000   Code   RO         4107  * .ARM.Collect$$$$00000000  mc_w.l(entry.o)
    0x08000188   0x08000188   0x00000004   Code   RO         4410    .ARM.Collect$$$$00000001  mc_w.l(entry2.o)
    0x0800018c   0x0800018c   0x00000004   Code   RO         4413    .ARM.Collect$$$$00000004  mc_w.l(entry5.o)
    0x08000190   0x08000190   0x00000000   Code   RO         4415    .ARM.Collect$$$$00000008  mc_w.l(entry7b.o)
    0x08000190   0x08000190   0x00000000   Code   RO         4417    .ARM.Collect$$$$0000000A  mc_w.l(entry8b.o)
    0x08000190   0x08000190   0x00000008   Code   RO         4418    .ARM.Collect$$$$0000000B  mc_w.l(entry9a.o)
    0x08000198   0x08000198   0x00000004   Code   RO         4425    .ARM.Collect$$$$0000000E  mc_w.l(entry12b.o)
    0x0800019c   0x0800019c   0x00000000   Code   RO         4420    .ARM.Collect$$$$0000000F  mc_w.l(entry10a.o)
    0x0800019c   0x0800019c   0x00000000   Code   RO         4422    .ARM.Collect$$$$00000011  mc_w.l(entry11a.o)
    0x0800019c   0x0800019c   0x00000004   Code   RO         4411    .ARM.Collect$$$$00002712  mc_w.l(entry2.o)
    0x080001a0   0x080001a0   0x00000024   Code   RO            4    .text               startup_stm32f407xx.o
    0x080001c4   0x080001c4   0x00000062   Code   RO         4110    .text               mc_w.l(uldiv.o)
    0x08000226   0x08000226   0x00000024   Code   RO         4112    .text               mc_w.l(memseta.o)
    0x0800024a   0x0800024a   0x0000001e   Code   RO         4114    .text               mc_w.l(strncmp.o)
    0x08000268   0x08000268   0x00000038   Code   RO         4377    .text               mc_w.l(__0sscanf.o)
    0x080002a0   0x080002a0   0x0000014c   Code   RO         4379    .text               mc_w.l(_scanf_int.o)
    0x080003ec   0x080003ec   0x00000360   Code   RO         4381    .text               mc_w.l(scanf_fp.o)
    0x0800074c   0x0800074c   0x0000001a   Code   RO         4385    .text               mc_w.l(atoi.o)
    0x08000766   0x08000766   0x00000026   Code   RO         4387    .text               mf_w.l(f2d.o)
    0x0800078c   0x0800078c   0x00000038   Code   RO         4389    .text               mf_w.l(d2f.o)
    0x080007c4   0x080007c4   0x0000002c   Code   RO         4427    .text               mc_w.l(uidiv.o)
    0x080007f0   0x080007f0   0x0000001e   Code   RO         4429    .text               mc_w.l(llshl.o)
    0x0800080e   0x0800080e   0x00000020   Code   RO         4431    .text               mc_w.l(llushr.o)
    0x0800082e   0x0800082e   0x0000001c   Code   RO         4440    .text               mc_w.l(_chval.o)
    0x0800084a   0x0800084a   0x00000002   PAD
    0x0800084c   0x0800084c   0x00000028   Code   RO         4442    .text               mc_w.l(scanf_char.o)
    0x08000874   0x08000874   0x00000040   Code   RO         4444    .text               mc_w.l(_sgetc.o)
    0x080008b4   0x080008b4   0x0000009c   Code   RO         4446    .text               mc_w.l(strtod.o)
    0x08000950   0x08000950   0x00000070   Code   RO         4448    .text               mc_w.l(strtol.o)
    0x080009c0   0x080009c0   0x00000000   Code   RO         4450    .text               mc_w.l(iusefp.o)
    0x080009c0   0x080009c0   0x0000006e   Code   RO         4451    .text               mf_w.l(fepilogue.o)
    0x08000a2e   0x08000a2e   0x00000052   Code   RO         4453    .text               mf_w.l(frem.o)
    0x08000a80   0x08000a80   0x0000014e   Code   RO         4455    .text               mf_w.l(dadd.o)
    0x08000bce   0x08000bce   0x000000e4   Code   RO         4457    .text               mf_w.l(dmul.o)
    0x08000cb2   0x08000cb2   0x000000de   Code   RO         4459    .text               mf_w.l(ddiv.o)
    0x08000d90   0x08000d90   0x00000018   Code   RO         4461    .text               mf_w.l(dfltul.o)
    0x08000da8   0x08000da8   0x00000030   Code   RO         4463    .text               mf_w.l(dfixul.o)
    0x08000dd8   0x08000dd8   0x00000030   Code   RO         4465    .text               mf_w.l(cdrcmple.o)
    0x08000e08   0x08000e08   0x00000024   Code   RO         4467    .text               mc_w.l(init.o)
    0x08000e2c   0x08000e2c   0x00000024   Code   RO         4469    .text               mc_w.l(llsshr.o)
    0x08000e50   0x08000e50   0x00000008   Code   RO         4473    .text               mc_w.l(ctype_o.o)
    0x08000e58   0x08000e58   0x00000012   Code   RO         4495    .text               mc_w.l(isspace_o.o)
    0x08000e6a   0x08000e6a   0x00000002   PAD
    0x08000e6c   0x08000e6c   0x00000330   Code   RO         4501    .text               mc_w.l(_scanf.o)
    0x0800119c   0x0800119c   0x0000009e   Code   RO         4503    .text               mc_w.l(_strtoul.o)
    0x0800123a   0x0800123a   0x000000ba   Code   RO         4505    .text               mf_w.l(depilogue.o)
    0x080012f4   0x080012f4   0x00000002   Code   RO          500    i.BusFault_Handler  stm32f4xx_it.o
    0x080012f6   0x080012f6   0x00000002   Code   RO          501    i.DebugMon_Handler  stm32f4xx_it.o
    0x080012f8   0x080012f8   0x00000004   Code   RO           14    i.Error_Handler     main.o
    0x080012fc   0x080012fc   0x00000092   Code   RO         1531    i.HAL_DMA_Abort     stm32f4xx_hal_dma.o
    0x0800138e   0x0800138e   0x00000024   Code   RO         1532    i.HAL_DMA_Abort_IT  stm32f4xx_hal_dma.o
    0x080013b2   0x080013b2   0x00000002   PAD
    0x080013b4   0x080013b4   0x000001f0   Code   RO         1424    i.HAL_GPIO_Init     stm32f4xx_hal_gpio.o
    0x080015a4   0x080015a4   0x0000000a   Code   RO         1426    i.HAL_GPIO_ReadPin  stm32f4xx_hal_gpio.o
    0x080015ae   0x080015ae   0x00000010   Code   RO         1427    i.HAL_GPIO_TogglePin  stm32f4xx_hal_gpio.o
    0x080015be   0x080015be   0x0000000a   Code   RO         1428    i.HAL_GPIO_WritePin  stm32f4xx_hal_gpio.o
    0x080015c8   0x080015c8   0x0000000c   Code   RO         1974    i.HAL_GetTick       stm32f4xx_hal.o
    0x080015d4   0x080015d4   0x00000188   Code   RO          625    i.HAL_I2C_Init      stm32f4xx_hal_i2c.o
    0x0800175c   0x0800175c   0x0000016c   Code   RO          626    i.HAL_I2C_IsDeviceReady  stm32f4xx_hal_i2c.o
    0x080018c8   0x080018c8   0x00000204   Code   RO          643    i.HAL_I2C_Mem_Read  stm32f4xx_hal_i2c.o
    0x08001acc   0x08001acc   0x00000118   Code   RO          283    i.HAL_I2C_MspInit   i2c.o
    0x08001be4   0x08001be4   0x00000010   Code   RO         1980    i.HAL_IncTick       stm32f4xx_hal.o
    0x08001bf4   0x08001bf4   0x00000034   Code   RO         1981    i.HAL_Init          stm32f4xx_hal.o
    0x08001c28   0x08001c28   0x00000040   Code   RO         1982    i.HAL_InitTick      stm32f4xx_hal.o
    0x08001c68   0x08001c68   0x00000030   Code   RO          590    i.HAL_MspInit       stm32f4xx_hal_msp.o
    0x08001c98   0x08001c98   0x0000001a   Code   RO         1816    i.HAL_NVIC_EnableIRQ  stm32f4xx_hal_cortex.o
    0x08001cb2   0x08001cb2   0x00000002   PAD
    0x08001cb4   0x08001cb4   0x00000040   Code   RO         1822    i.HAL_NVIC_SetPriority  stm32f4xx_hal_cortex.o
    0x08001cf4   0x08001cf4   0x00000024   Code   RO         1823    i.HAL_NVIC_SetPriorityGrouping  stm32f4xx_hal_cortex.o
    0x08001d18   0x08001d18   0x00000134   Code   RO         1070    i.HAL_RCC_ClockConfig  stm32f4xx_hal_rcc.o
    0x08001e4c   0x08001e4c   0x0000000c   Code   RO         1075    i.HAL_RCC_GetHCLKFreq  stm32f4xx_hal_rcc.o
    0x08001e58   0x08001e58   0x00000020   Code   RO         1077    i.HAL_RCC_GetPCLK1Freq  stm32f4xx_hal_rcc.o
    0x08001e78   0x08001e78   0x00000020   Code   RO         1078    i.HAL_RCC_GetPCLK2Freq  stm32f4xx_hal_rcc.o
    0x08001e98   0x08001e98   0x00000064   Code   RO         1079    i.HAL_RCC_GetSysClockFreq  stm32f4xx_hal_rcc.o
    0x08001efc   0x08001efc   0x0000036c   Code   RO         1082    i.HAL_RCC_OscConfig  stm32f4xx_hal_rcc.o
    0x08002268   0x08002268   0x00000028   Code   RO         1827    i.HAL_SYSTICK_Config  stm32f4xx_hal_cortex.o
    0x08002290   0x08002290   0x00000054   Code   RO         2928    i.HAL_TIMEx_ConfigBreakDeadTime  stm32f4xx_hal_tim_ex.o
    0x080022e4   0x080022e4   0x00000090   Code   RO         2944    i.HAL_TIMEx_MasterConfigSynchronization  stm32f4xx_hal_tim_ex.o
    0x08002374   0x08002374   0x000000dc   Code   RO          379    i.HAL_TIM_MspPostInit  tim.o
    0x08002450   0x08002450   0x000000cc   Code   RO         2293    i.HAL_TIM_PWM_ConfigChannel  stm32f4xx_hal_tim.o
    0x0800251c   0x0800251c   0x0000005a   Code   RO         2296    i.HAL_TIM_PWM_Init  stm32f4xx_hal_tim.o
    0x08002576   0x08002576   0x00000002   PAD
    0x08002578   0x08002578   0x00000060   Code   RO          381    i.HAL_TIM_PWM_MspInit  tim.o
    0x080025d8   0x080025d8   0x000000c8   Code   RO         2301    i.HAL_TIM_PWM_Start  stm32f4xx_hal_tim.o
    0x080026a0   0x080026a0   0x00000002   Code   RO         3204    i.HAL_UARTEx_RxEventCallback  stm32f4xx_hal_uart.o
    0x080026a2   0x080026a2   0x00000002   Code   RO         3218    i.HAL_UART_ErrorCallback  stm32f4xx_hal_uart.o
    0x080026a4   0x080026a4   0x00000280   Code   RO         3221    i.HAL_UART_IRQHandler  stm32f4xx_hal_uart.o
    0x08002924   0x08002924   0x00000064   Code   RO         3222    i.HAL_UART_Init     stm32f4xx_hal_uart.o
    0x08002988   0x08002988   0x00000078   Code   RO          440    i.HAL_UART_MspInit  usart.o
    0x08002a00   0x08002a00   0x00000002   Code   RO         3228    i.HAL_UART_RxCpltCallback  stm32f4xx_hal_uart.o
    0x08002a02   0x08002a02   0x00000002   Code   RO         3233    i.HAL_UART_TxCpltCallback  stm32f4xx_hal_uart.o
    0x08002a04   0x08002a04   0x00000002   Code   RO          502    i.HardFault_Handler  stm32f4xx_it.o
    0x08002a06   0x08002a06   0x0000002e   Code   RO          668    i.I2C_IsAcknowledgeFailed  stm32f4xx_hal_i2c.o
    0x08002a34   0x08002a34   0x000000fc   Code   RO          678    i.I2C_RequestMemoryRead  stm32f4xx_hal_i2c.o
    0x08002b30   0x08002b30   0x00000090   Code   RO          684    i.I2C_WaitOnFlagUntilTimeout  stm32f4xx_hal_i2c.o
    0x08002bc0   0x08002bc0   0x000000bc   Code   RO          685    i.I2C_WaitOnMasterAddressFlagUntilTimeout  stm32f4xx_hal_i2c.o
    0x08002c7c   0x08002c7c   0x00000070   Code   RO          686    i.I2C_WaitOnRXNEFlagUntilTimeout  stm32f4xx_hal_i2c.o
    0x08002cec   0x08002cec   0x00000056   Code   RO          687    i.I2C_WaitOnTXEFlagUntilTimeout  stm32f4xx_hal_i2c.o
    0x08002d42   0x08002d42   0x00000002   PAD
    0x08002d44   0x08002d44   0x00000090   Code   RO         3593    i.LPF_operator      foc_utils.o
    0x08002dd4   0x08002dd4   0x000000a4   Code   RO         3950    i.LSM6DSR_Get_Data  lsm6dsr.o
    0x08002e78   0x08002e78   0x00000048   Code   RO         3951    i.LSM6DSR_Init      lsm6dsr.o
    0x08002ec0   0x08002ec0   0x00000018   Code   RO         3952    i.LSM6DSR_Read_ID   lsm6dsr.o
    0x08002ed8   0x08002ed8   0x00000038   Code   RO         3953    i.LSM6DSR_Read_Raw  lsm6dsr.o
    0x08002f10   0x08002f10   0x000000a4   Code   RO         3991    i.MPU6050_Get_Data  mpu6050.o
    0x08002fb4   0x08002fb4   0x000000b4   Code   RO         3992    i.MPU6050_Init      mpu6050.o
    0x08003068   0x08003068   0x00000018   Code   RO         3993    i.MPU6050_Read_ID   mpu6050.o
    0x08003080   0x08003080   0x0000004c   Code   RO         3994    i.MPU6050_Read_Raw  mpu6050.o
    0x080030cc   0x080030cc   0x000000f0   Code   RO          252    i.MX_GPIO_Init      gpio.o
    0x080031bc   0x080031bc   0x00000040   Code   RO          284    i.MX_I2C1_Init      i2c.o
    0x080031fc   0x080031fc   0x00000040   Code   RO          285    i.MX_I2C2_Init      i2c.o
    0x0800323c   0x0800323c   0x00000040   Code   RO          286    i.MX_I2C3_Init      i2c.o
    0x0800327c   0x0800327c   0x000000e8   Code   RO          382    i.MX_TIM1_Init      tim.o
    0x08003364   0x08003364   0x00000094   Code   RO          383    i.MX_TIM3_Init      tim.o
    0x080033f8   0x080033f8   0x00000094   Code   RO          384    i.MX_TIM4_Init      tim.o
    0x0800348c   0x0800348c   0x00000040   Code   RO          441    i.MX_USART2_UART_Init  usart.o
    0x080034cc   0x080034cc   0x00000002   Code   RO          503    i.MemManage_Handler  stm32f4xx_it.o
    0x080034ce   0x080034ce   0x00000002   PAD
    0x080034d0   0x080034d0   0x00000a5c   Code   RO           15    i.Motor_Encoder_OpenLoop_SelfTest  main.o
    0x08003f2c   0x08003f2c   0x0000004c   Code   RO          253    i.Motor_GPIO_Safety_Check  gpio.o
    0x08003f78   0x08003f78   0x00000594   Code   RO           16    i.Motor_Measure_PolePairs  main.o
    0x0800450c   0x0800450c   0x000000d0   Code   RO         3725    i.Motor_alignAll    bldcmotor.o
    0x080045dc   0x080045dc   0x000002a8   Code   RO         3726    i.Motor_alignSensor  bldcmotor.o
    0x08004884   0x08004884   0x00000002   Code   RO          504    i.NMI_Handler       stm32f4xx_it.o
    0x08004886   0x08004886   0x00000002   PAD
    0x08004888   0x08004888   0x00000174   Code   RO         3594    i.PID_operator      foc_utils.o
    0x080049fc   0x080049fc   0x00000002   Code   RO          505    i.PendSV_Handler    stm32f4xx_it.o
    0x080049fe   0x080049fe   0x00000002   PAD
    0x08004a00   0x08004a00   0x000000c4   Code   RO         3908    i.SPI2_Init         spi.o
    0x08004ac4   0x08004ac4   0x00000038   Code   RO         3909    i.SPI2_ReadBytes    spi.o
    0x08004afc   0x08004afc   0x00000038   Code   RO         3910    i.SPI2_ReadWriteByte  spi.o
    0x08004b34   0x08004b34   0x00000024   Code   RO         3911    i.SPI2_WriteByte    spi.o
    0x08004b58   0x08004b58   0x00000002   Code   RO          506    i.SVC_Handler       stm32f4xx_it.o
    0x08004b5a   0x08004b5a   0x00000002   PAD
    0x08004b5c   0x08004b5c   0x00000078   Code   RO         3660    i.SimpleFOC_PID_Init  focmotor.o
    0x08004bd4   0x08004bd4   0x00000004   Code   RO          507    i.SysTick_Handler   stm32f4xx_it.o
    0x08004bd8   0x08004bd8   0x00000098   Code   RO           17    i.SystemClock_Config  main.o
    0x08004c70   0x08004c70   0x00000010   Code   RO         3556    i.SystemInit        system_stm32f4xx.o
    0x08004c80   0x08004c80   0x0000004c   Code   RO         3830    i.TIM5_Micros_Init  timer.o
    0x08004ccc   0x08004ccc   0x00000054   Code   RO         3831    i.TIM6_1ms_Init     timer.o
    0x08004d20   0x08004d20   0x00000024   Code   RO          508    i.TIM6_DAC_IRQHandler  stm32f4xx_it.o
    0x08004d44   0x08004d44   0x000000d0   Code   RO         2314    i.TIM_Base_SetConfig  stm32f4xx_hal_tim.o
    0x08004e14   0x08004e14   0x0000001a   Code   RO         2315    i.TIM_CCxChannelCmd  stm32f4xx_hal_tim.o
    0x08004e2e   0x08004e2e   0x00000002   PAD
    0x08004e30   0x08004e30   0x00000060   Code   RO         2327    i.TIM_OC1_SetConfig  stm32f4xx_hal_tim.o
    0x08004e90   0x08004e90   0x0000006c   Code   RO         2328    i.TIM_OC2_SetConfig  stm32f4xx_hal_tim.o
    0x08004efc   0x08004efc   0x00000068   Code   RO         2329    i.TIM_OC3_SetConfig  stm32f4xx_hal_tim.o
    0x08004f64   0x08004f64   0x00000050   Code   RO         2330    i.TIM_OC4_SetConfig  stm32f4xx_hal_tim.o
    0x08004fb4   0x08004fb4   0x0000000e   Code   RO         3235    i.UART_DMAAbortOnError  stm32f4xx_hal_uart.o
    0x08004fc2   0x08004fc2   0x0000004e   Code   RO         3245    i.UART_EndRxTransfer  stm32f4xx_hal_uart.o
    0x08005010   0x08005010   0x000000c2   Code   RO         3247    i.UART_Receive_IT   stm32f4xx_hal_uart.o
    0x080050d2   0x080050d2   0x00000002   PAD
    0x080050d4   0x080050d4   0x0000010c   Code   RO         3248    i.UART_SetConfig    stm32f4xx_hal_uart.o
    0x080051e0   0x080051e0   0x00000014   Code   RO          509    i.USART2_IRQHandler  stm32f4xx_it.o
    0x080051f4   0x080051f4   0x0000009c   Code   RO          442    i.USART2_IRQHandler_User  usart.o
    0x08005290   0x08005290   0x00000002   Code   RO          510    i.UsageFault_Handler  stm32f4xx_it.o
    0x08005292   0x08005292   0x00000002   PAD
    0x08005294   0x08005294   0x00000020   Code   RO         4349    i.__0printf         mc_w.l(printfa.o)
    0x080052b4   0x080052b4   0x00000026   Code   RO         4391    i.__ARM_fpclassifyf  m_wm.l(fpclassifyf.o)
    0x080052da   0x080052da   0x00000020   Code   RO         1829    i.__NVIC_SetPriority  stm32f4xx_hal_cortex.o
    0x080052fa   0x080052fa   0x00000002   PAD
    0x080052fc   0x080052fc   0x00000008   Code   RO         4433    i.__aeabi_errno_addr  mc_w.l(errno.o)
    0x08005304   0x08005304   0x00000004   PAD
    0x08005308   0x08005308   0x00000038   Code   RO         4065    i.__hardfp_atof     m_wm.l(atof.o)
    0x08005340   0x08005340   0x00000150   Code   RO         4071    i.__hardfp_cosf     m_wm.l(cosf.o)
    0x08005490   0x08005490   0x000000b0   Code   RO         4083    i.__hardfp_fmodf    m_wm.l(fmodf.o)
    0x08005540   0x08005540   0x00000190   Code   RO         4095    i.__hardfp_sinf     m_wm.l(sinf.o)
    0x080056d0   0x080056d0   0x00000006   Code   RO         4394    i.__mathlib_flt_infnan  m_wm.l(funder.o)
    0x080056d6   0x080056d6   0x00000002   PAD
    0x080056d8   0x080056d8   0x00000010   Code   RO         4396    i.__mathlib_flt_invalid  m_wm.l(funder.o)
    0x080056e8   0x080056e8   0x00000010   Code   RO         4399    i.__mathlib_flt_underflow  m_wm.l(funder.o)
    0x080056f8   0x080056f8   0x00000154   Code   RO         4407    i.__mathlib_rredf2  m_wm.l(rredf.o)
    0x0800584c   0x0800584c   0x0000000c   Code   RO         4434    i.__read_errno      mc_w.l(errno.o)
    0x08005858   0x08005858   0x0000000e   Code   RO         4512    i.__scatterload_copy  mc_w.l(handlers.o)
    0x08005866   0x08005866   0x00000002   Code   RO         4513    i.__scatterload_null  mc_w.l(handlers.o)
    0x08005868   0x08005868   0x0000000e   Code   RO         4514    i.__scatterload_zeroinit  mc_w.l(handlers.o)
    0x08005876   0x08005876   0x00000002   PAD
    0x08005878   0x08005878   0x0000000c   Code   RO         4435    i.__set_errno       mc_w.l(errno.o)
    0x08005884   0x08005884   0x0000000e   Code   RO         3596    i._electricalAngle  foc_utils.o
    0x08005892   0x08005892   0x00000002   PAD
    0x08005894   0x08005894   0x00000184   Code   RO         4356    i._fp_digits        mc_w.l(printfa.o)
    0x08005a18   0x08005a18   0x0000000e   Code   RO         4383    i._is_digit         mc_w.l(scanf_fp.o)
    0x08005a26   0x08005a26   0x00000002   PAD
    0x08005a28   0x08005a28   0x0000002c   Code   RO         3597    i._normalizeAngle   foc_utils.o
    0x08005a54   0x08005a54   0x000006b4   Code   RO         4357    i._printf_core      mc_w.l(printfa.o)
    0x08006108   0x08006108   0x00000024   Code   RO         4358    i._printf_post_padding  mc_w.l(printfa.o)
    0x0800612c   0x0800612c   0x0000002e   Code   RO         4359    i._printf_pre_padding  mc_w.l(printfa.o)
    0x0800615a   0x0800615a   0x00000002   PAD
    0x0800615c   0x0800615c   0x000000f8   Code   RO         3727    i.angleOpenloop     bldcmotor.o
    0x08006254   0x08006254   0x00000e44   Code   RO           18    i.commander_run     main.o
    0x08007098   0x08007098   0x00000018   Code   RO         3867    i.delay_ms          delay.o
    0x080070b0   0x080070b0   0x00000018   Code   RO         3868    i.delay_us          delay.o
    0x080070c8   0x080070c8   0x00000054   Code   RO         3661    i.electricalAngle   focmotor.o
    0x0800711c   0x0800711c   0x0000003c   Code   RO          443    i.fputc             usart.o
    0x08007158   0x08007158   0x00000180   Code   RO          287    i.i2c_bus_recover   i2c.o
    0x080072d8   0x080072d8   0x00000010   Code   RO         3995    i.i2c_delay         mpu6050.o
    0x080072e8   0x080072e8   0x00000090   Code   RO          288    i.i2c_mt6701_1_get_angle  i2c.o
    0x08007378   0x08007378   0x00000084   Code   RO          289    i.i2c_mt6701_2_get_angle  i2c.o
    0x080073fc   0x080073fc   0x00000084   Code   RO          290    i.i2c_mt6701_3_get_angle  i2c.o
    0x08007480   0x08007480   0x0000007c   Code   RO         3996    i.i2c_read_byte     mpu6050.o
    0x080074fc   0x080074fc   0x00000030   Code   RO         3997    i.i2c_start         mpu6050.o
    0x0800752c   0x0800752c   0x00000024   Code   RO         3998    i.i2c_stop          mpu6050.o
    0x08007550   0x08007550   0x00000074   Code   RO         3999    i.i2c_write_byte    mpu6050.o
    0x080075c4   0x080075c4   0x00000024   Code   RO         3728    i.loopFOC           bldcmotor.o
    0x080075e8   0x080075e8   0x000007cc   Code   RO           19    i.main              main.o
    0x08007db4   0x08007db4   0x0000000c   Code   RO         3832    i.micros            timer.o
    0x08007dc0   0x08007dc0   0x0000011c   Code   RO         3729    i.move              bldcmotor.o
    0x08007edc   0x08007edc   0x0000005a   Code   RO         4000    i.mpu_read_regs     mpu6050.o
    0x08007f36   0x08007f36   0x00000032   Code   RO         4001    i.mpu_write_reg     mpu6050.o
    0x08007f68   0x08007f68   0x00000200   Code   RO         3730    i.setPhaseVoltage   bldcmotor.o
    0x08008168   0x08008168   0x000000c4   Code   RO           20    i.set_motor_enable  main.o
    0x0800822c   0x0800822c   0x00000020   Code   RO         3662    i.shaftAngle        focmotor.o
    0x0800824c   0x0800824c   0x00000002   Code   RO         3869    i.systick_CountMode  delay.o
    0x0800824e   0x0800824e   0x00000002   PAD
    0x08008250   0x08008250   0x000001d0   Code   RO         3664    i.updateSensor      focmotor.o
    0x08008420   0x08008420   0x000000b0   Code   RO         3731    i.velocityOpenloop  bldcmotor.o
    0x080084d0   0x080084d0   0x00000010   Data   RO         3557    .constdata          system_stm32f4xx.o
    0x080084e0   0x080084e0   0x00000008   Data   RO         3558    .constdata          system_stm32f4xx.o
    0x080084e8   0x080084e8   0x00000020   Data   RO         4408    .constdata          m_wm.l(rredf.o)
    0x08008508   0x08008508   0x00000081   Data   RO         4474    .constdata          mc_w.l(ctype_o.o)
    0x08008589   0x08008589   0x00000003   PAD
    0x0800858c   0x0800858c   0x00000004   Data   RO         4475    .constdata          mc_w.l(ctype_o.o)
    0x08008590   0x08008590   0x00000ca1   Data   RO           22    .conststring        main.o
    0x08009231   0x08009231   0x00000003   PAD
    0x08009234   0x08009234   0x00000044   Data   RO         3733    .conststring        bldcmotor.o
    0x08009278   0x08009278   0x00000020   Data   RO         4510    Region$$Table       anon$$obj.o


    Execution Region RW_IRAM1 (Exec base: 0x20000000, Load base: 0x08009298, Size: 0x00000cf8, Max: 0x0001c000, ABSOLUTE)

    Exec Addr    Load Addr    Size         Type   Attr      Idx    E Section Name        Object

    0x20000000   0x08009298   0x00000026   Data   RW           23    .data               main.o
    0x20000026   0x080092be   0x00000002   PAD
    0x20000028   0x080092c0   0x00000008   Data   RW          295    .data               i2c.o
    0x20000030   0x080092c8   0x00000006   Data   RW          446    .data               usart.o
    0x20000036   0x080092ce   0x00000002   PAD
    0x20000038   0x080092d0   0x00000004   Data   RW          511    .data               stm32f4xx_it.o
    0x2000003c   0x080092d4   0x0000000c   Data   RW         1988    .data               stm32f4xx_hal.o
    0x20000048   0x080092e0   0x00000004   Data   RW         3559    .data               system_stm32f4xx.o
    0x2000004c   0x080092e4   0x00000001   Data   RW         3673    .data               focmotor.o
    0x2000004d   0x080092e5   0x00000003   PAD
    0x20000050   0x080092e8   0x00000010   Data   RW         3674    .data               focmotor.o
    0x20000060   0x080092f8   0x00000003   Data   RW         3675    .data               focmotor.o
    0x20000063   0x080092fb   0x00000001   PAD
    0x20000064   0x080092fc   0x00000014   Data   RW         3734    .data               bldcmotor.o
    0x20000078   0x08009310   0x00000004   Data   RW         4426    .data               mc_w.l(stdout.o)
    0x2000007c   0x08009314   0x00000004   Data   RW         4436    .data               mc_w.l(errno.o)
    0x20000080        -       0x00000024   Zero   RW           21    .bss                main.o
    0x200000a4        -       0x000000fc   Zero   RW          294    .bss                i2c.o
    0x200001a0        -       0x000000d8   Zero   RW          385    .bss                tim.o
    0x20000278        -       0x00000548   Zero   RW          445    .bss                usart.o
    0x200007c0        -       0x000000e4   Zero   RW         3665    .bss                focmotor.o
    0x200008a4        -       0x0000000c   Zero   RW         3666    .bss                focmotor.o
    0x200008b0        -       0x0000000c   Zero   RW         3667    .bss                focmotor.o
    0x200008bc        -       0x0000000c   Zero   RW         3668    .bss                focmotor.o
    0x200008c8        -       0x00000018   Zero   RW         3670    .bss                focmotor.o
    0x200008e0        -       0x00000018   Zero   RW         3732    .bss                bldcmotor.o
    0x200008f8        -       0x00000400   Zero   RW            1    STACK               startup_stm32f407xx.o


    Execution Region RW_IRAM2 (Exec base: 0x2001c000, Load base: 0x08009318, Size: 0x00000000, Max: 0x00004000, ABSOLUTE)

    **** No section assigned to this execution region ****


==============================================================================

Image component sizes


      Code (inc. data)   RO Data    RW Data    ZI Data      Debug   Object Name

      2144        366         68         20         24       8235   bldcmotor.o
        50          0          0          0          0       1646   delay.o
       574         38          0          0          0       3835   foc_utils.o
       700         98          0         20        288       5413   focmotor.o
       316         20          0          0          0       1813   gpio.o
      1264        150          0          8        252       7232   i2c.o
       316         10          0          0          0       2945   lsm6dsr.o
     10080       3110       3233         38         36     715148   main.o
       924         44          0          0          0       7995   mpu6050.o
       344         30          0          0          0       3039   spi.o
        36          8        392          0       1024        864   startup_stm32f407xx.o
       144         24          0         12          0       8969   stm32f4xx_hal.o
       198         14          0          0          0      34003   stm32f4xx_hal_cortex.o
       182          0          0          0          0       2183   stm32f4xx_hal_dma.o
       532         46          0          0          0       3636   stm32f4xx_hal_gpio.o
      2100         46          0          0          0      11818   stm32f4xx_hal_i2c.o
        48          6          0          0          0        914   stm32f4xx_hal_msp.o
      1360         82          0          0          0       5936   stm32f4xx_hal_rcc.o
      1116        108          0          0          0       8710   stm32f4xx_hal_tim.o
       228         28          0          0          0       2280   stm32f4xx_hal_tim_ex.o
      1302         14          0          0          0       8672   stm32f4xx_hal_uart.o
        76         12          0          4          0       5729   stm32f4xx_it.o
        16          4         24          4          0       1211   system_stm32f4xx.o
       844         80          0          0        216       4265   tim.o
       172         24          0          0          0       1920   timer.o
       400         56          0          6       1352       3625   usart.o

    ----------------------------------------------------------------------
     25494       4418       3752        120       3192     862036   Object Totals
         0          0         32          0          0          0   (incl. Generated)
        28          0          3          8          0          0   (incl. Padding)

    ----------------------------------------------------------------------

      Code (inc. data)   RO Data    RW Data    ZI Data      Debug   Library Member Name

        56         12          0          0          0        132   atof.o
       336         56          0          0          0        136   cosf.o
       176          0          0          0          0        168   fmodf.o
        38          0          0          0          0        116   fpclassifyf.o
        38         12          0          0          0        348   funder.o
       340         24         32          0          0        160   rredf.o
       400         56          0          0          0        212   sinf.o
        56          8          0          0          0         84   __0sscanf.o
        28          0          0          0          0         68   _chval.o
       816          6          0          0          0        112   _scanf.o
       332          0          0          0          0         96   _scanf_int.o
        64          0          0          0          0         84   _sgetc.o
       158          0          0          0          0         92   _strtoul.o
        26          0          0          0          0         80   atoi.o
         8          4        133          0          0         68   ctype_o.o
         0          0          0          0          0          0   entry.o
         0          0          0          0          0          0   entry10a.o
         0          0          0          0          0          0   entry11a.o
         4          0          0          0          0          0   entry12b.o
         8          4          0          0          0          0   entry2.o
         4          0          0          0          0          0   entry5.o
         0          0          0          0          0          0   entry7b.o
         0          0          0          0          0          0   entry8b.o
         8          4          0          0          0          0   entry9a.o
        32         16          0          4          0        204   errno.o
        30          0          0          0          0          0   handlers.o
        36          8          0          0          0         68   init.o
        18          0          0          0          0         76   isspace_o.o
         0          0          0          0          0          0   iusefp.o
        30          0          0          0          0         68   llshl.o
        36          0          0          0          0         68   llsshr.o
        32          0          0          0          0         68   llushr.o
        36          0          0          0          0        108   memseta.o
      2218         90          0          0          0        464   printfa.o
        40          8          0          0          0         84   scanf_char.o
       878         12          0          0          0        216   scanf_fp.o
         0          0          0          4          0          0   stdout.o
        30          0          0          0          0         80   strncmp.o
       156         12          0          0          0        120   strtod.o
       112          0          0          0          0         88   strtol.o
        44          0          0          0          0         80   uidiv.o
        98          0          0          0          0         92   uldiv.o
        48          0          0          0          0         68   cdrcmple.o
        56          0          0          0          0         88   d2f.o
       334          0          0          0          0        148   dadd.o
       222          0          0          0          0        100   ddiv.o
       186          0          0          0          0        176   depilogue.o
        48          0          0          0          0         68   dfixul.o
        24          0          0          0          0         76   dfltul.o
       228          0          0          0          0         96   dmul.o
        38          0          0          0          0         68   f2d.o
       110          0          0          0          0        168   fepilogue.o
        82          0          0          0          0         96   frem.o

    ----------------------------------------------------------------------
      8114        336        168          8          0       4992   Library Totals
        16          4          3          0          0          0   (incl. Padding)

    ----------------------------------------------------------------------

      Code (inc. data)   RO Data    RW Data    ZI Data      Debug   Library Name

      1384        160         32          0          0       1272   m_wm.l
      5338        172        133          8          0       2568   mc_w.l
      1376          0          0          0          0       1152   mf_w.l

    ----------------------------------------------------------------------
      8114        336        168          8          0       4992   Library Totals

    ----------------------------------------------------------------------

==============================================================================


      Code (inc. data)   RO Data    RW Data    ZI Data      Debug   

     33608       4754       3920        128       3192     852508   Grand Totals
     33608       4754       3920        128       3192     852508   ELF Image Totals
     33608       4754       3920        128          0          0   ROM Totals

==============================================================================

    Total RO  Size (Code + RO Data)                37528 (  36.65kB)
    Total RW  Size (RW Data + ZI Data)              3320 (   3.24kB)
    Total ROM Size (Code + RO Data + RW Data)      37656 (  36.77kB)

==============================================================================

